
Error: Format #3 has a duplicate ID: 'torneosdedsafiopokmon'
    at DexFormats.load (C:\Users\PcMai\OneDrive\Desktop\Showdown\dist\sim\dex-formats.js:423:15)
    at ModdedDex.includeFormats (C:\Users\PcMai\OneDrive\Desktop\Showdown\dist\sim\dex.js:530:18)
    at ModdedDex.loadData (C:\Users\PcMai\OneDrive\Desktop\Showdown\dist\sim\dex.js:490:12)
    at ModdedDex.includeData (C:\Users\PcMai\OneDrive\Desktop\Showdown\dist\sim\dex.js:456:10)
    at Object.<anonymous> (C:\Users\PcMai\OneDrive\Desktop\Showdown\dist\server\team-validator-async.js:96:42)
    at Module._compile (node:internal/modules/cjs/loader:1554:14)
    at Object..js (node:internal/modules/cjs/loader:1706:10)
    at Module.load (node:internal/modules/cjs/loader:1289:32)
    at Function._load (node:internal/modules/cjs/loader:1108:12)
    at TracingChannel.traceSync (node:diagnostics_channel:322:14)

Error: Format #3 has a duplicate ID: 'torneosdedsafiopokmon'
    at DexFormats.load (C:\Users\PcMai\OneDrive\Desktop\Showdown\sim\dex-formats.ts:605:41)
    at DexFormats.all (C:\Users\PcMai\OneDrive\Desktop\Showdown\sim\dex-formats.ts:693:8)
    at GlobalRoomState.get formatListText [as formatListText] (C:\Users\PcMai\OneDrive\Desktop\Showdown\server\rooms.ts:1464:36)
    at GlobalRoomState.handleConnect (C:\Users\PcMai\OneDrive\Desktop\Showdown\server\rooms.ts:1735:80)
    at Object.socketConnect (C:\Users\PcMai\OneDrive\Desktop\Showdown\server\users.ts:1665:15)
    at Object.onSpawn (C:\Users\PcMai\OneDrive\Desktop\Showdown\server\sockets.ts:34:11)
    at processTicksAndRejections (node:internal/process/task_queues:105:5)

Error: Unrecognized rule "timerstarting: 600"
    at DexFormats.validateRule (C:\Users\PcMai\OneDrive\Desktop\Showdown\sim\dex-formats.ts:937:11)
    at DexFormats.getRuleTable (C:\Users\PcMai\OneDrive\Desktop\Showdown\sim\dex-formats.ts:738:26)
    at DexFormats.getRuleTable (C:\Users\PcMai\OneDrive\Desktop\Showdown\sim\dex-formats.ts:705:24)
    at GlobalRoomState.get formatListText [as formatListText] (C:\Users\PcMai\OneDrive\Desktop\Showdown\server\rooms.ts:1480:34)
    at GlobalRoomState.handleConnect (C:\Users\PcMai\OneDrive\Desktop\Showdown\server\rooms.ts:1735:80)
    at Object.socketConnect (C:\Users\PcMai\OneDrive\Desktop\Showdown\server\users.ts:1665:15)
    at Object.onSpawn (C:\Users\PcMai\OneDrive\Desktop\Showdown\server\sockets.ts:34:11)
    at processTicksAndRejections (node:internal/process/task_queues:105:5)

Error: Unrecognized rule "timeoutAutoLose"
    at DexFormats.validateRule (C:\Users\PcMai\OneDrive\Desktop\Showdown\sim\dex-formats.ts:937:11)
    at DexFormats.getRuleTable (C:\Users\PcMai\OneDrive\Desktop\Showdown\sim\dex-formats.ts:738:26)
    at DexFormats.getRuleTable (C:\Users\PcMai\OneDrive\Desktop\Showdown\sim\dex-formats.ts:705:24)
    at GlobalRoomState.get formatListText [as formatListText] (C:\Users\PcMai\OneDrive\Desktop\Showdown\server\rooms.ts:1480:34)
    at GlobalRoomState.handleConnect (C:\Users\PcMai\OneDrive\Desktop\Showdown\server\rooms.ts:1735:80)
    at Object.socketConnect (C:\Users\PcMai\OneDrive\Desktop\Showdown\server\users.ts:1665:15)
    at Object.onSpawn (C:\Users\PcMai\OneDrive\Desktop\Showdown\server\sockets.ts:34:11)
    at processTicksAndRejections (node:internal/process/task_queues:105:5)

Error: Rule "itemclause" should have a value (like "itemclause = something")
    at DexFormats.getRuleTable (C:\Users\PcMai\OneDrive\Desktop\Showdown\sim\dex-formats.ts:779:36)
    at DexFormats.getRuleTable (C:\Users\PcMai\OneDrive\Desktop\Showdown\sim\dex-formats.ts:705:24)
    at GlobalRoomState.get formatListText [as formatListText] (C:\Users\PcMai\OneDrive\Desktop\Showdown\server\rooms.ts:1480:34)
    at GlobalRoomState.handleConnect (C:\Users\PcMai\OneDrive\Desktop\Showdown\server\rooms.ts:1735:80)
    at Object.socketConnect (C:\Users\PcMai\OneDrive\Desktop\Showdown\server\users.ts:1665:15)
    at Object.onSpawn (C:\Users\PcMai\OneDrive\Desktop\Showdown\server\sockets.ts:34:11)
    at processTicksAndRejections (node:internal/process/task_queues:105:5)

Error: Unrecognized rule "datapreview"
    at DexFormats.validateRule (C:\Users\PcMai\OneDrive\Desktop\Showdown\sim\dex-formats.ts:937:11)
    at DexFormats.getRuleTable (C:\Users\PcMai\OneDrive\Desktop\Showdown\sim\dex-formats.ts:738:26)
    at DexFormats.getRuleTable (C:\Users\PcMai\OneDrive\Desktop\Showdown\sim\dex-formats.ts:705:24)
    at GlobalRoomState.get formatListText [as formatListText] (C:\Users\PcMai\OneDrive\Desktop\Showdown\server\rooms.ts:1480:34)
    at GlobalRoomState.handleConnect (C:\Users\PcMai\OneDrive\Desktop\Showdown\server\rooms.ts:1735:80)
    at Object.socketConnect (C:\Users\PcMai\OneDrive\Desktop\Showdown\server\users.ts:1665:15)
    at Object.onSpawn (C:\Users\PcMai\OneDrive\Desktop\Showdown\server\sockets.ts:34:11)
    at processTicksAndRejections (node:internal/process/task_queues:105:5)

Error: Request timeout
    at ClientRequest.<anonymous> (C:\Users\PcMai\OneDrive\Desktop\Showdown\lib\net.ts:123:20)
    at Object.onceWrapper (node:events:632:28)
    at ClientRequest.emit (node:events:518:28)
    at ClientRequest.emit (node:domain:489:12)
    at TLSSocket.emitRequestTimeout (node:_http_client:863:9)
    at Object.onceWrapper (node:events:632:28)
    at TLSSocket.emit (node:events:530:35)
    at TLSSocket.emit (node:domain:489:12)
    at TLSSocket.Socket._onTimeout (node:net:609:8)
    at listOnTimeout (node:internal/timers:594:17)

Error: Request timeout
    at ClientRequest.<anonymous> (C:\Users\PcMai\OneDrive\Desktop\Showdown\lib\net.ts:123:20)
    at Object.onceWrapper (node:events:632:28)
    at ClientRequest.emit (node:events:518:28)
    at ClientRequest.emit (node:domain:489:12)
    at TLSSocket.emitRequestTimeout (node:_http_client:863:9)
    at Object.onceWrapper (node:events:632:28)
    at TLSSocket.emit (node:events:530:35)
    at TLSSocket.emit (node:domain:489:12)
    at TLSSocket.Socket._onTimeout (node:net:609:8)
    at listOnTimeout (node:internal/timers:594:17)

Error: IPC channel is already disconnected
    at ChildProcess.target.disconnect (node:internal/child_process:903:26)
    at QueryProcessWrapper.destroy (C:\Users\PcMai\OneDrive\Desktop\Showdown\lib\process-manager.ts:205:16)
    at QueryProcessWrapper.release (C:\Users\PcMai\OneDrive\Desktop\Showdown\lib\process-manager.ts:191:9)
    at QueryProcessManager.releaseCrashed (C:\Users\PcMai\OneDrive\Desktop\Showdown\lib\process-manager.ts:455:16)
    at ChildProcess.<anonymous> (C:\Users\PcMai\OneDrive\Desktop\Showdown\lib\process-manager.ts:512:47)
    at ChildProcess.emit (node:events:518:28)
    at ChildProcess.emit (node:domain:489:12)
    at finish (node:internal/child_process:933:14)
    at processTicksAndRejections (node:internal/process/task_queues:85:11)

Error: IPC channel is already disconnected
    at ChildProcess.target.disconnect (node:internal/child_process:903:26)
    at QueryProcessWrapper.destroy (C:\Users\PcMai\OneDrive\Desktop\Showdown\lib\process-manager.ts:205:16)
    at QueryProcessWrapper.release (C:\Users\PcMai\OneDrive\Desktop\Showdown\lib\process-manager.ts:191:9)
    at QueryProcessManager.releaseCrashed (C:\Users\PcMai\OneDrive\Desktop\Showdown\lib\process-manager.ts:455:16)
    at ChildProcess.<anonymous> (C:\Users\PcMai\OneDrive\Desktop\Showdown\lib\process-manager.ts:512:47)
    at ChildProcess.emit (node:events:518:28)
    at ChildProcess.emit (node:domain:489:12)
    at finish (node:internal/child_process:933:14)
    at processTicksAndRejections (node:internal/process/task_queues:85:11)

Error: IPC channel is already disconnected
    at ChildProcess.target.disconnect (node:internal/child_process:903:26)
    at QueryProcessWrapper.destroy (C:\Users\PcMai\OneDrive\Desktop\Showdown\lib\process-manager.ts:205:16)
    at QueryProcessWrapper.release (C:\Users\PcMai\OneDrive\Desktop\Showdown\lib\process-manager.ts:191:9)
    at QueryProcessManager.releaseCrashed (C:\Users\PcMai\OneDrive\Desktop\Showdown\lib\process-manager.ts:455:16)
    at ChildProcess.<anonymous> (C:\Users\PcMai\OneDrive\Desktop\Showdown\lib\process-manager.ts:512:47)
    at ChildProcess.emit (node:events:518:28)
    at ChildProcess.emit (node:domain:489:12)
    at finish (node:internal/child_process:933:14)
    at processTicksAndRejections (node:internal/process/task_queues:85:11)

Error: Process room-battle.js 23756 crashed and had to be restarted
    at StreamProcessManager.releaseCrashed (C:\Users\PcMai\OneDrive\Desktop\Showdown\lib\process-manager.ts:471:4)
    at ChildProcess.<anonymous> (C:\Users\PcMai\OneDrive\Desktop\Showdown\lib\process-manager.ts:512:47)
    at ChildProcess.emit (node:events:518:28)
    at ChildProcess.emit (node:domain:489:12)
    at finish (node:internal/child_process:933:14)
    at processTicksAndRejections (node:internal/process/task_queues:85:11)

Error: IPC channel is already disconnected
    at ChildProcess.target.disconnect (node:internal/child_process:903:26)
    at QueryProcessWrapper.destroy (C:\Users\PcMai\OneDrive\Desktop\Showdown\lib\process-manager.ts:205:16)
    at QueryProcessWrapper.release (C:\Users\PcMai\OneDrive\Desktop\Showdown\lib\process-manager.ts:191:9)
    at SQLDatabaseManager.releaseCrashed (C:\Users\PcMai\OneDrive\Desktop\Showdown\lib\process-manager.ts:455:16)
    at ChildProcess.<anonymous> (C:\Users\PcMai\OneDrive\Desktop\Showdown\lib\process-manager.ts:512:47)
    at ChildProcess.emit (node:events:518:28)
    at ChildProcess.emit (node:domain:489:12)
    at finish (node:internal/child_process:933:14)
    at processTicksAndRejections (node:internal/process/task_queues:85:11)

SyntaxError: Unexpected token '<', "<br />
<b>"... is not valid JSON
    at JSON.parse (<anonymous>)
    at getLadderTop (C:\Users\PcMai\OneDrive\Desktop\Showdown\server\chat-plugins\seasons.ts:148:22)
    at processTicksAndRejections (node:internal/process/task_queues:105:5)
    at updateBadgeholders (C:\Users\PcMai\OneDrive\Desktop\Showdown\server\chat-plugins\seasons.ts:164:20)

SyntaxError: Unexpected token '<', "<br />
<b>"... is not valid JSON
    at JSON.parse (<anonymous>)
    at getLadderTop (C:\Users\PcMai\OneDrive\Desktop\Showdown\server\chat-plugins\seasons.ts:148:22)
    at processTicksAndRejections (node:internal/process/task_queues:105:5)
    at updateBadgeholders (C:\Users\PcMai\OneDrive\Desktop\Showdown\server\chat-plugins\seasons.ts:164:20)

SyntaxError: Unexpected token '<', "<br />
<b>"... is not valid JSON
    at JSON.parse (<anonymous>)
    at getLadderTop (C:\Users\PcMai\OneDrive\Desktop\Showdown\server\chat-plugins\seasons.ts:148:22)
    at processTicksAndRejections (node:internal/process/task_queues:105:5)
    at updateBadgeholders (C:\Users\PcMai\OneDrive\Desktop\Showdown\server\chat-plugins\seasons.ts:164:20)

SyntaxError: Unexpected token '<', "<br />
<b>"... is not valid JSON
    at JSON.parse (<anonymous>)
    at getLadderTop (C:\Users\PcMai\OneDrive\Desktop\Showdown\server\chat-plugins\seasons.ts:148:22)
    at processTicksAndRejections (node:internal/process/task_queues:105:5)
    at updateBadgeholders (C:\Users\PcMai\OneDrive\Desktop\Showdown\server\chat-plugins\seasons.ts:164:20)

Error: IPC channel is already disconnected
    at ChildProcess.target.disconnect (node:internal/child_process:903:26)
    at QueryProcessWrapper.destroy (C:\Users\PcMai\OneDrive\Desktop\Showdown\lib\process-manager.ts:205:16)
    at QueryProcessWrapper.release (C:\Users\PcMai\OneDrive\Desktop\Showdown\lib\process-manager.ts:191:9)
    at QueryProcessManager.releaseCrashed (C:\Users\PcMai\OneDrive\Desktop\Showdown\lib\process-manager.ts:455:16)
    at ChildProcess.<anonymous> (C:\Users\PcMai\OneDrive\Desktop\Showdown\lib\process-manager.ts:512:47)
    at ChildProcess.emit (node:events:518:28)
    at ChildProcess.emit (node:domain:489:12)
    at finish (node:internal/child_process:933:14)
    at processTicksAndRejections (node:internal/process/task_queues:85:11)

Error: IPC channel is already disconnected
    at ChildProcess.target.disconnect (node:internal/child_process:903:26)
    at QueryProcessWrapper.destroy (C:\Users\PcMai\OneDrive\Desktop\Showdown\lib\process-manager.ts:205:16)
    at QueryProcessWrapper.release (C:\Users\PcMai\OneDrive\Desktop\Showdown\lib\process-manager.ts:191:9)
    at QueryProcessManager.releaseCrashed (C:\Users\PcMai\OneDrive\Desktop\Showdown\lib\process-manager.ts:455:16)
    at ChildProcess.<anonymous> (C:\Users\PcMai\OneDrive\Desktop\Showdown\lib\process-manager.ts:512:47)
    at ChildProcess.emit (node:events:518:28)
    at ChildProcess.emit (node:domain:489:12)
    at finish (node:internal/child_process:933:14)
    at processTicksAndRejections (node:internal/process/task_queues:85:11)

Error: IPC channel is already disconnected
    at ChildProcess.target.disconnect (node:internal/child_process:903:26)
    at QueryProcessWrapper.destroy (C:\Users\PcMai\OneDrive\Desktop\Showdown\lib\process-manager.ts:205:16)
    at QueryProcessWrapper.release (C:\Users\PcMai\OneDrive\Desktop\Showdown\lib\process-manager.ts:191:9)
    at QueryProcessManager.releaseCrashed (C:\Users\PcMai\OneDrive\Desktop\Showdown\lib\process-manager.ts:455:16)
    at ChildProcess.<anonymous> (C:\Users\PcMai\OneDrive\Desktop\Showdown\lib\process-manager.ts:512:47)
    at ChildProcess.emit (node:events:518:28)
    at ChildProcess.emit (node:domain:489:12)
    at finish (node:internal/child_process:933:14)
    at processTicksAndRejections (node:internal/process/task_queues:85:11)

Error: IPC channel is already disconnected
    at ChildProcess.target.disconnect (node:internal/child_process:903:26)
    at StreamProcessWrapper.destroy (C:\Users\PcMai\OneDrive\Desktop\Showdown\lib\process-manager.ts:321:16)
    at StreamProcessWrapper.release (C:\Users\PcMai\OneDrive\Desktop\Showdown\lib\process-manager.ts:307:14)
    at StreamProcessManager.releaseCrashed (C:\Users\PcMai\OneDrive\Desktop\Showdown\lib\process-manager.ts:455:16)
    at ChildProcess.<anonymous> (C:\Users\PcMai\OneDrive\Desktop\Showdown\lib\process-manager.ts:512:47)
    at ChildProcess.emit (node:events:518:28)
    at ChildProcess.emit (node:domain:489:12)
    at finish (node:internal/child_process:933:14)
    at processTicksAndRejections (node:internal/process/task_queues:85:11)

Error: Process sockets.js 29540 crashed and had to be restarted
    at RawProcessManager.releaseCrashed (C:\Users\PcMai\OneDrive\Desktop\Showdown\lib\process-manager.ts:471:4)
    at Worker.<anonymous> (C:\Users\PcMai\OneDrive\Desktop\Showdown\lib\process-manager.ts:512:47)
    at Worker.emit (node:events:518:28)
    at Worker.emit (node:domain:489:12)
    at ChildProcess.<anonymous> (node:internal/cluster/primary:209:12)
    at Object.onceWrapper (node:events:632:28)
    at ChildProcess.emit (node:events:518:28)
    at ChildProcess.emit (node:domain:489:12)
    at finish (node:internal/child_process:933:14)
    at processTicksAndRejections (node:internal/process/task_queues:85:11)

RangeError: Maximum call stack size exceeded
    at ModdedDex.loadData (C:\Users\PcMai\OneDrive\Desktop\Showdown\dist\sim\dex.js:471:11)
    at get data (C:\Users\PcMai\OneDrive\Desktop\Showdown\dist\sim\dex.js:142:17)
    at DexAbilities.getByID (C:\Users\PcMai\OneDrive\Desktop\Showdown\dist\sim\dex-abilities.js:74:18)
    at DexAbilities.get (C:\Users\PcMai\OneDrive\Desktop\Showdown\dist\sim\dex-abilities.js:66:17)
    at DexAbilities.getByID (C:\Users\PcMai\OneDrive\Desktop\Showdown\dist\sim\dex-abilities.js:75:22)
    at DexAbilities.get (C:\Users\PcMai\OneDrive\Desktop\Showdown\dist\sim\dex-abilities.js:66:17)
    at DexAbilities.getByID (C:\Users\PcMai\OneDrive\Desktop\Showdown\dist\sim\dex-abilities.js:75:22)
    at DexAbilities.get (C:\Users\PcMai\OneDrive\Desktop\Showdown\dist\sim\dex-abilities.js:66:17)
    at DexAbilities.getByID (C:\Users\PcMai\OneDrive\Desktop\Showdown\dist\sim\dex-abilities.js:75:22)
    at DexAbilities.get (C:\Users\PcMai\OneDrive\Desktop\Showdown\dist\sim\dex-abilities.js:66:17)

RangeError: Maximum call stack size exceeded
    at ModdedDex.loadData (C:\Users\PcMai\OneDrive\Desktop\Showdown\dist\sim\dex.js:471:11)
    at get data (C:\Users\PcMai\OneDrive\Desktop\Showdown\dist\sim\dex.js:142:17)
    at DexAbilities.getByID (C:\Users\PcMai\OneDrive\Desktop\Showdown\dist\sim\dex-abilities.js:74:18)
    at DexAbilities.get (C:\Users\PcMai\OneDrive\Desktop\Showdown\dist\sim\dex-abilities.js:66:17)
    at DexAbilities.getByID (C:\Users\PcMai\OneDrive\Desktop\Showdown\dist\sim\dex-abilities.js:75:22)
    at DexAbilities.get (C:\Users\PcMai\OneDrive\Desktop\Showdown\dist\sim\dex-abilities.js:66:17)
    at DexAbilities.getByID (C:\Users\PcMai\OneDrive\Desktop\Showdown\dist\sim\dex-abilities.js:75:22)
    at DexAbilities.get (C:\Users\PcMai\OneDrive\Desktop\Showdown\dist\sim\dex-abilities.js:66:17)
    at DexAbilities.getByID (C:\Users\PcMai\OneDrive\Desktop\Showdown\dist\sim\dex-abilities.js:75:22)
    at DexAbilities.get (C:\Users\PcMai\OneDrive\Desktop\Showdown\dist\sim\dex-abilities.js:66:17)

Error: A query originating in team-validator-async.js took too long to complete; the process has been respawned.
{"formatid":"torneosdedsafiopokmon","options":{"removeNicknames":false,"user":"maikikii"},"team":"Ferrothorn||rockyhelmet|flashfire|spore,protect,hornleech,followme|Quirky|84,84,84,84,84,84|M|||54|]Sr. Puerró|magmar|eviolite|rocaslida|slackoff,fierydance,fakeout,featherdance|Docile|84,84,84,84,84,84|M|||54|]Slowking||leftovers|filter|detect,muddywater,nuzzle,healpulse|Quirky|84,84,84,84,84,84|F|||54|]Salamence-Mega||salamencite|calco|pjaroosado,detect,landswrath,dragondance|Adamant|84,84,84,84,84,84|F|||54|]Gengar||choicespecs|stormdrain|darkpulse,psystrike,mudbomb,bubblebeam|Modest|84,84,84,84,84,84|F|||54|]Conkeldurr||assaultvest|toughclaws|woodhammer,metalclaw,payback,drainpunch|Bashful|84,84,84,84,84,84|M|||54|"}
    at Timeout._onTimeout (C:\Users\PcMai\OneDrive\Desktop\Showdown\lib\process-manager.ts:558:10)
    at listOnTimeout (node:internal/timers:594:17)
    at processTimers (node:internal/timers:529:7)

Error: Process team-validator-async.js 13912 crashed and had to be restarted
    at QueryProcessManager.releaseCrashed (C:\Users\PcMai\OneDrive\Desktop\Showdown\lib\process-manager.ts:471:4)
    at ChildProcess.<anonymous> (C:\Users\PcMai\OneDrive\Desktop\Showdown\lib\process-manager.ts:512:47)
    at ChildProcess.emit (node:events:518:28)
    at ChildProcess.emit (node:domain:489:12)
    at finish (node:internal/child_process:933:14)
    at processTicksAndRejections (node:internal/process/task_queues:85:11)

RangeError: Maximum call stack size exceeded
    at ModdedDex.loadData (C:\Users\PcMai\OneDrive\Desktop\Showdown\dist\sim\dex.js:471:11)
    at get data (C:\Users\PcMai\OneDrive\Desktop\Showdown\dist\sim\dex.js:142:17)
    at DexAbilities.getByID (C:\Users\PcMai\OneDrive\Desktop\Showdown\dist\sim\dex-abilities.js:74:18)
    at DexAbilities.get (C:\Users\PcMai\OneDrive\Desktop\Showdown\dist\sim\dex-abilities.js:66:17)
    at DexAbilities.getByID (C:\Users\PcMai\OneDrive\Desktop\Showdown\dist\sim\dex-abilities.js:75:22)
    at DexAbilities.get (C:\Users\PcMai\OneDrive\Desktop\Showdown\dist\sim\dex-abilities.js:66:17)
    at DexAbilities.getByID (C:\Users\PcMai\OneDrive\Desktop\Showdown\dist\sim\dex-abilities.js:75:22)
    at DexAbilities.get (C:\Users\PcMai\OneDrive\Desktop\Showdown\dist\sim\dex-abilities.js:66:17)
    at DexAbilities.getByID (C:\Users\PcMai\OneDrive\Desktop\Showdown\dist\sim\dex-abilities.js:75:22)
    at DexAbilities.get (C:\Users\PcMai\OneDrive\Desktop\Showdown\dist\sim\dex-abilities.js:66:17)

RangeError: Maximum call stack size exceeded
    at ModdedDex.loadData (C:\Users\PcMai\OneDrive\Desktop\Showdown\dist\sim\dex.js:471:11)
    at get data (C:\Users\PcMai\OneDrive\Desktop\Showdown\dist\sim\dex.js:142:17)
    at DexAbilities.getByID (C:\Users\PcMai\OneDrive\Desktop\Showdown\dist\sim\dex-abilities.js:74:18)
    at DexAbilities.get (C:\Users\PcMai\OneDrive\Desktop\Showdown\dist\sim\dex-abilities.js:66:17)
    at DexAbilities.getByID (C:\Users\PcMai\OneDrive\Desktop\Showdown\dist\sim\dex-abilities.js:75:22)
    at DexAbilities.get (C:\Users\PcMai\OneDrive\Desktop\Showdown\dist\sim\dex-abilities.js:66:17)
    at DexAbilities.getByID (C:\Users\PcMai\OneDrive\Desktop\Showdown\dist\sim\dex-abilities.js:75:22)
    at DexAbilities.get (C:\Users\PcMai\OneDrive\Desktop\Showdown\dist\sim\dex-abilities.js:66:17)
    at DexAbilities.getByID (C:\Users\PcMai\OneDrive\Desktop\Showdown\dist\sim\dex-abilities.js:75:22)
    at DexAbilities.get (C:\Users\PcMai\OneDrive\Desktop\Showdown\dist\sim\dex-abilities.js:66:17)

Error: Process team-validator-async.js 20620 crashed and had to be restarted
    at QueryProcessManager.releaseCrashed (C:\Users\PcMai\OneDrive\Desktop\Showdown\lib\process-manager.ts:471:4)
    at ChildProcess.<anonymous> (C:\Users\PcMai\OneDrive\Desktop\Showdown\lib\process-manager.ts:512:47)
    at ChildProcess.emit (node:events:518:28)
    at ChildProcess.emit (node:domain:489:12)
    at finish (node:internal/child_process:933:14)
    at processTicksAndRejections (node:internal/process/task_queues:85:11)

Error: Process team-validator-async.js 16064 crashed and had to be restarted
    at QueryProcessManager.releaseCrashed (C:\Users\PcMai\OneDrive\Desktop\Showdown\lib\process-manager.ts:471:4)
    at ChildProcess.<anonymous> (C:\Users\PcMai\OneDrive\Desktop\Showdown\lib\process-manager.ts:512:47)
    at ChildProcess.emit (node:events:518:28)
    at ChildProcess.emit (node:domain:489:12)
    at finish (node:internal/child_process:933:14)
    at processTicksAndRejections (node:internal/process/task_queues:85:11)

Error: IPC channel is already disconnected
    at ChildProcess.target.disconnect (node:internal/child_process:903:26)
    at QueryProcessWrapper.destroy (C:\Users\PcMai\OneDrive\Desktop\Showdown\lib\process-manager.ts:205:16)
    at QueryProcessWrapper.release (C:\Users\PcMai\OneDrive\Desktop\Showdown\lib\process-manager.ts:191:9)
    at QueryProcessManager.releaseCrashed (C:\Users\PcMai\OneDrive\Desktop\Showdown\lib\process-manager.ts:455:16)
    at ChildProcess.<anonymous> (C:\Users\PcMai\OneDrive\Desktop\Showdown\lib\process-manager.ts:512:47)
    at ChildProcess.emit (node:events:518:28)
    at ChildProcess.emit (node:domain:489:12)
    at finish (node:internal/child_process:933:14)
    at processTicksAndRejections (node:internal/process/task_queues:85:11)

Error: IPC channel is already disconnected
    at ChildProcess.target.disconnect (node:internal/child_process:903:26)
    at QueryProcessWrapper.destroy (C:\Users\PcMai\OneDrive\Desktop\Showdown\lib\process-manager.ts:205:16)
    at QueryProcessWrapper.release (C:\Users\PcMai\OneDrive\Desktop\Showdown\lib\process-manager.ts:191:9)
    at QueryProcessManager.releaseCrashed (C:\Users\PcMai\OneDrive\Desktop\Showdown\lib\process-manager.ts:455:16)
    at ChildProcess.<anonymous> (C:\Users\PcMai\OneDrive\Desktop\Showdown\lib\process-manager.ts:512:47)
    at ChildProcess.emit (node:events:518:28)
    at ChildProcess.emit (node:domain:489:12)
    at finish (node:internal/child_process:933:14)
    at processTicksAndRejections (node:internal/process/task_queues:85:11)

Error: IPC channel is already disconnected
    at ChildProcess.target.disconnect (node:internal/child_process:903:26)
    at QueryProcessWrapper.destroy (C:\Users\PcMai\OneDrive\Desktop\Showdown\lib\process-manager.ts:205:16)
    at QueryProcessWrapper.release (C:\Users\PcMai\OneDrive\Desktop\Showdown\lib\process-manager.ts:191:9)
    at QueryProcessManager.releaseCrashed (C:\Users\PcMai\OneDrive\Desktop\Showdown\lib\process-manager.ts:455:16)
    at ChildProcess.<anonymous> (C:\Users\PcMai\OneDrive\Desktop\Showdown\lib\process-manager.ts:512:47)
    at ChildProcess.emit (node:events:518:28)
    at ChildProcess.emit (node:domain:489:12)
    at finish (node:internal/child_process:933:14)
    at processTicksAndRejections (node:internal/process/task_queues:85:11)

Error: Process sockets.js 21064 crashed and had to be restarted
    at RawProcessManager.releaseCrashed (C:\Users\PcMai\OneDrive\Desktop\Showdown\lib\process-manager.ts:471:4)
    at Worker.<anonymous> (C:\Users\PcMai\OneDrive\Desktop\Showdown\lib\process-manager.ts:512:47)
    at Worker.emit (node:events:518:28)
    at Worker.emit (node:domain:489:12)
    at ChildProcess.<anonymous> (node:internal/cluster/primary:209:12)
    at Object.onceWrapper (node:events:632:28)
    at ChildProcess.emit (node:events:518:28)
    at ChildProcess.emit (node:domain:489:12)
    at finish (node:internal/child_process:933:14)
    at processTicksAndRejections (node:internal/process/task_queues:85:11)

Error: IPC channel is already disconnected
    at ChildProcess.target.disconnect (node:internal/child_process:903:26)
    at QueryProcessWrapper.destroy (C:\Users\PcMai\OneDrive\Desktop\Showdown\lib\process-manager.ts:205:16)
    at QueryProcessWrapper.release (C:\Users\PcMai\OneDrive\Desktop\Showdown\lib\process-manager.ts:191:9)
    at SQLDatabaseManager.releaseCrashed (C:\Users\PcMai\OneDrive\Desktop\Showdown\lib\process-manager.ts:455:16)
    at ChildProcess.<anonymous> (C:\Users\PcMai\OneDrive\Desktop\Showdown\lib\process-manager.ts:512:47)
    at ChildProcess.emit (node:events:518:28)
    at ChildProcess.emit (node:domain:489:12)
    at finish (node:internal/child_process:933:14)
    at processTicksAndRejections (node:internal/process/task_queues:85:11)

Error: IPC channel is already disconnected
    at ChildProcess.target.disconnect (node:internal/child_process:903:26)
    at StreamProcessWrapper.destroy (C:\Users\PcMai\OneDrive\Desktop\Showdown\lib\process-manager.ts:321:16)
    at StreamProcessWrapper.release (C:\Users\PcMai\OneDrive\Desktop\Showdown\lib\process-manager.ts:307:14)
    at StreamProcessManager.releaseCrashed (C:\Users\PcMai\OneDrive\Desktop\Showdown\lib\process-manager.ts:455:16)
    at ChildProcess.<anonymous> (C:\Users\PcMai\OneDrive\Desktop\Showdown\lib\process-manager.ts:512:47)
    at ChildProcess.emit (node:events:518:28)
    at ChildProcess.emit (node:domain:489:12)
    at finish (node:internal/child_process:933:14)
    at processTicksAndRejections (node:internal/process/task_queues:85:11)

RangeError: Maximum call stack size exceeded
    at ModdedDex.loadData (C:\Users\PcMai\OneDrive\Desktop\Showdown\dist\sim\dex.js:471:11)
    at get data (C:\Users\PcMai\OneDrive\Desktop\Showdown\dist\sim\dex.js:142:17)
    at DexAbilities.getByID (C:\Users\PcMai\OneDrive\Desktop\Showdown\dist\sim\dex-abilities.js:74:18)
    at DexAbilities.get (C:\Users\PcMai\OneDrive\Desktop\Showdown\dist\sim\dex-abilities.js:66:17)
    at DexAbilities.getByID (C:\Users\PcMai\OneDrive\Desktop\Showdown\dist\sim\dex-abilities.js:75:22)
    at DexAbilities.get (C:\Users\PcMai\OneDrive\Desktop\Showdown\dist\sim\dex-abilities.js:66:17)
    at DexAbilities.getByID (C:\Users\PcMai\OneDrive\Desktop\Showdown\dist\sim\dex-abilities.js:75:22)
    at DexAbilities.get (C:\Users\PcMai\OneDrive\Desktop\Showdown\dist\sim\dex-abilities.js:66:17)
    at DexAbilities.getByID (C:\Users\PcMai\OneDrive\Desktop\Showdown\dist\sim\dex-abilities.js:75:22)
    at DexAbilities.get (C:\Users\PcMai\OneDrive\Desktop\Showdown\dist\sim\dex-abilities.js:66:17)

Error: A query originating in team-validator-async.js took too long to complete; the process has been respawned.
{"formatid":"torneosdedsafiopokmon","options":{"removeNicknames":false,"user":"maikikii"},"team":"Ferrothorn||rockyhelmet|flashfire|spore,protect,hornleech,followme|Quirky|84,84,84,84,84,84|M|||54|]Sr. Puerró|magmar|eviolite|rocaslida|slackoff,fierydance,fakeout,featherdance|Docile|84,84,84,84,84,84|M|||54|]Slowking||leftovers|filter|detect,muddywater,nuzzle,healpulse|Quirky|84,84,84,84,84,84|F|||54|]Salamence-Mega||salamencite|calco|pjaroosado,detect,landswrath,dragondance|Adamant|84,84,84,84,84,84|F|||54|]Gengar||choicespecs|stormdrain|darkpulse,psystrike,mudbomb,bubblebeam|Modest|84,84,84,84,84,84|F|||54|]Conkeldurr||assaultvest|toughclaws|woodhammer,metalclaw,payback,drainpunch|Bashful|84,84,84,84,84,84|M|||54|"}
    at Timeout._onTimeout (C:\Users\PcMai\OneDrive\Desktop\Showdown\lib\process-manager.ts:558:10)
    at listOnTimeout (node:internal/timers:594:17)
    at processTimers (node:internal/timers:529:7)

Error: Process team-validator-async.js 33116 crashed and had to be restarted
    at QueryProcessManager.releaseCrashed (C:\Users\PcMai\OneDrive\Desktop\Showdown\lib\process-manager.ts:471:4)
    at ChildProcess.<anonymous> (C:\Users\PcMai\OneDrive\Desktop\Showdown\lib\process-manager.ts:512:47)
    at ChildProcess.emit (node:events:518:28)
    at ChildProcess.emit (node:domain:489:12)
    at finish (node:internal/child_process:933:14)
    at processTicksAndRejections (node:internal/process/task_queues:85:11)

Error: IPC channel is already disconnected
    at ChildProcess.target.disconnect (node:internal/child_process:903:26)
    at QueryProcessWrapper.destroy (C:\Users\PcMai\OneDrive\Desktop\Showdown\lib\process-manager.ts:205:16)
    at QueryProcessWrapper.release (C:\Users\PcMai\OneDrive\Desktop\Showdown\lib\process-manager.ts:191:9)
    at QueryProcessManager.releaseCrashed (C:\Users\PcMai\OneDrive\Desktop\Showdown\lib\process-manager.ts:455:16)
    at ChildProcess.<anonymous> (C:\Users\PcMai\OneDrive\Desktop\Showdown\lib\process-manager.ts:512:47)
    at ChildProcess.emit (node:events:518:28)
    at ChildProcess.emit (node:domain:489:12)
    at finish (node:internal/child_process:933:14)
    at processTicksAndRejections (node:internal/process/task_queues:85:11)

Error: IPC channel is already disconnected
    at ChildProcess.target.disconnect (node:internal/child_process:903:26)
    at QueryProcessWrapper.destroy (C:\Users\PcMai\OneDrive\Desktop\Showdown\lib\process-manager.ts:205:16)
    at QueryProcessWrapper.release (C:\Users\PcMai\OneDrive\Desktop\Showdown\lib\process-manager.ts:191:9)
    at QueryProcessManager.releaseCrashed (C:\Users\PcMai\OneDrive\Desktop\Showdown\lib\process-manager.ts:455:16)
    at ChildProcess.<anonymous> (C:\Users\PcMai\OneDrive\Desktop\Showdown\lib\process-manager.ts:512:47)
    at ChildProcess.emit (node:events:518:28)
    at ChildProcess.emit (node:domain:489:12)
    at finish (node:internal/child_process:933:14)
    at processTicksAndRejections (node:internal/process/task_queues:85:11)

Error: IPC channel is already disconnected
    at ChildProcess.target.disconnect (node:internal/child_process:903:26)
    at QueryProcessWrapper.destroy (C:\Users\PcMai\OneDrive\Desktop\Showdown\lib\process-manager.ts:205:16)
    at QueryProcessWrapper.release (C:\Users\PcMai\OneDrive\Desktop\Showdown\lib\process-manager.ts:191:9)
    at QueryProcessManager.releaseCrashed (C:\Users\PcMai\OneDrive\Desktop\Showdown\lib\process-manager.ts:455:16)
    at ChildProcess.<anonymous> (C:\Users\PcMai\OneDrive\Desktop\Showdown\lib\process-manager.ts:512:47)
    at ChildProcess.emit (node:events:518:28)
    at ChildProcess.emit (node:domain:489:12)
    at finish (node:internal/child_process:933:14)
    at processTicksAndRejections (node:internal/process/task_queues:85:11)

Error: IPC channel is already disconnected
    at ChildProcess.target.disconnect (node:internal/child_process:903:26)
    at QueryProcessWrapper.destroy (C:\Users\PcMai\OneDrive\Desktop\Showdown\lib\process-manager.ts:205:16)
    at QueryProcessWrapper.release (C:\Users\PcMai\OneDrive\Desktop\Showdown\lib\process-manager.ts:191:9)
    at QueryProcessManager.releaseCrashed (C:\Users\PcMai\OneDrive\Desktop\Showdown\lib\process-manager.ts:455:16)
    at ChildProcess.<anonymous> (C:\Users\PcMai\OneDrive\Desktop\Showdown\lib\process-manager.ts:512:47)
    at ChildProcess.emit (node:events:518:28)
    at ChildProcess.emit (node:domain:489:12)
    at finish (node:internal/child_process:933:14)
    at processTicksAndRejections (node:internal/process/task_queues:85:11)

Error: Process sockets.js 28720 crashed and had to be restarted
    at RawProcessManager.releaseCrashed (C:\Users\PcMai\OneDrive\Desktop\Showdown\lib\process-manager.ts:471:4)
    at Worker.<anonymous> (C:\Users\PcMai\OneDrive\Desktop\Showdown\lib\process-manager.ts:512:47)
    at Worker.emit (node:events:518:28)
    at Worker.emit (node:domain:489:12)
    at ChildProcess.<anonymous> (node:internal/cluster/primary:209:12)
    at Object.onceWrapper (node:events:632:28)
    at ChildProcess.emit (node:events:518:28)
    at ChildProcess.emit (node:domain:489:12)
    at finish (node:internal/child_process:933:14)
    at processTicksAndRejections (node:internal/process/task_queues:85:11)

Error: IPC channel is already disconnected
    at ChildProcess.target.disconnect (node:internal/child_process:903:26)
    at QueryProcessWrapper.destroy (C:\Users\PcMai\OneDrive\Desktop\Showdown\lib\process-manager.ts:205:16)
    at QueryProcessWrapper.release (C:\Users\PcMai\OneDrive\Desktop\Showdown\lib\process-manager.ts:191:9)
    at QueryProcessManager.releaseCrashed (C:\Users\PcMai\OneDrive\Desktop\Showdown\lib\process-manager.ts:455:16)
    at ChildProcess.<anonymous> (C:\Users\PcMai\OneDrive\Desktop\Showdown\lib\process-manager.ts:512:47)
    at ChildProcess.emit (node:events:518:28)
    at ChildProcess.emit (node:domain:489:12)
    at finish (node:internal/child_process:933:14)
    at processTicksAndRejections (node:internal/process/task_queues:85:11)

Error: IPC channel is already disconnected
    at ChildProcess.target.disconnect (node:internal/child_process:903:26)
    at StreamProcessWrapper.destroy (C:\Users\PcMai\OneDrive\Desktop\Showdown\lib\process-manager.ts:321:16)
    at StreamProcessWrapper.release (C:\Users\PcMai\OneDrive\Desktop\Showdown\lib\process-manager.ts:307:14)
    at StreamProcessManager.releaseCrashed (C:\Users\PcMai\OneDrive\Desktop\Showdown\lib\process-manager.ts:455:16)
    at ChildProcess.<anonymous> (C:\Users\PcMai\OneDrive\Desktop\Showdown\lib\process-manager.ts:512:47)
    at ChildProcess.emit (node:events:518:28)
    at ChildProcess.emit (node:domain:489:12)
    at finish (node:internal/child_process:933:14)
    at processTicksAndRejections (node:internal/process/task_queues:85:11)

Error: IPC channel is already disconnected
    at ChildProcess.target.disconnect (node:internal/child_process:903:26)
    at QueryProcessWrapper.destroy (C:\Users\PcMai\OneDrive\Desktop\Showdown\lib\process-manager.ts:205:16)
    at QueryProcessWrapper.release (C:\Users\PcMai\OneDrive\Desktop\Showdown\lib\process-manager.ts:191:9)
    at SQLDatabaseManager.releaseCrashed (C:\Users\PcMai\OneDrive\Desktop\Showdown\lib\process-manager.ts:455:16)
    at ChildProcess.<anonymous> (C:\Users\PcMai\OneDrive\Desktop\Showdown\lib\process-manager.ts:512:47)
    at ChildProcess.emit (node:events:518:28)
    at ChildProcess.emit (node:domain:489:12)
    at finish (node:internal/child_process:933:14)
    at processTicksAndRejections (node:internal/process/task_queues:85:11)

RangeError: Maximum call stack size exceeded
    at ModdedDex.loadData (C:\Users\PcMai\OneDrive\Desktop\Showdown\dist\sim\dex.js:471:11)
    at get data (C:\Users\PcMai\OneDrive\Desktop\Showdown\dist\sim\dex.js:142:17)
    at DexAbilities.getByID (C:\Users\PcMai\OneDrive\Desktop\Showdown\dist\sim\dex-abilities.js:74:18)
    at DexAbilities.get (C:\Users\PcMai\OneDrive\Desktop\Showdown\dist\sim\dex-abilities.js:66:17)
    at DexAbilities.getByID (C:\Users\PcMai\OneDrive\Desktop\Showdown\dist\sim\dex-abilities.js:75:22)
    at DexAbilities.get (C:\Users\PcMai\OneDrive\Desktop\Showdown\dist\sim\dex-abilities.js:66:17)
    at DexAbilities.getByID (C:\Users\PcMai\OneDrive\Desktop\Showdown\dist\sim\dex-abilities.js:75:22)
    at DexAbilities.get (C:\Users\PcMai\OneDrive\Desktop\Showdown\dist\sim\dex-abilities.js:66:17)
    at DexAbilities.getByID (C:\Users\PcMai\OneDrive\Desktop\Showdown\dist\sim\dex-abilities.js:75:22)
    at DexAbilities.get (C:\Users\PcMai\OneDrive\Desktop\Showdown\dist\sim\dex-abilities.js:66:17)

Error: A query originating in team-validator-async.js took too long to complete; the process has been respawned.
{"formatid":"torneosdedsafiopokmon","options":{"removeNicknames":false,"user":"maikikii"},"team":"Ferrothorn||rockyhelmet|flashfire|spore,protect,hornleech,followme|Quirky|84,84,84,84,84,84|M|||54|]Sr. Puerró|magmar|eviolite|rocaslida|slackoff,fierydance,fakeout,featherdance|Docile|84,84,84,84,84,84|M|||54|]Slowking||leftovers|filter|detect,muddywater,nuzzle,healpulse|Quirky|84,84,84,84,84,84|F|||54|]Salamence-Mega||salamencite|calco|pjaroosado,detect,landswrath,dragondance|Adamant|84,84,84,84,84,84|F|||54|]Gengar||choicespecs|stormdrain|darkpulse,psystrike,mudbomb,bubblebeam|Modest|84,84,84,84,84,84|F|||54|]Conkeldurr||assaultvest|toughclaws|woodhammer,metalclaw,payback,drainpunch|Bashful|84,84,84,84,84,84|M|||54|"}
    at Timeout._onTimeout (C:\Users\PcMai\OneDrive\Desktop\Showdown\lib\process-manager.ts:558:10)
    at listOnTimeout (node:internal/timers:594:17)
    at processTimers (node:internal/timers:529:7)

Error: Process team-validator-async.js 25288 crashed and had to be restarted
    at QueryProcessManager.releaseCrashed (C:\Users\PcMai\OneDrive\Desktop\Showdown\lib\process-manager.ts:471:4)
    at ChildProcess.<anonymous> (C:\Users\PcMai\OneDrive\Desktop\Showdown\lib\process-manager.ts:512:47)
    at ChildProcess.emit (node:events:518:28)
    at ChildProcess.emit (node:domain:489:12)
    at finish (node:internal/child_process:933:14)
    at processTicksAndRejections (node:internal/process/task_queues:85:11)

RangeError: Maximum call stack size exceeded
    at ModdedDex.loadData (C:\Users\PcMai\OneDrive\Desktop\Showdown\dist\sim\dex.js:471:11)
    at get data (C:\Users\PcMai\OneDrive\Desktop\Showdown\dist\sim\dex.js:142:17)
    at DexAbilities.getByID (C:\Users\PcMai\OneDrive\Desktop\Showdown\dist\sim\dex-abilities.js:74:18)
    at DexAbilities.get (C:\Users\PcMai\OneDrive\Desktop\Showdown\dist\sim\dex-abilities.js:66:17)
    at DexAbilities.getByID (C:\Users\PcMai\OneDrive\Desktop\Showdown\dist\sim\dex-abilities.js:75:22)
    at DexAbilities.get (C:\Users\PcMai\OneDrive\Desktop\Showdown\dist\sim\dex-abilities.js:66:17)
    at DexAbilities.getByID (C:\Users\PcMai\OneDrive\Desktop\Showdown\dist\sim\dex-abilities.js:75:22)
    at DexAbilities.get (C:\Users\PcMai\OneDrive\Desktop\Showdown\dist\sim\dex-abilities.js:66:17)
    at DexAbilities.getByID (C:\Users\PcMai\OneDrive\Desktop\Showdown\dist\sim\dex-abilities.js:75:22)
    at DexAbilities.get (C:\Users\PcMai\OneDrive\Desktop\Showdown\dist\sim\dex-abilities.js:66:17)

RangeError: Maximum call stack size exceeded
    at ModdedDex.loadData (C:\Users\PcMai\OneDrive\Desktop\Showdown\dist\sim\dex.js:471:11)
    at get data (C:\Users\PcMai\OneDrive\Desktop\Showdown\dist\sim\dex.js:142:17)
    at DexAbilities.getByID (C:\Users\PcMai\OneDrive\Desktop\Showdown\dist\sim\dex-abilities.js:74:18)
    at DexAbilities.get (C:\Users\PcMai\OneDrive\Desktop\Showdown\dist\sim\dex-abilities.js:66:17)
    at DexAbilities.getByID (C:\Users\PcMai\OneDrive\Desktop\Showdown\dist\sim\dex-abilities.js:75:22)
    at DexAbilities.get (C:\Users\PcMai\OneDrive\Desktop\Showdown\dist\sim\dex-abilities.js:66:17)
    at DexAbilities.getByID (C:\Users\PcMai\OneDrive\Desktop\Showdown\dist\sim\dex-abilities.js:75:22)
    at DexAbilities.get (C:\Users\PcMai\OneDrive\Desktop\Showdown\dist\sim\dex-abilities.js:66:17)
    at DexAbilities.getByID (C:\Users\PcMai\OneDrive\Desktop\Showdown\dist\sim\dex-abilities.js:75:22)
    at DexAbilities.get (C:\Users\PcMai\OneDrive\Desktop\Showdown\dist\sim\dex-abilities.js:66:17)

RangeError: Maximum call stack size exceeded
    at ModdedDex.loadData (C:\Users\PcMai\OneDrive\Desktop\Showdown\dist\sim\dex.js:471:11)
    at get data (C:\Users\PcMai\OneDrive\Desktop\Showdown\dist\sim\dex.js:142:17)
    at DexAbilities.getByID (C:\Users\PcMai\OneDrive\Desktop\Showdown\dist\sim\dex-abilities.js:74:18)
    at DexAbilities.get (C:\Users\PcMai\OneDrive\Desktop\Showdown\dist\sim\dex-abilities.js:66:17)
    at DexAbilities.getByID (C:\Users\PcMai\OneDrive\Desktop\Showdown\dist\sim\dex-abilities.js:75:22)
    at DexAbilities.get (C:\Users\PcMai\OneDrive\Desktop\Showdown\dist\sim\dex-abilities.js:66:17)
    at DexAbilities.getByID (C:\Users\PcMai\OneDrive\Desktop\Showdown\dist\sim\dex-abilities.js:75:22)
    at DexAbilities.get (C:\Users\PcMai\OneDrive\Desktop\Showdown\dist\sim\dex-abilities.js:66:17)
    at DexAbilities.getByID (C:\Users\PcMai\OneDrive\Desktop\Showdown\dist\sim\dex-abilities.js:75:22)
    at DexAbilities.get (C:\Users\PcMai\OneDrive\Desktop\Showdown\dist\sim\dex-abilities.js:66:17)

RangeError: Maximum call stack size exceeded
    at ModdedDex.loadData (C:\Users\PcMai\OneDrive\Desktop\Showdown\dist\sim\dex.js:471:11)
    at get data (C:\Users\PcMai\OneDrive\Desktop\Showdown\dist\sim\dex.js:142:17)
    at DexAbilities.getByID (C:\Users\PcMai\OneDrive\Desktop\Showdown\dist\sim\dex-abilities.js:74:18)
    at DexAbilities.get (C:\Users\PcMai\OneDrive\Desktop\Showdown\dist\sim\dex-abilities.js:66:17)
    at DexAbilities.getByID (C:\Users\PcMai\OneDrive\Desktop\Showdown\dist\sim\dex-abilities.js:75:22)
    at DexAbilities.get (C:\Users\PcMai\OneDrive\Desktop\Showdown\dist\sim\dex-abilities.js:66:17)
    at DexAbilities.getByID (C:\Users\PcMai\OneDrive\Desktop\Showdown\dist\sim\dex-abilities.js:75:22)
    at DexAbilities.get (C:\Users\PcMai\OneDrive\Desktop\Showdown\dist\sim\dex-abilities.js:66:17)
    at DexAbilities.getByID (C:\Users\PcMai\OneDrive\Desktop\Showdown\dist\sim\dex-abilities.js:75:22)
    at DexAbilities.get (C:\Users\PcMai\OneDrive\Desktop\Showdown\dist\sim\dex-abilities.js:66:17)

Error: Process team-validator-async.js 18852 crashed and had to be restarted
    at QueryProcessManager.releaseCrashed (C:\Users\PcMai\OneDrive\Desktop\Showdown\lib\process-manager.ts:471:4)
    at ChildProcess.<anonymous> (C:\Users\PcMai\OneDrive\Desktop\Showdown\lib\process-manager.ts:512:47)
    at ChildProcess.emit (node:events:518:28)
    at ChildProcess.emit (node:domain:489:12)
    at finish (node:internal/child_process:933:14)
    at processTicksAndRejections (node:internal/process/task_queues:85:11)

Error: Process team-validator-async.js 14188 crashed and had to be restarted
    at QueryProcessManager.releaseCrashed (C:\Users\PcMai\OneDrive\Desktop\Showdown\lib\process-manager.ts:471:4)
    at ChildProcess.<anonymous> (C:\Users\PcMai\OneDrive\Desktop\Showdown\lib\process-manager.ts:512:47)
    at ChildProcess.emit (node:events:518:28)
    at ChildProcess.emit (node:domain:489:12)
    at finish (node:internal/child_process:933:14)
    at processTicksAndRejections (node:internal/process/task_queues:85:11)

Error: IPC channel is already disconnected
    at ChildProcess.target.disconnect (node:internal/child_process:903:26)
    at QueryProcessWrapper.destroy (C:\Users\PcMai\OneDrive\Desktop\Showdown\lib\process-manager.ts:205:16)
    at QueryProcessWrapper.release (C:\Users\PcMai\OneDrive\Desktop\Showdown\lib\process-manager.ts:191:9)
    at QueryProcessManager.releaseCrashed (C:\Users\PcMai\OneDrive\Desktop\Showdown\lib\process-manager.ts:455:16)
    at ChildProcess.<anonymous> (C:\Users\PcMai\OneDrive\Desktop\Showdown\lib\process-manager.ts:512:47)
    at ChildProcess.emit (node:events:518:28)
    at ChildProcess.emit (node:domain:489:12)
    at finish (node:internal/child_process:933:14)
    at processTicksAndRejections (node:internal/process/task_queues:85:11)

Error: IPC channel is already disconnected
    at ChildProcess.target.disconnect (node:internal/child_process:903:26)
    at QueryProcessWrapper.destroy (C:\Users\PcMai\OneDrive\Desktop\Showdown\lib\process-manager.ts:205:16)
    at QueryProcessWrapper.release (C:\Users\PcMai\OneDrive\Desktop\Showdown\lib\process-manager.ts:191:9)
    at QueryProcessManager.releaseCrashed (C:\Users\PcMai\OneDrive\Desktop\Showdown\lib\process-manager.ts:455:16)
    at ChildProcess.<anonymous> (C:\Users\PcMai\OneDrive\Desktop\Showdown\lib\process-manager.ts:512:47)
    at ChildProcess.emit (node:events:518:28)
    at ChildProcess.emit (node:domain:489:12)
    at finish (node:internal/child_process:933:14)
    at processTicksAndRejections (node:internal/process/task_queues:85:11)

Error: IPC channel is already disconnected
    at ChildProcess.target.disconnect (node:internal/child_process:903:26)
    at QueryProcessWrapper.destroy (C:\Users\PcMai\OneDrive\Desktop\Showdown\lib\process-manager.ts:205:16)
    at QueryProcessWrapper.release (C:\Users\PcMai\OneDrive\Desktop\Showdown\lib\process-manager.ts:191:9)
    at QueryProcessManager.releaseCrashed (C:\Users\PcMai\OneDrive\Desktop\Showdown\lib\process-manager.ts:455:16)
    at ChildProcess.<anonymous> (C:\Users\PcMai\OneDrive\Desktop\Showdown\lib\process-manager.ts:512:47)
    at ChildProcess.emit (node:events:518:28)
    at ChildProcess.emit (node:domain:489:12)
    at finish (node:internal/child_process:933:14)
    at processTicksAndRejections (node:internal/process/task_queues:85:11)

Error: Process sockets.js 26296 crashed and had to be restarted
    at RawProcessManager.releaseCrashed (C:\Users\PcMai\OneDrive\Desktop\Showdown\lib\process-manager.ts:471:4)
    at Worker.<anonymous> (C:\Users\PcMai\OneDrive\Desktop\Showdown\lib\process-manager.ts:512:47)
    at Worker.emit (node:events:518:28)
    at Worker.emit (node:domain:489:12)
    at ChildProcess.<anonymous> (node:internal/cluster/primary:209:12)
    at Object.onceWrapper (node:events:632:28)
    at ChildProcess.emit (node:events:518:28)
    at ChildProcess.emit (node:domain:489:12)
    at finish (node:internal/child_process:933:14)
    at processTicksAndRejections (node:internal/process/task_queues:85:11)

Error: Process room-battle.js 28404 crashed and had to be restarted
    at StreamProcessManager.releaseCrashed (C:\Users\PcMai\OneDrive\Desktop\Showdown\lib\process-manager.ts:471:4)
    at ChildProcess.<anonymous> (C:\Users\PcMai\OneDrive\Desktop\Showdown\lib\process-manager.ts:512:47)
    at ChildProcess.emit (node:events:518:28)
    at ChildProcess.emit (node:domain:489:12)
    at finish (node:internal/child_process:933:14)
    at processTicksAndRejections (node:internal/process/task_queues:85:11)

Error: IPC channel is already disconnected
    at ChildProcess.target.disconnect (node:internal/child_process:903:26)
    at QueryProcessWrapper.destroy (C:\Users\PcMai\OneDrive\Desktop\Showdown\lib\process-manager.ts:205:16)
    at QueryProcessWrapper.release (C:\Users\PcMai\OneDrive\Desktop\Showdown\lib\process-manager.ts:191:9)
    at SQLDatabaseManager.releaseCrashed (C:\Users\PcMai\OneDrive\Desktop\Showdown\lib\process-manager.ts:455:16)
    at ChildProcess.<anonymous> (C:\Users\PcMai\OneDrive\Desktop\Showdown\lib\process-manager.ts:512:47)
    at ChildProcess.emit (node:events:518:28)
    at ChildProcess.emit (node:domain:489:12)
    at finish (node:internal/child_process:933:14)
    at processTicksAndRejections (node:internal/process/task_queues:85:11)

Error [ERR_HTTP_HEADERS_SENT]: Cannot write headers after they are sent to the client
    at ServerResponse.writeHead (node:_http_server:351:11)
    at Server.finish (C:\Users\PcMai\OneDrive\Desktop\Showdown\node_modules\node-static\lib\node-static.js:117:19)
    at C:\Users\PcMai\OneDrive\Desktop\Showdown\node_modules\node-static\lib\node-static.js:94:18
    at C:\Users\PcMai\OneDrive\Desktop\Showdown\node_modules\node-static\lib\node-static.js:337:13
    at streamFile (C:\Users\PcMai\OneDrive\Desktop\Showdown\node_modules\node-static\lib\node-static.js:382:13)
    at ReadStream.<anonymous> (C:\Users\PcMai\OneDrive\Desktop\Showdown\node_modules\node-static\lib\node-static.js:375:17)
    at ReadStream.emit (node:events:518:28)
    at ReadStream.emit (node:domain:489:12)
    at emitCloseNT (node:internal/streams/destroy:148:10)
    at process.processTicksAndRejections (node:internal/process/task_queues:89:21)

RangeError: Maximum call stack size exceeded
    at ModdedDex.loadData (C:\Users\PcMai\OneDrive\Desktop\Showdown\dist\sim\dex.js:471:11)
    at get data (C:\Users\PcMai\OneDrive\Desktop\Showdown\dist\sim\dex.js:142:17)
    at DexAbilities.getByID (C:\Users\PcMai\OneDrive\Desktop\Showdown\dist\sim\dex-abilities.js:74:18)
    at DexAbilities.get (C:\Users\PcMai\OneDrive\Desktop\Showdown\dist\sim\dex-abilities.js:66:17)
    at DexAbilities.getByID (C:\Users\PcMai\OneDrive\Desktop\Showdown\dist\sim\dex-abilities.js:75:22)
    at DexAbilities.get (C:\Users\PcMai\OneDrive\Desktop\Showdown\dist\sim\dex-abilities.js:66:17)
    at DexAbilities.getByID (C:\Users\PcMai\OneDrive\Desktop\Showdown\dist\sim\dex-abilities.js:75:22)
    at DexAbilities.get (C:\Users\PcMai\OneDrive\Desktop\Showdown\dist\sim\dex-abilities.js:66:17)
    at DexAbilities.getByID (C:\Users\PcMai\OneDrive\Desktop\Showdown\dist\sim\dex-abilities.js:75:22)
    at DexAbilities.get (C:\Users\PcMai\OneDrive\Desktop\Showdown\dist\sim\dex-abilities.js:66:17)

RangeError: Maximum call stack size exceeded
    at ModdedDex.loadData (C:\Users\PcMai\OneDrive\Desktop\Showdown\dist\sim\dex.js:471:11)
    at get data (C:\Users\PcMai\OneDrive\Desktop\Showdown\dist\sim\dex.js:142:17)
    at DexAbilities.getByID (C:\Users\PcMai\OneDrive\Desktop\Showdown\dist\sim\dex-abilities.js:74:18)
    at DexAbilities.get (C:\Users\PcMai\OneDrive\Desktop\Showdown\dist\sim\dex-abilities.js:66:17)
    at DexAbilities.getByID (C:\Users\PcMai\OneDrive\Desktop\Showdown\dist\sim\dex-abilities.js:75:22)
    at DexAbilities.get (C:\Users\PcMai\OneDrive\Desktop\Showdown\dist\sim\dex-abilities.js:66:17)
    at DexAbilities.getByID (C:\Users\PcMai\OneDrive\Desktop\Showdown\dist\sim\dex-abilities.js:75:22)
    at DexAbilities.get (C:\Users\PcMai\OneDrive\Desktop\Showdown\dist\sim\dex-abilities.js:66:17)
    at DexAbilities.getByID (C:\Users\PcMai\OneDrive\Desktop\Showdown\dist\sim\dex-abilities.js:75:22)
    at DexAbilities.get (C:\Users\PcMai\OneDrive\Desktop\Showdown\dist\sim\dex-abilities.js:66:17)

RangeError: Maximum call stack size exceeded
    at ModdedDex.loadData (C:\Users\PcMai\OneDrive\Desktop\Showdown\dist\sim\dex.js:471:11)
    at get data (C:\Users\PcMai\OneDrive\Desktop\Showdown\dist\sim\dex.js:142:17)
    at DexAbilities.getByID (C:\Users\PcMai\OneDrive\Desktop\Showdown\dist\sim\dex-abilities.js:74:18)
    at DexAbilities.get (C:\Users\PcMai\OneDrive\Desktop\Showdown\dist\sim\dex-abilities.js:66:17)
    at DexAbilities.getByID (C:\Users\PcMai\OneDrive\Desktop\Showdown\dist\sim\dex-abilities.js:75:22)
    at DexAbilities.get (C:\Users\PcMai\OneDrive\Desktop\Showdown\dist\sim\dex-abilities.js:66:17)
    at DexAbilities.getByID (C:\Users\PcMai\OneDrive\Desktop\Showdown\dist\sim\dex-abilities.js:75:22)
    at DexAbilities.get (C:\Users\PcMai\OneDrive\Desktop\Showdown\dist\sim\dex-abilities.js:66:17)
    at DexAbilities.getByID (C:\Users\PcMai\OneDrive\Desktop\Showdown\dist\sim\dex-abilities.js:75:22)
    at DexAbilities.get (C:\Users\PcMai\OneDrive\Desktop\Showdown\dist\sim\dex-abilities.js:66:17)

Error: A query originating in team-validator-async.js took too long to complete; the process has been respawned.
{"formatid":"torneosdedsafiopokmon","options":{"user":"hitsusenpai"},"team":"Titanix|sigilyph|laxincense|pielmilagro|liofilizacin,pazmental,relajo,proteccin||,84,84,84,84,84|F||||]Elegido|dusclops|eviolite|presin|mofa,demolicin,mofleteesttico,deteccin||,84,84,84,84,84|F||||]Bendicion|sylveon|pixieplate|granencanto|fuerzalunar,estoicismo,proteccin,relajo||,84,84,84,84,84|M||||]Sr. Puerró|mamoswine|toxicorb|despiste|fuerzatelrica,alud,idayvuelta,proteccin||,84,84,84,84,84|M||||]Hentai|tentacruel|blacksludge|cuerpopuro|salpicar,liofilizacin,solmatinal,proteccin||,84,84,84,84,84|M||||]MaikiManco|metagrossmega|metagrossite|cuerpopuro|placajeelctrico,fuegosagrado,pantalladeluz,deteccin||,84,84,84,84,84|||||"}
    at Timeout._onTimeout (C:\Users\PcMai\OneDrive\Desktop\Showdown\lib\process-manager.ts:558:10)
    at listOnTimeout (node:internal/timers:594:17)
    at processTimers (node:internal/timers:529:7)

Error: Process team-validator-async.js 15876 crashed and had to be restarted
    at QueryProcessManager.releaseCrashed (C:\Users\PcMai\OneDrive\Desktop\Showdown\lib\process-manager.ts:471:4)
    at ChildProcess.<anonymous> (C:\Users\PcMai\OneDrive\Desktop\Showdown\lib\process-manager.ts:512:47)
    at ChildProcess.emit (node:events:518:28)
    at ChildProcess.emit (node:domain:489:12)
    at finish (node:internal/child_process:933:14)
    at processTicksAndRejections (node:internal/process/task_queues:85:11)

RangeError: Maximum call stack size exceeded
    at ModdedDex.loadData (C:\Users\PcMai\OneDrive\Desktop\Showdown\dist\sim\dex.js:471:11)
    at get data (C:\Users\PcMai\OneDrive\Desktop\Showdown\dist\sim\dex.js:142:17)
    at DexAbilities.getByID (C:\Users\PcMai\OneDrive\Desktop\Showdown\dist\sim\dex-abilities.js:74:18)
    at DexAbilities.get (C:\Users\PcMai\OneDrive\Desktop\Showdown\dist\sim\dex-abilities.js:66:17)
    at DexAbilities.getByID (C:\Users\PcMai\OneDrive\Desktop\Showdown\dist\sim\dex-abilities.js:75:22)
    at DexAbilities.get (C:\Users\PcMai\OneDrive\Desktop\Showdown\dist\sim\dex-abilities.js:66:17)
    at DexAbilities.getByID (C:\Users\PcMai\OneDrive\Desktop\Showdown\dist\sim\dex-abilities.js:75:22)
    at DexAbilities.get (C:\Users\PcMai\OneDrive\Desktop\Showdown\dist\sim\dex-abilities.js:66:17)
    at DexAbilities.getByID (C:\Users\PcMai\OneDrive\Desktop\Showdown\dist\sim\dex-abilities.js:75:22)
    at DexAbilities.get (C:\Users\PcMai\OneDrive\Desktop\Showdown\dist\sim\dex-abilities.js:66:17)

RangeError: Maximum call stack size exceeded
    at ModdedDex.loadData (C:\Users\PcMai\OneDrive\Desktop\Showdown\dist\sim\dex.js:471:11)
    at get data (C:\Users\PcMai\OneDrive\Desktop\Showdown\dist\sim\dex.js:142:17)
    at DexAbilities.getByID (C:\Users\PcMai\OneDrive\Desktop\Showdown\dist\sim\dex-abilities.js:74:18)
    at DexAbilities.get (C:\Users\PcMai\OneDrive\Desktop\Showdown\dist\sim\dex-abilities.js:66:17)
    at DexAbilities.getByID (C:\Users\PcMai\OneDrive\Desktop\Showdown\dist\sim\dex-abilities.js:75:22)
    at DexAbilities.get (C:\Users\PcMai\OneDrive\Desktop\Showdown\dist\sim\dex-abilities.js:66:17)
    at DexAbilities.getByID (C:\Users\PcMai\OneDrive\Desktop\Showdown\dist\sim\dex-abilities.js:75:22)
    at DexAbilities.get (C:\Users\PcMai\OneDrive\Desktop\Showdown\dist\sim\dex-abilities.js:66:17)
    at DexAbilities.getByID (C:\Users\PcMai\OneDrive\Desktop\Showdown\dist\sim\dex-abilities.js:75:22)
    at DexAbilities.get (C:\Users\PcMai\OneDrive\Desktop\Showdown\dist\sim\dex-abilities.js:66:17)

RangeError: Maximum call stack size exceeded
    at ModdedDex.loadData (C:\Users\PcMai\OneDrive\Desktop\Showdown\dist\sim\dex.js:471:11)
    at get data (C:\Users\PcMai\OneDrive\Desktop\Showdown\dist\sim\dex.js:142:17)
    at DexAbilities.getByID (C:\Users\PcMai\OneDrive\Desktop\Showdown\dist\sim\dex-abilities.js:74:18)
    at DexAbilities.get (C:\Users\PcMai\OneDrive\Desktop\Showdown\dist\sim\dex-abilities.js:66:17)
    at DexAbilities.getByID (C:\Users\PcMai\OneDrive\Desktop\Showdown\dist\sim\dex-abilities.js:75:22)
    at DexAbilities.get (C:\Users\PcMai\OneDrive\Desktop\Showdown\dist\sim\dex-abilities.js:66:17)
    at DexAbilities.getByID (C:\Users\PcMai\OneDrive\Desktop\Showdown\dist\sim\dex-abilities.js:75:22)
    at DexAbilities.get (C:\Users\PcMai\OneDrive\Desktop\Showdown\dist\sim\dex-abilities.js:66:17)
    at DexAbilities.getByID (C:\Users\PcMai\OneDrive\Desktop\Showdown\dist\sim\dex-abilities.js:75:22)
    at DexAbilities.get (C:\Users\PcMai\OneDrive\Desktop\Showdown\dist\sim\dex-abilities.js:66:17)

Error: A query originating in team-validator-async.js took too long to complete; the process has been respawned.
{"formatid":"torneosdedsafiopokmon","options":{"user":"hitsusenpai"},"team":"Titanix|sigilyph|laxincense|intimidate|freezedry,calmmind,slackoff,protect|Docile|84,84,84,84,84,84|F|||54|]Elegido|dusclops|eviolite|mummy|taunt,brickbreak,nuzzle,detect|Bold|84,84,84,84,84,84|F|||54|]Bendicion|sylveon|pixieplate|turboblaze|moonblast,strugglebug,protect,slackoff|Quiet|84,84,84,84,84,84|M|||54|]Sr. Puerró|mamoswine|toxicorb|toxicboost|landswrath,avalanche,uturn,protect|Docile|84,84,84,84,84,84|M|||54|]Hentai|tentacruel|blacksludge|speedboost|waterspout,freezedry,morningsun,protect|Hasty|84,84,84,84,84,84|M|||54|]Metagross-Mega||metagrossite|intimidate|golpeareo,agilidad,puobala,terremoto|||||||"}
    at Timeout._onTimeout (C:\Users\PcMai\OneDrive\Desktop\Showdown\lib\process-manager.ts:558:10)
    at listOnTimeout (node:internal/timers:594:17)
    at processTimers (node:internal/timers:529:7)

Error: Process team-validator-async.js 31640 crashed and had to be restarted
    at QueryProcessManager.releaseCrashed (C:\Users\PcMai\OneDrive\Desktop\Showdown\lib\process-manager.ts:471:4)
    at ChildProcess.<anonymous> (C:\Users\PcMai\OneDrive\Desktop\Showdown\lib\process-manager.ts:512:47)
    at ChildProcess.emit (node:events:518:28)
    at ChildProcess.emit (node:domain:489:12)
    at finish (node:internal/child_process:933:14)
    at processTicksAndRejections (node:internal/process/task_queues:85:11)

RangeError: Maximum call stack size exceeded
    at ModdedDex.loadData (C:\Users\PcMai\OneDrive\Desktop\Showdown\dist\sim\dex.js:471:11)
    at get data (C:\Users\PcMai\OneDrive\Desktop\Showdown\dist\sim\dex.js:142:17)
    at DexAbilities.getByID (C:\Users\PcMai\OneDrive\Desktop\Showdown\dist\sim\dex-abilities.js:74:18)
    at DexAbilities.get (C:\Users\PcMai\OneDrive\Desktop\Showdown\dist\sim\dex-abilities.js:66:17)
    at DexAbilities.getByID (C:\Users\PcMai\OneDrive\Desktop\Showdown\dist\sim\dex-abilities.js:75:22)
    at DexAbilities.get (C:\Users\PcMai\OneDrive\Desktop\Showdown\dist\sim\dex-abilities.js:66:17)
    at DexAbilities.getByID (C:\Users\PcMai\OneDrive\Desktop\Showdown\dist\sim\dex-abilities.js:75:22)
    at DexAbilities.get (C:\Users\PcMai\OneDrive\Desktop\Showdown\dist\sim\dex-abilities.js:66:17)
    at DexAbilities.getByID (C:\Users\PcMai\OneDrive\Desktop\Showdown\dist\sim\dex-abilities.js:75:22)
    at DexAbilities.get (C:\Users\PcMai\OneDrive\Desktop\Showdown\dist\sim\dex-abilities.js:66:17)

Error: A query originating in team-validator-async.js took too long to complete; the process has been respawned.
{"formatid":"torneosdedsafiopokmon","options":{"user":"hitsusenpai"},"team":"Titanix|sigilyph|laxincense|intimidate|freezedry,calmmind,slackoff,protect|Docile|84,84,84,84,84,84|F|||54|]Elegido|dusclops|eviolite|mummy|taunt,brickbreak,nuzzle,detect|Bold|84,84,84,84,84,84|F|||54|]Bendicion|sylveon|pixieplate|turboblaze|moonblast,strugglebug,protect,slackoff|Quiet|84,84,84,84,84,84|M|||54|]Sr. Puerró|mamoswine|toxicorb|toxicboost|landswrath,avalanche,uturn,protect|Docile|84,84,84,84,84,84|M|||54|]Hentai|tentacruel|blacksludge|speedboost|waterspout,freezedry,morningsun,protect|Hasty|84,84,84,84,84,84|M|||54|"}
    at Timeout._onTimeout (C:\Users\PcMai\OneDrive\Desktop\Showdown\lib\process-manager.ts:558:10)
    at listOnTimeout (node:internal/timers:594:17)
    at processTimers (node:internal/timers:529:7)

Error: Process team-validator-async.js 23920 crashed and had to be restarted
    at QueryProcessManager.releaseCrashed (C:\Users\PcMai\OneDrive\Desktop\Showdown\lib\process-manager.ts:471:4)
    at ChildProcess.<anonymous> (C:\Users\PcMai\OneDrive\Desktop\Showdown\lib\process-manager.ts:512:47)
    at ChildProcess.emit (node:events:518:28)
    at ChildProcess.emit (node:domain:489:12)
    at finish (node:internal/child_process:933:14)
    at processTicksAndRejections (node:internal/process/task_queues:85:11)

Error: A query originating in team-validator-async.js took too long to complete; the process has been respawned.
No debug information found.
    at Timeout._onTimeout (C:\Users\PcMai\OneDrive\Desktop\Showdown\lib\process-manager.ts:558:10)
    at listOnTimeout (node:internal/timers:594:17)
    at processTimers (node:internal/timers:529:7)

Error: Process team-validator-async.js 31664 crashed and had to be restarted
    at QueryProcessManager.releaseCrashed (C:\Users\PcMai\OneDrive\Desktop\Showdown\lib\process-manager.ts:471:4)
    at ChildProcess.<anonymous> (C:\Users\PcMai\OneDrive\Desktop\Showdown\lib\process-manager.ts:512:47)
    at ChildProcess.emit (node:events:518:28)
    at ChildProcess.emit (node:domain:489:12)
    at finish (node:internal/child_process:933:14)
    at processTicksAndRejections (node:internal/process/task_queues:85:11)

Error: IPC channel is already disconnected
    at ChildProcess.target.disconnect (node:internal/child_process:903:26)
    at QueryProcessWrapper.destroy (C:\Users\PcMai\OneDrive\Desktop\Showdown\lib\process-manager.ts:205:16)
    at QueryProcessWrapper.release (C:\Users\PcMai\OneDrive\Desktop\Showdown\lib\process-manager.ts:191:9)
    at QueryProcessManager.releaseCrashed (C:\Users\PcMai\OneDrive\Desktop\Showdown\lib\process-manager.ts:455:16)
    at ChildProcess.<anonymous> (C:\Users\PcMai\OneDrive\Desktop\Showdown\lib\process-manager.ts:512:47)
    at ChildProcess.emit (node:events:518:28)
    at ChildProcess.emit (node:domain:489:12)
    at finish (node:internal/child_process:933:14)
    at processTicksAndRejections (node:internal/process/task_queues:85:11)

Error: IPC channel is already disconnected
    at ChildProcess.target.disconnect (node:internal/child_process:903:26)
    at QueryProcessWrapper.destroy (C:\Users\PcMai\OneDrive\Desktop\Showdown\lib\process-manager.ts:205:16)
    at QueryProcessWrapper.release (C:\Users\PcMai\OneDrive\Desktop\Showdown\lib\process-manager.ts:191:9)
    at QueryProcessManager.releaseCrashed (C:\Users\PcMai\OneDrive\Desktop\Showdown\lib\process-manager.ts:455:16)
    at ChildProcess.<anonymous> (C:\Users\PcMai\OneDrive\Desktop\Showdown\lib\process-manager.ts:512:47)
    at ChildProcess.emit (node:events:518:28)
    at ChildProcess.emit (node:domain:489:12)
    at finish (node:internal/child_process:933:14)
    at processTicksAndRejections (node:internal/process/task_queues:85:11)

Error: IPC channel is already disconnected
    at ChildProcess.target.disconnect (node:internal/child_process:903:26)
    at QueryProcessWrapper.destroy (C:\Users\PcMai\OneDrive\Desktop\Showdown\lib\process-manager.ts:205:16)
    at QueryProcessWrapper.release (C:\Users\PcMai\OneDrive\Desktop\Showdown\lib\process-manager.ts:191:9)
    at QueryProcessManager.releaseCrashed (C:\Users\PcMai\OneDrive\Desktop\Showdown\lib\process-manager.ts:455:16)
    at ChildProcess.<anonymous> (C:\Users\PcMai\OneDrive\Desktop\Showdown\lib\process-manager.ts:512:47)
    at ChildProcess.emit (node:events:518:28)
    at ChildProcess.emit (node:domain:489:12)
    at finish (node:internal/child_process:933:14)
    at processTicksAndRejections (node:internal/process/task_queues:85:11)

Error: IPC channel is already disconnected
    at ChildProcess.target.disconnect (node:internal/child_process:903:26)
    at QueryProcessWrapper.destroy (C:\Users\PcMai\OneDrive\Desktop\Showdown\lib\process-manager.ts:205:16)
    at QueryProcessWrapper.release (C:\Users\PcMai\OneDrive\Desktop\Showdown\lib\process-manager.ts:191:9)
    at QueryProcessManager.releaseCrashed (C:\Users\PcMai\OneDrive\Desktop\Showdown\lib\process-manager.ts:455:16)
    at ChildProcess.<anonymous> (C:\Users\PcMai\OneDrive\Desktop\Showdown\lib\process-manager.ts:512:47)
    at ChildProcess.emit (node:events:518:28)
    at ChildProcess.emit (node:domain:489:12)
    at finish (node:internal/child_process:933:14)
    at processTicksAndRejections (node:internal/process/task_queues:85:11)

Error: IPC channel is already disconnected
    at ChildProcess.target.disconnect (node:internal/child_process:903:26)
    at QueryProcessWrapper.destroy (C:\Users\PcMai\OneDrive\Desktop\Showdown\lib\process-manager.ts:205:16)
    at QueryProcessWrapper.release (C:\Users\PcMai\OneDrive\Desktop\Showdown\lib\process-manager.ts:191:9)
    at QueryProcessManager.releaseCrashed (C:\Users\PcMai\OneDrive\Desktop\Showdown\lib\process-manager.ts:455:16)
    at ChildProcess.<anonymous> (C:\Users\PcMai\OneDrive\Desktop\Showdown\lib\process-manager.ts:512:47)
    at ChildProcess.emit (node:events:518:28)
    at ChildProcess.emit (node:domain:489:12)
    at finish (node:internal/child_process:933:14)
    at processTicksAndRejections (node:internal/process/task_queues:85:11)

Error: IPC channel is already disconnected
    at ChildProcess.target.disconnect (node:internal/child_process:903:26)
    at QueryProcessWrapper.destroy (C:\Users\PcMai\OneDrive\Desktop\Showdown\lib\process-manager.ts:205:16)
    at QueryProcessWrapper.release (C:\Users\PcMai\OneDrive\Desktop\Showdown\lib\process-manager.ts:191:9)
    at QueryProcessManager.releaseCrashed (C:\Users\PcMai\OneDrive\Desktop\Showdown\lib\process-manager.ts:455:16)
    at ChildProcess.<anonymous> (C:\Users\PcMai\OneDrive\Desktop\Showdown\lib\process-manager.ts:512:47)
    at ChildProcess.emit (node:events:518:28)
    at ChildProcess.emit (node:domain:489:12)
    at finish (node:internal/child_process:933:14)
    at processTicksAndRejections (node:internal/process/task_queues:85:11)

Error: IPC channel is already disconnected
    at ChildProcess.target.disconnect (node:internal/child_process:903:26)
    at QueryProcessWrapper.destroy (C:\Users\PcMai\OneDrive\Desktop\Showdown\lib\process-manager.ts:205:16)
    at QueryProcessWrapper.release (C:\Users\PcMai\OneDrive\Desktop\Showdown\lib\process-manager.ts:191:9)
    at QueryProcessManager.releaseCrashed (C:\Users\PcMai\OneDrive\Desktop\Showdown\lib\process-manager.ts:455:16)
    at ChildProcess.<anonymous> (C:\Users\PcMai\OneDrive\Desktop\Showdown\lib\process-manager.ts:512:47)
    at ChildProcess.emit (node:events:518:28)
    at ChildProcess.emit (node:domain:489:12)
    at finish (node:internal/child_process:933:14)
    at processTicksAndRejections (node:internal/process/task_queues:85:11)

Error: Process sockets.js 11324 crashed and had to be restarted
    at RawProcessManager.releaseCrashed (C:\Users\PcMai\OneDrive\Desktop\Showdown\lib\process-manager.ts:471:4)
    at Worker.<anonymous> (C:\Users\PcMai\OneDrive\Desktop\Showdown\lib\process-manager.ts:512:47)
    at Worker.emit (node:events:518:28)
    at Worker.emit (node:domain:489:12)
    at ChildProcess.<anonymous> (node:internal/cluster/primary:209:12)
    at Object.onceWrapper (node:events:632:28)
    at ChildProcess.emit (node:events:518:28)
    at ChildProcess.emit (node:domain:489:12)
    at finish (node:internal/child_process:933:14)
    at processTicksAndRejections (node:internal/process/task_queues:85:11)

Error: IPC channel is already disconnected
    at ChildProcess.target.disconnect (node:internal/child_process:903:26)
    at QueryProcessWrapper.destroy (C:\Users\PcMai\OneDrive\Desktop\Showdown\lib\process-manager.ts:205:16)
    at QueryProcessWrapper.release (C:\Users\PcMai\OneDrive\Desktop\Showdown\lib\process-manager.ts:191:9)
    at QueryProcessManager.releaseCrashed (C:\Users\PcMai\OneDrive\Desktop\Showdown\lib\process-manager.ts:455:16)
    at ChildProcess.<anonymous> (C:\Users\PcMai\OneDrive\Desktop\Showdown\lib\process-manager.ts:512:47)
    at ChildProcess.emit (node:events:518:28)
    at ChildProcess.emit (node:domain:489:12)
    at finish (node:internal/child_process:933:14)
    at processTicksAndRejections (node:internal/process/task_queues:85:11)

Error: IPC channel is already disconnected
    at ChildProcess.target.disconnect (node:internal/child_process:903:26)
    at StreamProcessWrapper.destroy (C:\Users\PcMai\OneDrive\Desktop\Showdown\lib\process-manager.ts:321:16)
    at StreamProcessWrapper.release (C:\Users\PcMai\OneDrive\Desktop\Showdown\lib\process-manager.ts:307:14)
    at StreamProcessManager.releaseCrashed (C:\Users\PcMai\OneDrive\Desktop\Showdown\lib\process-manager.ts:455:16)
    at ChildProcess.<anonymous> (C:\Users\PcMai\OneDrive\Desktop\Showdown\lib\process-manager.ts:512:47)
    at ChildProcess.emit (node:events:518:28)
    at ChildProcess.emit (node:domain:489:12)
    at finish (node:internal/child_process:933:14)
    at processTicksAndRejections (node:internal/process/task_queues:85:11)

Error: IPC channel is already disconnected
    at ChildProcess.target.disconnect (node:internal/child_process:903:26)
    at QueryProcessWrapper.destroy (C:\Users\PcMai\OneDrive\Desktop\Showdown\lib\process-manager.ts:205:16)
    at QueryProcessWrapper.release (C:\Users\PcMai\OneDrive\Desktop\Showdown\lib\process-manager.ts:191:9)
    at SQLDatabaseManager.releaseCrashed (C:\Users\PcMai\OneDrive\Desktop\Showdown\lib\process-manager.ts:455:16)
    at ChildProcess.<anonymous> (C:\Users\PcMai\OneDrive\Desktop\Showdown\lib\process-manager.ts:512:47)
    at ChildProcess.emit (node:events:518:28)
    at ChildProcess.emit (node:domain:489:12)
    at finish (node:internal/child_process:933:14)
    at processTicksAndRejections (node:internal/process/task_queues:85:11)

Error: IPC channel is already disconnected
    at ChildProcess.target.disconnect (node:internal/child_process:903:26)
    at QueryProcessWrapper.destroy (C:\Users\PcMai\OneDrive\Desktop\Showdown\lib\process-manager.ts:205:16)
    at QueryProcessWrapper.release (C:\Users\PcMai\OneDrive\Desktop\Showdown\lib\process-manager.ts:191:9)
    at QueryProcessManager.releaseCrashed (C:\Users\PcMai\OneDrive\Desktop\Showdown\lib\process-manager.ts:455:16)
    at ChildProcess.<anonymous> (C:\Users\PcMai\OneDrive\Desktop\Showdown\lib\process-manager.ts:512:47)
    at ChildProcess.emit (node:events:518:28)
    at ChildProcess.emit (node:domain:489:12)
    at finish (node:internal/child_process:933:14)
    at processTicksAndRejections (node:internal/process/task_queues:85:11)

Error [ERR_HTTP_HEADERS_SENT]: Cannot write headers after they are sent to the client
    at ServerResponse.writeHead (node:_http_server:351:11)
    at Server.finish (C:\Users\PcMai\OneDrive\Desktop\Showdown\node_modules\node-static\lib\node-static.js:117:19)
    at C:\Users\PcMai\OneDrive\Desktop\Showdown\node_modules\node-static\lib\node-static.js:94:18
    at C:\Users\PcMai\OneDrive\Desktop\Showdown\node_modules\node-static\lib\node-static.js:337:13
    at streamFile (C:\Users\PcMai\OneDrive\Desktop\Showdown\node_modules\node-static\lib\node-static.js:382:13)
    at ReadStream.<anonymous> (C:\Users\PcMai\OneDrive\Desktop\Showdown\node_modules\node-static\lib\node-static.js:375:17)
    at ReadStream.emit (node:events:518:28)
    at ReadStream.emit (node:domain:489:12)
    at emitCloseNT (node:internal/streams/destroy:148:10)
    at process.processTicksAndRejections (node:internal/process/task_queues:89:21)

RangeError: Maximum call stack size exceeded
    at ModdedDex.loadData (C:\Users\PcMai\OneDrive\Desktop\Showdown\dist\sim\dex.js:471:11)
    at get data (C:\Users\PcMai\OneDrive\Desktop\Showdown\dist\sim\dex.js:142:17)
    at DexAbilities.getByID (C:\Users\PcMai\OneDrive\Desktop\Showdown\dist\sim\dex-abilities.js:74:18)
    at DexAbilities.get (C:\Users\PcMai\OneDrive\Desktop\Showdown\dist\sim\dex-abilities.js:66:17)
    at DexAbilities.getByID (C:\Users\PcMai\OneDrive\Desktop\Showdown\dist\sim\dex-abilities.js:75:22)
    at DexAbilities.get (C:\Users\PcMai\OneDrive\Desktop\Showdown\dist\sim\dex-abilities.js:66:17)
    at DexAbilities.getByID (C:\Users\PcMai\OneDrive\Desktop\Showdown\dist\sim\dex-abilities.js:75:22)
    at DexAbilities.get (C:\Users\PcMai\OneDrive\Desktop\Showdown\dist\sim\dex-abilities.js:66:17)
    at DexAbilities.getByID (C:\Users\PcMai\OneDrive\Desktop\Showdown\dist\sim\dex-abilities.js:75:22)
    at DexAbilities.get (C:\Users\PcMai\OneDrive\Desktop\Showdown\dist\sim\dex-abilities.js:66:17)

RangeError: Maximum call stack size exceeded
    at ModdedDex.loadData (C:\Users\PcMai\OneDrive\Desktop\Showdown\dist\sim\dex.js:471:11)
    at get data (C:\Users\PcMai\OneDrive\Desktop\Showdown\dist\sim\dex.js:142:17)
    at DexAbilities.getByID (C:\Users\PcMai\OneDrive\Desktop\Showdown\dist\sim\dex-abilities.js:74:18)
    at DexAbilities.get (C:\Users\PcMai\OneDrive\Desktop\Showdown\dist\sim\dex-abilities.js:66:17)
    at DexAbilities.getByID (C:\Users\PcMai\OneDrive\Desktop\Showdown\dist\sim\dex-abilities.js:75:22)
    at DexAbilities.get (C:\Users\PcMai\OneDrive\Desktop\Showdown\dist\sim\dex-abilities.js:66:17)
    at DexAbilities.getByID (C:\Users\PcMai\OneDrive\Desktop\Showdown\dist\sim\dex-abilities.js:75:22)
    at DexAbilities.get (C:\Users\PcMai\OneDrive\Desktop\Showdown\dist\sim\dex-abilities.js:66:17)
    at DexAbilities.getByID (C:\Users\PcMai\OneDrive\Desktop\Showdown\dist\sim\dex-abilities.js:75:22)
    at DexAbilities.get (C:\Users\PcMai\OneDrive\Desktop\Showdown\dist\sim\dex-abilities.js:66:17)

Error: A query originating in team-validator-async.js took too long to complete; the process has been respawned.
No debug information found.
    at Timeout._onTimeout (C:\Users\PcMai\OneDrive\Desktop\Showdown\lib\process-manager.ts:558:10)
    at listOnTimeout (node:internal/timers:594:17)
    at processTimers (node:internal/timers:529:7)

Error: Process team-validator-async.js 14756 crashed and had to be restarted
    at QueryProcessManager.releaseCrashed (C:\Users\PcMai\OneDrive\Desktop\Showdown\lib\process-manager.ts:471:4)
    at ChildProcess.<anonymous> (C:\Users\PcMai\OneDrive\Desktop\Showdown\lib\process-manager.ts:512:47)
    at ChildProcess.emit (node:events:518:28)
    at ChildProcess.emit (node:domain:489:12)
    at finish (node:internal/child_process:933:14)
    at processTicksAndRejections (node:internal/process/task_queues:85:11)

Error: IPC channel is already disconnected
    at ChildProcess.target.disconnect (node:internal/child_process:903:26)
    at QueryProcessWrapper.destroy (C:\Users\PcMai\OneDrive\Desktop\Showdown\lib\process-manager.ts:205:16)
    at QueryProcessWrapper.release (C:\Users\PcMai\OneDrive\Desktop\Showdown\lib\process-manager.ts:191:9)
    at QueryProcessManager.releaseCrashed (C:\Users\PcMai\OneDrive\Desktop\Showdown\lib\process-manager.ts:455:16)
    at ChildProcess.<anonymous> (C:\Users\PcMai\OneDrive\Desktop\Showdown\lib\process-manager.ts:512:47)
    at ChildProcess.emit (node:events:518:28)
    at ChildProcess.emit (node:domain:489:12)
    at finish (node:internal/child_process:933:14)
    at processTicksAndRejections (node:internal/process/task_queues:85:11)

Error: IPC channel is already disconnected
    at ChildProcess.target.disconnect (node:internal/child_process:903:26)
    at QueryProcessWrapper.destroy (C:\Users\PcMai\OneDrive\Desktop\Showdown\lib\process-manager.ts:205:16)
    at QueryProcessWrapper.release (C:\Users\PcMai\OneDrive\Desktop\Showdown\lib\process-manager.ts:191:9)
    at QueryProcessManager.releaseCrashed (C:\Users\PcMai\OneDrive\Desktop\Showdown\lib\process-manager.ts:455:16)
    at ChildProcess.<anonymous> (C:\Users\PcMai\OneDrive\Desktop\Showdown\lib\process-manager.ts:512:47)
    at ChildProcess.emit (node:events:518:28)
    at ChildProcess.emit (node:domain:489:12)
    at finish (node:internal/child_process:933:14)
    at processTicksAndRejections (node:internal/process/task_queues:85:11)

Error: IPC channel is already disconnected
    at ChildProcess.target.disconnect (node:internal/child_process:903:26)
    at QueryProcessWrapper.destroy (C:\Users\PcMai\OneDrive\Desktop\Showdown\lib\process-manager.ts:205:16)
    at QueryProcessWrapper.release (C:\Users\PcMai\OneDrive\Desktop\Showdown\lib\process-manager.ts:191:9)
    at QueryProcessManager.releaseCrashed (C:\Users\PcMai\OneDrive\Desktop\Showdown\lib\process-manager.ts:455:16)
    at ChildProcess.<anonymous> (C:\Users\PcMai\OneDrive\Desktop\Showdown\lib\process-manager.ts:512:47)
    at ChildProcess.emit (node:events:518:28)
    at ChildProcess.emit (node:domain:489:12)
    at finish (node:internal/child_process:933:14)
    at processTicksAndRejections (node:internal/process/task_queues:85:11)

Error: IPC channel is already disconnected
    at ChildProcess.target.disconnect (node:internal/child_process:903:26)
    at QueryProcessWrapper.destroy (C:\Users\PcMai\OneDrive\Desktop\Showdown\lib\process-manager.ts:205:16)
    at QueryProcessWrapper.release (C:\Users\PcMai\OneDrive\Desktop\Showdown\lib\process-manager.ts:191:9)
    at QueryProcessManager.releaseCrashed (C:\Users\PcMai\OneDrive\Desktop\Showdown\lib\process-manager.ts:455:16)
    at ChildProcess.<anonymous> (C:\Users\PcMai\OneDrive\Desktop\Showdown\lib\process-manager.ts:512:47)
    at ChildProcess.emit (node:events:518:28)
    at ChildProcess.emit (node:domain:489:12)
    at finish (node:internal/child_process:933:14)
    at processTicksAndRejections (node:internal/process/task_queues:85:11)

Error: Process sockets.js 16040 crashed and had to be restarted
    at RawProcessManager.releaseCrashed (C:\Users\PcMai\OneDrive\Desktop\Showdown\lib\process-manager.ts:471:4)
    at Worker.<anonymous> (C:\Users\PcMai\OneDrive\Desktop\Showdown\lib\process-manager.ts:512:47)
    at Worker.emit (node:events:518:28)
    at Worker.emit (node:domain:489:12)
    at ChildProcess.<anonymous> (node:internal/cluster/primary:209:12)
    at Object.onceWrapper (node:events:632:28)
    at ChildProcess.emit (node:events:518:28)
    at ChildProcess.emit (node:domain:489:12)
    at finish (node:internal/child_process:933:14)
    at processTicksAndRejections (node:internal/process/task_queues:85:11)

Error: IPC channel is already disconnected
    at ChildProcess.target.disconnect (node:internal/child_process:903:26)
    at QueryProcessWrapper.destroy (C:\Users\PcMai\OneDrive\Desktop\Showdown\lib\process-manager.ts:205:16)
    at QueryProcessWrapper.release (C:\Users\PcMai\OneDrive\Desktop\Showdown\lib\process-manager.ts:191:9)
    at QueryProcessManager.releaseCrashed (C:\Users\PcMai\OneDrive\Desktop\Showdown\lib\process-manager.ts:455:16)
    at ChildProcess.<anonymous> (C:\Users\PcMai\OneDrive\Desktop\Showdown\lib\process-manager.ts:512:47)
    at ChildProcess.emit (node:events:518:28)
    at ChildProcess.emit (node:domain:489:12)
    at finish (node:internal/child_process:933:14)
    at processTicksAndRejections (node:internal/process/task_queues:85:11)

Error: IPC channel is already disconnected
    at ChildProcess.target.disconnect (node:internal/child_process:903:26)
    at StreamProcessWrapper.destroy (C:\Users\PcMai\OneDrive\Desktop\Showdown\lib\process-manager.ts:321:16)
    at StreamProcessWrapper.release (C:\Users\PcMai\OneDrive\Desktop\Showdown\lib\process-manager.ts:307:14)
    at StreamProcessManager.releaseCrashed (C:\Users\PcMai\OneDrive\Desktop\Showdown\lib\process-manager.ts:455:16)
    at ChildProcess.<anonymous> (C:\Users\PcMai\OneDrive\Desktop\Showdown\lib\process-manager.ts:512:47)
    at ChildProcess.emit (node:events:518:28)
    at ChildProcess.emit (node:domain:489:12)
    at finish (node:internal/child_process:933:14)
    at processTicksAndRejections (node:internal/process/task_queues:85:11)

Error: IPC channel is already disconnected
    at ChildProcess.target.disconnect (node:internal/child_process:903:26)
    at QueryProcessWrapper.destroy (C:\Users\PcMai\OneDrive\Desktop\Showdown\lib\process-manager.ts:205:16)
    at QueryProcessWrapper.release (C:\Users\PcMai\OneDrive\Desktop\Showdown\lib\process-manager.ts:191:9)
    at SQLDatabaseManager.releaseCrashed (C:\Users\PcMai\OneDrive\Desktop\Showdown\lib\process-manager.ts:455:16)
    at ChildProcess.<anonymous> (C:\Users\PcMai\OneDrive\Desktop\Showdown\lib\process-manager.ts:512:47)
    at ChildProcess.emit (node:events:518:28)
    at ChildProcess.emit (node:domain:489:12)
    at finish (node:internal/child_process:933:14)
    at processTicksAndRejections (node:internal/process/task_queues:85:11)

Error: IPC channel is already disconnected
    at ChildProcess.target.disconnect (node:internal/child_process:903:26)
    at QueryProcessWrapper.destroy (C:\Users\PcMai\OneDrive\Desktop\Showdown\lib\process-manager.ts:205:16)
    at QueryProcessWrapper.release (C:\Users\PcMai\OneDrive\Desktop\Showdown\lib\process-manager.ts:191:9)
    at QueryProcessManager.releaseCrashed (C:\Users\PcMai\OneDrive\Desktop\Showdown\lib\process-manager.ts:455:16)
    at ChildProcess.<anonymous> (C:\Users\PcMai\OneDrive\Desktop\Showdown\lib\process-manager.ts:512:47)
    at ChildProcess.emit (node:events:518:28)
    at ChildProcess.emit (node:domain:489:12)
    at finish (node:internal/child_process:933:14)
    at processTicksAndRejections (node:internal/process/task_queues:85:11)

RangeError: Maximum call stack size exceeded
    at ModdedDex.loadData (C:\Users\PcMai\OneDrive\Desktop\Showdown\dist\sim\dex.js:471:11)
    at get data (C:\Users\PcMai\OneDrive\Desktop\Showdown\dist\sim\dex.js:142:17)
    at DexAbilities.getByID (C:\Users\PcMai\OneDrive\Desktop\Showdown\dist\sim\dex-abilities.js:74:18)
    at DexAbilities.get (C:\Users\PcMai\OneDrive\Desktop\Showdown\dist\sim\dex-abilities.js:66:17)
    at DexAbilities.getByID (C:\Users\PcMai\OneDrive\Desktop\Showdown\dist\sim\dex-abilities.js:75:22)
    at DexAbilities.get (C:\Users\PcMai\OneDrive\Desktop\Showdown\dist\sim\dex-abilities.js:66:17)
    at DexAbilities.getByID (C:\Users\PcMai\OneDrive\Desktop\Showdown\dist\sim\dex-abilities.js:75:22)
    at DexAbilities.get (C:\Users\PcMai\OneDrive\Desktop\Showdown\dist\sim\dex-abilities.js:66:17)
    at DexAbilities.getByID (C:\Users\PcMai\OneDrive\Desktop\Showdown\dist\sim\dex-abilities.js:75:22)
    at DexAbilities.get (C:\Users\PcMai\OneDrive\Desktop\Showdown\dist\sim\dex-abilities.js:66:17)

RangeError: Maximum call stack size exceeded
    at ModdedDex.loadData (C:\Users\PcMai\OneDrive\Desktop\Showdown\dist\sim\dex.js:471:11)
    at get data (C:\Users\PcMai\OneDrive\Desktop\Showdown\dist\sim\dex.js:142:17)
    at DexAbilities.getByID (C:\Users\PcMai\OneDrive\Desktop\Showdown\dist\sim\dex-abilities.js:74:18)
    at DexAbilities.get (C:\Users\PcMai\OneDrive\Desktop\Showdown\dist\sim\dex-abilities.js:66:17)
    at DexAbilities.getByID (C:\Users\PcMai\OneDrive\Desktop\Showdown\dist\sim\dex-abilities.js:75:22)
    at DexAbilities.get (C:\Users\PcMai\OneDrive\Desktop\Showdown\dist\sim\dex-abilities.js:66:17)
    at DexAbilities.getByID (C:\Users\PcMai\OneDrive\Desktop\Showdown\dist\sim\dex-abilities.js:75:22)
    at DexAbilities.get (C:\Users\PcMai\OneDrive\Desktop\Showdown\dist\sim\dex-abilities.js:66:17)
    at DexAbilities.getByID (C:\Users\PcMai\OneDrive\Desktop\Showdown\dist\sim\dex-abilities.js:75:22)
    at DexAbilities.get (C:\Users\PcMai\OneDrive\Desktop\Showdown\dist\sim\dex-abilities.js:66:17)

RangeError: Maximum call stack size exceeded
    at ModdedDex.loadData (C:\Users\PcMai\OneDrive\Desktop\Showdown\dist\sim\dex.js:471:11)
    at get data (C:\Users\PcMai\OneDrive\Desktop\Showdown\dist\sim\dex.js:142:17)
    at DexAbilities.getByID (C:\Users\PcMai\OneDrive\Desktop\Showdown\dist\sim\dex-abilities.js:74:18)
    at DexAbilities.get (C:\Users\PcMai\OneDrive\Desktop\Showdown\dist\sim\dex-abilities.js:66:17)
    at DexAbilities.getByID (C:\Users\PcMai\OneDrive\Desktop\Showdown\dist\sim\dex-abilities.js:75:22)
    at DexAbilities.get (C:\Users\PcMai\OneDrive\Desktop\Showdown\dist\sim\dex-abilities.js:66:17)
    at DexAbilities.getByID (C:\Users\PcMai\OneDrive\Desktop\Showdown\dist\sim\dex-abilities.js:75:22)
    at DexAbilities.get (C:\Users\PcMai\OneDrive\Desktop\Showdown\dist\sim\dex-abilities.js:66:17)
    at DexAbilities.getByID (C:\Users\PcMai\OneDrive\Desktop\Showdown\dist\sim\dex-abilities.js:75:22)
    at DexAbilities.get (C:\Users\PcMai\OneDrive\Desktop\Showdown\dist\sim\dex-abilities.js:66:17)

RangeError: Maximum call stack size exceeded
    at ModdedDex.loadData (C:\Users\PcMai\OneDrive\Desktop\Showdown\dist\sim\dex.js:471:11)
    at get data (C:\Users\PcMai\OneDrive\Desktop\Showdown\dist\sim\dex.js:142:17)
    at DexAbilities.getByID (C:\Users\PcMai\OneDrive\Desktop\Showdown\dist\sim\dex-abilities.js:74:18)
    at DexAbilities.get (C:\Users\PcMai\OneDrive\Desktop\Showdown\dist\sim\dex-abilities.js:66:17)
    at DexAbilities.getByID (C:\Users\PcMai\OneDrive\Desktop\Showdown\dist\sim\dex-abilities.js:75:22)
    at DexAbilities.get (C:\Users\PcMai\OneDrive\Desktop\Showdown\dist\sim\dex-abilities.js:66:17)
    at DexAbilities.getByID (C:\Users\PcMai\OneDrive\Desktop\Showdown\dist\sim\dex-abilities.js:75:22)
    at DexAbilities.get (C:\Users\PcMai\OneDrive\Desktop\Showdown\dist\sim\dex-abilities.js:66:17)
    at DexAbilities.getByID (C:\Users\PcMai\OneDrive\Desktop\Showdown\dist\sim\dex-abilities.js:75:22)
    at DexAbilities.get (C:\Users\PcMai\OneDrive\Desktop\Showdown\dist\sim\dex-abilities.js:66:17)

Error: A query originating in team-validator-async.js took too long to complete; the process has been respawned.
{"formatid":"torneosdedsafiopokmon","options":{"user":"hitsusenpai"},"team":"Titanix|sigilyph|laxincense|intimidate|liofilizacin,pazmental,relajo,poderpasado|Docile|84,84,84,84,84,84|F|||54|]Elegido|dusclops|eviolite|mummy|mofa,demolicin,mofleteesttico,deteccin|Bold|84,84,84,84,84,84|F|||54|]Bendicion|sylveon|pixieplate|turboblaze|fuerzalunar,estoicismo,proteccin,relajo|Quiet|84,84,84,84,84,84|M|||54|]Sr. Puerró|mamoswine|toxicorb|toxicboost|fuerzatelrica,alud,idayvuelta,proteccin|Docile|84,84,84,84,84,84|M|||54|]Hentai|tentacruel|blacksludge|speedboost|salpicar,liofilizacin,solmatinal,proteccin|Hasty|84,84,84,84,84,84|M|||54|]Metagross-Mega||metagrossite|telepathy|golpeareo,agilidad,puobala,terremoto||||||54|"}
    at Timeout._onTimeout (C:\Users\PcMai\OneDrive\Desktop\Showdown\lib\process-manager.ts:558:10)
    at listOnTimeout (node:internal/timers:594:17)
    at processTimers (node:internal/timers:529:7)

Error: Process team-validator-async.js 13668 crashed and had to be restarted
    at QueryProcessManager.releaseCrashed (C:\Users\PcMai\OneDrive\Desktop\Showdown\lib\process-manager.ts:471:4)
    at ChildProcess.<anonymous> (C:\Users\PcMai\OneDrive\Desktop\Showdown\lib\process-manager.ts:512:47)
    at ChildProcess.emit (node:events:518:28)
    at ChildProcess.emit (node:domain:489:12)
    at finish (node:internal/child_process:933:14)
    at processTicksAndRejections (node:internal/process/task_queues:85:11)

Error: IPC channel is already disconnected
    at ChildProcess.target.disconnect (node:internal/child_process:903:26)
    at QueryProcessWrapper.destroy (C:\Users\PcMai\OneDrive\Desktop\Showdown\lib\process-manager.ts:205:16)
    at QueryProcessWrapper.release (C:\Users\PcMai\OneDrive\Desktop\Showdown\lib\process-manager.ts:191:9)
    at QueryProcessManager.releaseCrashed (C:\Users\PcMai\OneDrive\Desktop\Showdown\lib\process-manager.ts:455:16)
    at ChildProcess.<anonymous> (C:\Users\PcMai\OneDrive\Desktop\Showdown\lib\process-manager.ts:512:47)
    at ChildProcess.emit (node:events:518:28)
    at ChildProcess.emit (node:domain:489:12)
    at finish (node:internal/child_process:933:14)
    at processTicksAndRejections (node:internal/process/task_queues:85:11)

Error: IPC channel is already disconnected
    at ChildProcess.target.disconnect (node:internal/child_process:903:26)
    at QueryProcessWrapper.destroy (C:\Users\PcMai\OneDrive\Desktop\Showdown\lib\process-manager.ts:205:16)
    at QueryProcessWrapper.release (C:\Users\PcMai\OneDrive\Desktop\Showdown\lib\process-manager.ts:191:9)
    at QueryProcessManager.releaseCrashed (C:\Users\PcMai\OneDrive\Desktop\Showdown\lib\process-manager.ts:455:16)
    at ChildProcess.<anonymous> (C:\Users\PcMai\OneDrive\Desktop\Showdown\lib\process-manager.ts:512:47)
    at ChildProcess.emit (node:events:518:28)
    at ChildProcess.emit (node:domain:489:12)
    at finish (node:internal/child_process:933:14)
    at processTicksAndRejections (node:internal/process/task_queues:85:11)

Error: IPC channel is already disconnected
    at ChildProcess.target.disconnect (node:internal/child_process:903:26)
    at QueryProcessWrapper.destroy (C:\Users\PcMai\OneDrive\Desktop\Showdown\lib\process-manager.ts:205:16)
    at QueryProcessWrapper.release (C:\Users\PcMai\OneDrive\Desktop\Showdown\lib\process-manager.ts:191:9)
    at QueryProcessManager.releaseCrashed (C:\Users\PcMai\OneDrive\Desktop\Showdown\lib\process-manager.ts:455:16)
    at ChildProcess.<anonymous> (C:\Users\PcMai\OneDrive\Desktop\Showdown\lib\process-manager.ts:512:47)
    at ChildProcess.emit (node:events:518:28)
    at ChildProcess.emit (node:domain:489:12)
    at finish (node:internal/child_process:933:14)
    at processTicksAndRejections (node:internal/process/task_queues:85:11)

Error: IPC channel is already disconnected
    at ChildProcess.target.disconnect (node:internal/child_process:903:26)
    at QueryProcessWrapper.destroy (C:\Users\PcMai\OneDrive\Desktop\Showdown\lib\process-manager.ts:205:16)
    at QueryProcessWrapper.release (C:\Users\PcMai\OneDrive\Desktop\Showdown\lib\process-manager.ts:191:9)
    at QueryProcessManager.releaseCrashed (C:\Users\PcMai\OneDrive\Desktop\Showdown\lib\process-manager.ts:455:16)
    at ChildProcess.<anonymous> (C:\Users\PcMai\OneDrive\Desktop\Showdown\lib\process-manager.ts:512:47)
    at ChildProcess.emit (node:events:518:28)
    at ChildProcess.emit (node:domain:489:12)
    at finish (node:internal/child_process:933:14)
    at processTicksAndRejections (node:internal/process/task_queues:85:11)

Error: Process sockets.js 32132 crashed and had to be restarted
    at RawProcessManager.releaseCrashed (C:\Users\PcMai\OneDrive\Desktop\Showdown\lib\process-manager.ts:471:4)
    at Worker.<anonymous> (C:\Users\PcMai\OneDrive\Desktop\Showdown\lib\process-manager.ts:512:47)
    at Worker.emit (node:events:518:28)
    at Worker.emit (node:domain:489:12)
    at ChildProcess.<anonymous> (node:internal/cluster/primary:209:12)
    at Object.onceWrapper (node:events:632:28)
    at ChildProcess.emit (node:events:518:28)
    at ChildProcess.emit (node:domain:489:12)
    at finish (node:internal/child_process:933:14)
    at processTicksAndRejections (node:internal/process/task_queues:85:11)

Error: IPC channel is already disconnected
    at ChildProcess.target.disconnect (node:internal/child_process:903:26)
    at QueryProcessWrapper.destroy (C:\Users\PcMai\OneDrive\Desktop\Showdown\lib\process-manager.ts:205:16)
    at QueryProcessWrapper.release (C:\Users\PcMai\OneDrive\Desktop\Showdown\lib\process-manager.ts:191:9)
    at QueryProcessManager.releaseCrashed (C:\Users\PcMai\OneDrive\Desktop\Showdown\lib\process-manager.ts:455:16)
    at ChildProcess.<anonymous> (C:\Users\PcMai\OneDrive\Desktop\Showdown\lib\process-manager.ts:512:47)
    at ChildProcess.emit (node:events:518:28)
    at ChildProcess.emit (node:domain:489:12)
    at finish (node:internal/child_process:933:14)
    at processTicksAndRejections (node:internal/process/task_queues:85:11)

Error: IPC channel is already disconnected
    at ChildProcess.target.disconnect (node:internal/child_process:903:26)
    at StreamProcessWrapper.destroy (C:\Users\PcMai\OneDrive\Desktop\Showdown\lib\process-manager.ts:321:16)
    at StreamProcessWrapper.release (C:\Users\PcMai\OneDrive\Desktop\Showdown\lib\process-manager.ts:307:14)
    at StreamProcessManager.releaseCrashed (C:\Users\PcMai\OneDrive\Desktop\Showdown\lib\process-manager.ts:455:16)
    at ChildProcess.<anonymous> (C:\Users\PcMai\OneDrive\Desktop\Showdown\lib\process-manager.ts:512:47)
    at ChildProcess.emit (node:events:518:28)
    at ChildProcess.emit (node:domain:489:12)
    at finish (node:internal/child_process:933:14)
    at processTicksAndRejections (node:internal/process/task_queues:85:11)

Error: IPC channel is already disconnected
    at ChildProcess.target.disconnect (node:internal/child_process:903:26)
    at QueryProcessWrapper.destroy (C:\Users\PcMai\OneDrive\Desktop\Showdown\lib\process-manager.ts:205:16)
    at QueryProcessWrapper.release (C:\Users\PcMai\OneDrive\Desktop\Showdown\lib\process-manager.ts:191:9)
    at SQLDatabaseManager.releaseCrashed (C:\Users\PcMai\OneDrive\Desktop\Showdown\lib\process-manager.ts:455:16)
    at ChildProcess.<anonymous> (C:\Users\PcMai\OneDrive\Desktop\Showdown\lib\process-manager.ts:512:47)
    at ChildProcess.emit (node:events:518:28)
    at ChildProcess.emit (node:domain:489:12)
    at finish (node:internal/child_process:933:14)
    at processTicksAndRejections (node:internal/process/task_queues:85:11)

RangeError: Maximum call stack size exceeded
    at ModdedDex.loadData (C:\Users\PcMai\OneDrive\Desktop\Showdown\dist\sim\dex.js:471:11)
    at get data (C:\Users\PcMai\OneDrive\Desktop\Showdown\dist\sim\dex.js:142:17)
    at DexAbilities.getByID (C:\Users\PcMai\OneDrive\Desktop\Showdown\dist\sim\dex-abilities.js:74:18)
    at DexAbilities.get (C:\Users\PcMai\OneDrive\Desktop\Showdown\dist\sim\dex-abilities.js:66:17)
    at DexAbilities.getByID (C:\Users\PcMai\OneDrive\Desktop\Showdown\dist\sim\dex-abilities.js:75:22)
    at DexAbilities.get (C:\Users\PcMai\OneDrive\Desktop\Showdown\dist\sim\dex-abilities.js:66:17)
    at DexAbilities.getByID (C:\Users\PcMai\OneDrive\Desktop\Showdown\dist\sim\dex-abilities.js:75:22)
    at DexAbilities.get (C:\Users\PcMai\OneDrive\Desktop\Showdown\dist\sim\dex-abilities.js:66:17)
    at DexAbilities.getByID (C:\Users\PcMai\OneDrive\Desktop\Showdown\dist\sim\dex-abilities.js:75:22)
    at DexAbilities.get (C:\Users\PcMai\OneDrive\Desktop\Showdown\dist\sim\dex-abilities.js:66:17)

RangeError: Maximum call stack size exceeded
    at ModdedDex.loadData (C:\Users\PcMai\OneDrive\Desktop\Showdown\dist\sim\dex.js:471:11)
    at get data (C:\Users\PcMai\OneDrive\Desktop\Showdown\dist\sim\dex.js:142:17)
    at DexAbilities.getByID (C:\Users\PcMai\OneDrive\Desktop\Showdown\dist\sim\dex-abilities.js:74:18)
    at DexAbilities.get (C:\Users\PcMai\OneDrive\Desktop\Showdown\dist\sim\dex-abilities.js:66:17)
    at DexAbilities.getByID (C:\Users\PcMai\OneDrive\Desktop\Showdown\dist\sim\dex-abilities.js:75:22)
    at DexAbilities.get (C:\Users\PcMai\OneDrive\Desktop\Showdown\dist\sim\dex-abilities.js:66:17)
    at DexAbilities.getByID (C:\Users\PcMai\OneDrive\Desktop\Showdown\dist\sim\dex-abilities.js:75:22)
    at DexAbilities.get (C:\Users\PcMai\OneDrive\Desktop\Showdown\dist\sim\dex-abilities.js:66:17)
    at DexAbilities.getByID (C:\Users\PcMai\OneDrive\Desktop\Showdown\dist\sim\dex-abilities.js:75:22)
    at DexAbilities.get (C:\Users\PcMai\OneDrive\Desktop\Showdown\dist\sim\dex-abilities.js:66:17)

RangeError: Maximum call stack size exceeded
    at ModdedDex.loadData (C:\Users\PcMai\OneDrive\Desktop\Showdown\dist\sim\dex.js:471:11)
    at get data (C:\Users\PcMai\OneDrive\Desktop\Showdown\dist\sim\dex.js:142:17)
    at DexAbilities.getByID (C:\Users\PcMai\OneDrive\Desktop\Showdown\dist\sim\dex-abilities.js:74:18)
    at DexAbilities.get (C:\Users\PcMai\OneDrive\Desktop\Showdown\dist\sim\dex-abilities.js:66:17)
    at DexAbilities.getByID (C:\Users\PcMai\OneDrive\Desktop\Showdown\dist\sim\dex-abilities.js:75:22)
    at DexAbilities.get (C:\Users\PcMai\OneDrive\Desktop\Showdown\dist\sim\dex-abilities.js:66:17)
    at DexAbilities.getByID (C:\Users\PcMai\OneDrive\Desktop\Showdown\dist\sim\dex-abilities.js:75:22)
    at DexAbilities.get (C:\Users\PcMai\OneDrive\Desktop\Showdown\dist\sim\dex-abilities.js:66:17)
    at DexAbilities.getByID (C:\Users\PcMai\OneDrive\Desktop\Showdown\dist\sim\dex-abilities.js:75:22)
    at DexAbilities.get (C:\Users\PcMai\OneDrive\Desktop\Showdown\dist\sim\dex-abilities.js:66:17)

RangeError: Maximum call stack size exceeded
    at ModdedDex.loadData (C:\Users\PcMai\OneDrive\Desktop\Showdown\dist\sim\dex.js:471:11)
    at get data (C:\Users\PcMai\OneDrive\Desktop\Showdown\dist\sim\dex.js:142:17)
    at DexAbilities.getByID (C:\Users\PcMai\OneDrive\Desktop\Showdown\dist\sim\dex-abilities.js:74:18)
    at DexAbilities.get (C:\Users\PcMai\OneDrive\Desktop\Showdown\dist\sim\dex-abilities.js:66:17)
    at DexAbilities.getByID (C:\Users\PcMai\OneDrive\Desktop\Showdown\dist\sim\dex-abilities.js:75:22)
    at DexAbilities.get (C:\Users\PcMai\OneDrive\Desktop\Showdown\dist\sim\dex-abilities.js:66:17)
    at DexAbilities.getByID (C:\Users\PcMai\OneDrive\Desktop\Showdown\dist\sim\dex-abilities.js:75:22)
    at DexAbilities.get (C:\Users\PcMai\OneDrive\Desktop\Showdown\dist\sim\dex-abilities.js:66:17)
    at DexAbilities.getByID (C:\Users\PcMai\OneDrive\Desktop\Showdown\dist\sim\dex-abilities.js:75:22)
    at DexAbilities.get (C:\Users\PcMai\OneDrive\Desktop\Showdown\dist\sim\dex-abilities.js:66:17)

RangeError: Maximum call stack size exceeded
    at ModdedDex.loadData (C:\Users\PcMai\OneDrive\Desktop\Showdown\dist\sim\dex.js:471:11)
    at get data (C:\Users\PcMai\OneDrive\Desktop\Showdown\dist\sim\dex.js:142:17)
    at DexAbilities.getByID (C:\Users\PcMai\OneDrive\Desktop\Showdown\dist\sim\dex-abilities.js:74:18)
    at DexAbilities.get (C:\Users\PcMai\OneDrive\Desktop\Showdown\dist\sim\dex-abilities.js:66:17)
    at DexAbilities.getByID (C:\Users\PcMai\OneDrive\Desktop\Showdown\dist\sim\dex-abilities.js:75:22)
    at DexAbilities.get (C:\Users\PcMai\OneDrive\Desktop\Showdown\dist\sim\dex-abilities.js:66:17)
    at DexAbilities.getByID (C:\Users\PcMai\OneDrive\Desktop\Showdown\dist\sim\dex-abilities.js:75:22)
    at DexAbilities.get (C:\Users\PcMai\OneDrive\Desktop\Showdown\dist\sim\dex-abilities.js:66:17)
    at DexAbilities.getByID (C:\Users\PcMai\OneDrive\Desktop\Showdown\dist\sim\dex-abilities.js:75:22)
    at DexAbilities.get (C:\Users\PcMai\OneDrive\Desktop\Showdown\dist\sim\dex-abilities.js:66:17)

RangeError: Maximum call stack size exceeded
    at ModdedDex.loadData (C:\Users\PcMai\OneDrive\Desktop\Showdown\dist\sim\dex.js:471:11)
    at get data (C:\Users\PcMai\OneDrive\Desktop\Showdown\dist\sim\dex.js:142:17)
    at DexAbilities.getByID (C:\Users\PcMai\OneDrive\Desktop\Showdown\dist\sim\dex-abilities.js:74:18)
    at DexAbilities.get (C:\Users\PcMai\OneDrive\Desktop\Showdown\dist\sim\dex-abilities.js:66:17)
    at DexAbilities.getByID (C:\Users\PcMai\OneDrive\Desktop\Showdown\dist\sim\dex-abilities.js:75:22)
    at DexAbilities.get (C:\Users\PcMai\OneDrive\Desktop\Showdown\dist\sim\dex-abilities.js:66:17)
    at DexAbilities.getByID (C:\Users\PcMai\OneDrive\Desktop\Showdown\dist\sim\dex-abilities.js:75:22)
    at DexAbilities.get (C:\Users\PcMai\OneDrive\Desktop\Showdown\dist\sim\dex-abilities.js:66:17)
    at DexAbilities.getByID (C:\Users\PcMai\OneDrive\Desktop\Showdown\dist\sim\dex-abilities.js:75:22)
    at DexAbilities.get (C:\Users\PcMai\OneDrive\Desktop\Showdown\dist\sim\dex-abilities.js:66:17)

RangeError: Maximum call stack size exceeded
    at ModdedDex.loadData (C:\Users\PcMai\OneDrive\Desktop\Showdown\dist\sim\dex.js:471:11)
    at get data (C:\Users\PcMai\OneDrive\Desktop\Showdown\dist\sim\dex.js:142:17)
    at DexAbilities.getByID (C:\Users\PcMai\OneDrive\Desktop\Showdown\dist\sim\dex-abilities.js:74:18)
    at DexAbilities.get (C:\Users\PcMai\OneDrive\Desktop\Showdown\dist\sim\dex-abilities.js:66:17)
    at DexAbilities.getByID (C:\Users\PcMai\OneDrive\Desktop\Showdown\dist\sim\dex-abilities.js:75:22)
    at DexAbilities.get (C:\Users\PcMai\OneDrive\Desktop\Showdown\dist\sim\dex-abilities.js:66:17)
    at DexAbilities.getByID (C:\Users\PcMai\OneDrive\Desktop\Showdown\dist\sim\dex-abilities.js:75:22)
    at DexAbilities.get (C:\Users\PcMai\OneDrive\Desktop\Showdown\dist\sim\dex-abilities.js:66:17)
    at DexAbilities.getByID (C:\Users\PcMai\OneDrive\Desktop\Showdown\dist\sim\dex-abilities.js:75:22)
    at DexAbilities.get (C:\Users\PcMai\OneDrive\Desktop\Showdown\dist\sim\dex-abilities.js:66:17)

SyntaxError: Unexpected token '<', "<br />
<b>"... is not valid JSON
    at JSON.parse (<anonymous>)
    at getLadderTop (C:\Users\PcMai\OneDrive\Desktop\Showdown\server\chat-plugins\seasons.ts:148:22)
    at processTicksAndRejections (node:internal/process/task_queues:105:5)
    at updateBadgeholders (C:\Users\PcMai\OneDrive\Desktop\Showdown\server\chat-plugins\seasons.ts:164:20)

Error: IPC channel is already disconnected
    at ChildProcess.target.disconnect (node:internal/child_process:903:26)
    at QueryProcessWrapper.destroy (C:\Users\PcMai\OneDrive\Desktop\Showdown\lib\process-manager.ts:205:16)
    at QueryProcessWrapper.release (C:\Users\PcMai\OneDrive\Desktop\Showdown\lib\process-manager.ts:191:9)
    at QueryProcessManager.releaseCrashed (C:\Users\PcMai\OneDrive\Desktop\Showdown\lib\process-manager.ts:455:16)
    at ChildProcess.<anonymous> (C:\Users\PcMai\OneDrive\Desktop\Showdown\lib\process-manager.ts:512:47)
    at ChildProcess.emit (node:events:518:28)
    at ChildProcess.emit (node:domain:489:12)
    at finish (node:internal/child_process:933:14)
    at processTicksAndRejections (node:internal/process/task_queues:85:11)

Error: IPC channel is already disconnected
    at ChildProcess.target.disconnect (node:internal/child_process:903:26)
    at QueryProcessWrapper.destroy (C:\Users\PcMai\OneDrive\Desktop\Showdown\lib\process-manager.ts:205:16)
    at QueryProcessWrapper.release (C:\Users\PcMai\OneDrive\Desktop\Showdown\lib\process-manager.ts:191:9)
    at QueryProcessManager.releaseCrashed (C:\Users\PcMai\OneDrive\Desktop\Showdown\lib\process-manager.ts:455:16)
    at ChildProcess.<anonymous> (C:\Users\PcMai\OneDrive\Desktop\Showdown\lib\process-manager.ts:512:47)
    at ChildProcess.emit (node:events:518:28)
    at ChildProcess.emit (node:domain:489:12)
    at finish (node:internal/child_process:933:14)
    at processTicksAndRejections (node:internal/process/task_queues:85:11)

Error: IPC channel is already disconnected
    at ChildProcess.target.disconnect (node:internal/child_process:903:26)
    at QueryProcessWrapper.destroy (C:\Users\PcMai\OneDrive\Desktop\Showdown\lib\process-manager.ts:205:16)
    at QueryProcessWrapper.release (C:\Users\PcMai\OneDrive\Desktop\Showdown\lib\process-manager.ts:191:9)
    at QueryProcessManager.releaseCrashed (C:\Users\PcMai\OneDrive\Desktop\Showdown\lib\process-manager.ts:455:16)
    at ChildProcess.<anonymous> (C:\Users\PcMai\OneDrive\Desktop\Showdown\lib\process-manager.ts:512:47)
    at ChildProcess.emit (node:events:518:28)
    at ChildProcess.emit (node:domain:489:12)
    at finish (node:internal/child_process:933:14)
    at processTicksAndRejections (node:internal/process/task_queues:85:11)

Error: Process room-battle.js 19548 crashed and had to be restarted
    at StreamProcessManager.releaseCrashed (C:\Users\PcMai\OneDrive\Desktop\Showdown\lib\process-manager.ts:471:4)
    at ChildProcess.<anonymous> (C:\Users\PcMai\OneDrive\Desktop\Showdown\lib\process-manager.ts:512:47)
    at ChildProcess.emit (node:events:518:28)
    at ChildProcess.emit (node:domain:489:12)
    at finish (node:internal/child_process:933:14)
    at processTicksAndRejections (node:internal/process/task_queues:85:11)

SyntaxError: Unexpected token '<', "<br />
<b>"... is not valid JSON
    at JSON.parse (<anonymous>)
    at getLadderTop (C:\Users\PcMai\OneDrive\Desktop\Showdown\server\chat-plugins\seasons.ts:148:22)
    at processTicksAndRejections (node:internal/process/task_queues:105:5)
    at updateBadgeholders (C:\Users\PcMai\OneDrive\Desktop\Showdown\server\chat-plugins\seasons.ts:164:20)

Error: IPC channel is already disconnected
    at ChildProcess.target.disconnect (node:internal/child_process:903:26)
    at QueryProcessWrapper.destroy (C:\Users\PcMai\OneDrive\Desktop\Showdown\lib\process-manager.ts:205:16)
    at QueryProcessWrapper.release (C:\Users\PcMai\OneDrive\Desktop\Showdown\lib\process-manager.ts:191:9)
    at QueryProcessManager.releaseCrashed (C:\Users\PcMai\OneDrive\Desktop\Showdown\lib\process-manager.ts:455:16)
    at ChildProcess.<anonymous> (C:\Users\PcMai\OneDrive\Desktop\Showdown\lib\process-manager.ts:512:47)
    at ChildProcess.emit (node:events:518:28)
    at ChildProcess.emit (node:domain:489:12)
    at finish (node:internal/child_process:933:14)
    at processTicksAndRejections (node:internal/process/task_queues:85:11)

Error: IPC channel is already disconnected
    at ChildProcess.target.disconnect (node:internal/child_process:903:26)
    at QueryProcessWrapper.destroy (C:\Users\PcMai\OneDrive\Desktop\Showdown\lib\process-manager.ts:205:16)
    at QueryProcessWrapper.release (C:\Users\PcMai\OneDrive\Desktop\Showdown\lib\process-manager.ts:191:9)
    at QueryProcessManager.releaseCrashed (C:\Users\PcMai\OneDrive\Desktop\Showdown\lib\process-manager.ts:455:16)
    at ChildProcess.<anonymous> (C:\Users\PcMai\OneDrive\Desktop\Showdown\lib\process-manager.ts:512:47)
    at ChildProcess.emit (node:events:518:28)
    at ChildProcess.emit (node:domain:489:12)
    at finish (node:internal/child_process:933:14)
    at processTicksAndRejections (node:internal/process/task_queues:85:11)

Error: IPC channel is already disconnected
    at ChildProcess.target.disconnect (node:internal/child_process:903:26)
    at QueryProcessWrapper.destroy (C:\Users\PcMai\OneDrive\Desktop\Showdown\lib\process-manager.ts:205:16)
    at QueryProcessWrapper.release (C:\Users\PcMai\OneDrive\Desktop\Showdown\lib\process-manager.ts:191:9)
    at QueryProcessManager.releaseCrashed (C:\Users\PcMai\OneDrive\Desktop\Showdown\lib\process-manager.ts:455:16)
    at ChildProcess.<anonymous> (C:\Users\PcMai\OneDrive\Desktop\Showdown\lib\process-manager.ts:512:47)
    at ChildProcess.emit (node:events:518:28)
    at ChildProcess.emit (node:domain:489:12)
    at finish (node:internal/child_process:933:14)
    at processTicksAndRejections (node:internal/process/task_queues:85:11)

Error: Process room-battle.js 22404 crashed and had to be restarted
    at StreamProcessManager.releaseCrashed (C:\Users\PcMai\OneDrive\Desktop\Showdown\lib\process-manager.ts:471:4)
    at ChildProcess.<anonymous> (C:\Users\PcMai\OneDrive\Desktop\Showdown\lib\process-manager.ts:512:47)
    at ChildProcess.emit (node:events:518:28)
    at ChildProcess.emit (node:domain:489:12)
    at finish (node:internal/child_process:933:14)
    at processTicksAndRejections (node:internal/process/task_queues:85:11)

Error: IPC channel is already disconnected
    at ChildProcess.target.disconnect (node:internal/child_process:903:26)
    at QueryProcessWrapper.destroy (C:\Users\PcMai\OneDrive\Desktop\Showdown\lib\process-manager.ts:205:16)
    at QueryProcessWrapper.release (C:\Users\PcMai\OneDrive\Desktop\Showdown\lib\process-manager.ts:191:9)
    at SQLDatabaseManager.releaseCrashed (C:\Users\PcMai\OneDrive\Desktop\Showdown\lib\process-manager.ts:455:16)
    at ChildProcess.<anonymous> (C:\Users\PcMai\OneDrive\Desktop\Showdown\lib\process-manager.ts:512:47)
    at ChildProcess.emit (node:events:518:28)
    at ChildProcess.emit (node:domain:489:12)
    at finish (node:internal/child_process:933:14)
    at processTicksAndRejections (node:internal/process/task_queues:85:11)

Error [ERR_HTTP_HEADERS_SENT]: Cannot write headers after they are sent to the client
    at ServerResponse.writeHead (node:_http_server:351:11)
    at Server.finish (C:\Users\PcMai\OneDrive\Desktop\Showdown\node_modules\node-static\lib\node-static.js:117:19)
    at C:\Users\PcMai\OneDrive\Desktop\Showdown\node_modules\node-static\lib\node-static.js:94:18
    at C:\Users\PcMai\OneDrive\Desktop\Showdown\node_modules\node-static\lib\node-static.js:337:13
    at streamFile (C:\Users\PcMai\OneDrive\Desktop\Showdown\node_modules\node-static\lib\node-static.js:382:13)
    at ReadStream.<anonymous> (C:\Users\PcMai\OneDrive\Desktop\Showdown\node_modules\node-static\lib\node-static.js:375:17)
    at ReadStream.emit (node:events:518:28)
    at ReadStream.emit (node:domain:489:12)
    at emitCloseNT (node:internal/streams/destroy:148:10)
    at process.processTicksAndRejections (node:internal/process/task_queues:89:21)

Error [ERR_HTTP_HEADERS_SENT]: Cannot write headers after they are sent to the client
    at ServerResponse.writeHead (node:_http_server:351:11)
    at Server.finish (C:\Users\PcMai\OneDrive\Desktop\Showdown\node_modules\node-static\lib\node-static.js:117:19)
    at C:\Users\PcMai\OneDrive\Desktop\Showdown\node_modules\node-static\lib\node-static.js:94:18
    at C:\Users\PcMai\OneDrive\Desktop\Showdown\node_modules\node-static\lib\node-static.js:337:13
    at streamFile (C:\Users\PcMai\OneDrive\Desktop\Showdown\node_modules\node-static\lib\node-static.js:382:13)
    at ReadStream.<anonymous> (C:\Users\PcMai\OneDrive\Desktop\Showdown\node_modules\node-static\lib\node-static.js:375:17)
    at ReadStream.emit (node:events:518:28)
    at ReadStream.emit (node:domain:489:12)
    at emitCloseNT (node:internal/streams/destroy:148:10)
    at process.processTicksAndRejections (node:internal/process/task_queues:89:21)

RangeError: Maximum call stack size exceeded
    at String.replace (<anonymous>)
    at toID (C:\Users\PcMai\OneDrive\Desktop\Showdown\dist\sim\dex-data.js:47:29)
    at DexMoves.get (C:\Users\PcMai\OneDrive\Desktop\Showdown\dist\sim\dex-moves.js:167:48)
    at DexMoves.getByID (C:\Users\PcMai\OneDrive\Desktop\Showdown\dist\sim\dex-moves.js:177:19)
    at DexMoves.get (C:\Users\PcMai\OneDrive\Desktop\Showdown\dist\sim\dex-moves.js:168:17)
    at DexMoves.getByID (C:\Users\PcMai\OneDrive\Desktop\Showdown\dist\sim\dex-moves.js:177:19)
    at DexMoves.get (C:\Users\PcMai\OneDrive\Desktop\Showdown\dist\sim\dex-moves.js:168:17)
    at DexMoves.getByID (C:\Users\PcMai\OneDrive\Desktop\Showdown\dist\sim\dex-moves.js:177:19)
    at DexMoves.get (C:\Users\PcMai\OneDrive\Desktop\Showdown\dist\sim\dex-moves.js:168:17)
    at DexMoves.getByID (C:\Users\PcMai\OneDrive\Desktop\Showdown\dist\sim\dex-moves.js:177:19)

RangeError: Maximum call stack size exceeded
    at String.replace (<anonymous>)
    at toID (C:\Users\PcMai\OneDrive\Desktop\Showdown\dist\sim\dex-data.js:47:29)
    at DexMoves.get (C:\Users\PcMai\OneDrive\Desktop\Showdown\dist\sim\dex-moves.js:167:48)
    at DexMoves.getByID (C:\Users\PcMai\OneDrive\Desktop\Showdown\dist\sim\dex-moves.js:177:19)
    at DexMoves.get (C:\Users\PcMai\OneDrive\Desktop\Showdown\dist\sim\dex-moves.js:168:17)
    at DexMoves.getByID (C:\Users\PcMai\OneDrive\Desktop\Showdown\dist\sim\dex-moves.js:177:19)
    at DexMoves.get (C:\Users\PcMai\OneDrive\Desktop\Showdown\dist\sim\dex-moves.js:168:17)
    at DexMoves.getByID (C:\Users\PcMai\OneDrive\Desktop\Showdown\dist\sim\dex-moves.js:177:19)
    at DexMoves.get (C:\Users\PcMai\OneDrive\Desktop\Showdown\dist\sim\dex-moves.js:168:17)
    at DexMoves.getByID (C:\Users\PcMai\OneDrive\Desktop\Showdown\dist\sim\dex-moves.js:177:19)

RangeError: Maximum call stack size exceeded
    at String.replace (<anonymous>)
    at toID (C:\Users\PcMai\OneDrive\Desktop\Showdown\dist\sim\dex-data.js:47:29)
    at DexMoves.get (C:\Users\PcMai\OneDrive\Desktop\Showdown\dist\sim\dex-moves.js:167:48)
    at DexMoves.getByID (C:\Users\PcMai\OneDrive\Desktop\Showdown\dist\sim\dex-moves.js:177:19)
    at DexMoves.get (C:\Users\PcMai\OneDrive\Desktop\Showdown\dist\sim\dex-moves.js:168:17)
    at DexMoves.getByID (C:\Users\PcMai\OneDrive\Desktop\Showdown\dist\sim\dex-moves.js:177:19)
    at DexMoves.get (C:\Users\PcMai\OneDrive\Desktop\Showdown\dist\sim\dex-moves.js:168:17)
    at DexMoves.getByID (C:\Users\PcMai\OneDrive\Desktop\Showdown\dist\sim\dex-moves.js:177:19)
    at DexMoves.get (C:\Users\PcMai\OneDrive\Desktop\Showdown\dist\sim\dex-moves.js:168:17)
    at DexMoves.getByID (C:\Users\PcMai\OneDrive\Desktop\Showdown\dist\sim\dex-moves.js:177:19)

RangeError: Maximum call stack size exceeded
    at String.replace (<anonymous>)
    at toID (C:\Users\PcMai\OneDrive\Desktop\Showdown\dist\sim\dex-data.js:47:29)
    at DexMoves.get (C:\Users\PcMai\OneDrive\Desktop\Showdown\dist\sim\dex-moves.js:167:48)
    at DexMoves.getByID (C:\Users\PcMai\OneDrive\Desktop\Showdown\dist\sim\dex-moves.js:177:19)
    at DexMoves.get (C:\Users\PcMai\OneDrive\Desktop\Showdown\dist\sim\dex-moves.js:168:17)
    at DexMoves.getByID (C:\Users\PcMai\OneDrive\Desktop\Showdown\dist\sim\dex-moves.js:177:19)
    at DexMoves.get (C:\Users\PcMai\OneDrive\Desktop\Showdown\dist\sim\dex-moves.js:168:17)
    at DexMoves.getByID (C:\Users\PcMai\OneDrive\Desktop\Showdown\dist\sim\dex-moves.js:177:19)
    at DexMoves.get (C:\Users\PcMai\OneDrive\Desktop\Showdown\dist\sim\dex-moves.js:168:17)
    at DexMoves.getByID (C:\Users\PcMai\OneDrive\Desktop\Showdown\dist\sim\dex-moves.js:177:19)

Error: A query originating in team-validator-async.js took too long to complete; the process has been respawned.
{"formatid":"torneosdedsafiopokmon","options":{"removeNicknames":false,"user":"priciadedsafio"},"team":"Arcanine||lifeorb|magicguard|fuerzatelrica,puyanociva,deteccin,estallido|Timid|84,84,84,84,84,84|F||||]Togekiss||widelens|contrary|ventisca,brillomgico,proteccin,lluviagnea|Timid|84,84,84,84,84,84|M||||]Rotom-Wash||focussash|lightningrod|voltiocambio,sntesis,barreraespinosa,estallido|Adamant|84,84,84,84,84,84|||||]Charizard-Mega-X||charizarditex|filter|estallido,proteccin,cargadragn,rayofusin|Quirky|84,84,84,84,84,84|M||||]Slaking||assaultvest|intimidate|puometeoro,fuerzatelrica,cascada,fuerza|Impish|84,84,84,84,84,84|F||||]Archeops||choiceband|cheekpouch|ltimapalabra,pjaroosado,rocaafilada,explosin|Quirky|84,84,84,84,84,84|M||||"}
    at Timeout._onTimeout (C:\Users\PcMai\OneDrive\Desktop\Showdown\lib\process-manager.ts:558:10)
    at listOnTimeout (node:internal/timers:594:17)
    at processTimers (node:internal/timers:529:7)

Error: Process team-validator-async.js 15532 crashed and had to be restarted
    at QueryProcessManager.releaseCrashed (C:\Users\PcMai\OneDrive\Desktop\Showdown\lib\process-manager.ts:471:4)
    at ChildProcess.<anonymous> (C:\Users\PcMai\OneDrive\Desktop\Showdown\lib\process-manager.ts:512:47)
    at ChildProcess.emit (node:events:518:28)
    at ChildProcess.emit (node:domain:489:12)
    at finish (node:internal/child_process:933:14)
    at processTicksAndRejections (node:internal/process/task_queues:85:11)

RangeError: Maximum call stack size exceeded
    at String.replace (<anonymous>)
    at toID (C:\Users\PcMai\OneDrive\Desktop\Showdown\dist\sim\dex-data.js:47:29)
    at DexMoves.get (C:\Users\PcMai\OneDrive\Desktop\Showdown\dist\sim\dex-moves.js:167:48)
    at DexMoves.getByID (C:\Users\PcMai\OneDrive\Desktop\Showdown\dist\sim\dex-moves.js:177:19)
    at DexMoves.get (C:\Users\PcMai\OneDrive\Desktop\Showdown\dist\sim\dex-moves.js:168:17)
    at DexMoves.getByID (C:\Users\PcMai\OneDrive\Desktop\Showdown\dist\sim\dex-moves.js:177:19)
    at DexMoves.get (C:\Users\PcMai\OneDrive\Desktop\Showdown\dist\sim\dex-moves.js:168:17)
    at DexMoves.getByID (C:\Users\PcMai\OneDrive\Desktop\Showdown\dist\sim\dex-moves.js:177:19)
    at DexMoves.get (C:\Users\PcMai\OneDrive\Desktop\Showdown\dist\sim\dex-moves.js:168:17)
    at DexMoves.getByID (C:\Users\PcMai\OneDrive\Desktop\Showdown\dist\sim\dex-moves.js:177:19)

Error: A query originating in team-validator-async.js took too long to complete; the process has been respawned.
No debug information found.
    at Timeout._onTimeout (C:\Users\PcMai\OneDrive\Desktop\Showdown\lib\process-manager.ts:558:10)
    at listOnTimeout (node:internal/timers:594:17)
    at processTimers (node:internal/timers:529:7)

Error: Process team-validator-async.js 13124 crashed and had to be restarted
    at QueryProcessManager.releaseCrashed (C:\Users\PcMai\OneDrive\Desktop\Showdown\lib\process-manager.ts:471:4)
    at ChildProcess.<anonymous> (C:\Users\PcMai\OneDrive\Desktop\Showdown\lib\process-manager.ts:512:47)
    at ChildProcess.emit (node:events:518:28)
    at ChildProcess.emit (node:domain:489:12)
    at finish (node:internal/child_process:933:14)
    at processTicksAndRejections (node:internal/process/task_queues:85:11)

Error: IPC channel is already disconnected
    at ChildProcess.target.disconnect (node:internal/child_process:903:26)
    at QueryProcessWrapper.destroy (C:\Users\PcMai\OneDrive\Desktop\Showdown\lib\process-manager.ts:205:16)
    at QueryProcessWrapper.release (C:\Users\PcMai\OneDrive\Desktop\Showdown\lib\process-manager.ts:191:9)
    at QueryProcessManager.releaseCrashed (C:\Users\PcMai\OneDrive\Desktop\Showdown\lib\process-manager.ts:455:16)
    at ChildProcess.<anonymous> (C:\Users\PcMai\OneDrive\Desktop\Showdown\lib\process-manager.ts:512:47)
    at ChildProcess.emit (node:events:518:28)
    at ChildProcess.emit (node:domain:489:12)
    at finish (node:internal/child_process:933:14)
    at processTicksAndRejections (node:internal/process/task_queues:85:11)

Error: IPC channel is already disconnected
    at ChildProcess.target.disconnect (node:internal/child_process:903:26)
    at QueryProcessWrapper.destroy (C:\Users\PcMai\OneDrive\Desktop\Showdown\lib\process-manager.ts:205:16)
    at QueryProcessWrapper.release (C:\Users\PcMai\OneDrive\Desktop\Showdown\lib\process-manager.ts:191:9)
    at QueryProcessManager.releaseCrashed (C:\Users\PcMai\OneDrive\Desktop\Showdown\lib\process-manager.ts:455:16)
    at ChildProcess.<anonymous> (C:\Users\PcMai\OneDrive\Desktop\Showdown\lib\process-manager.ts:512:47)
    at ChildProcess.emit (node:events:518:28)
    at ChildProcess.emit (node:domain:489:12)
    at finish (node:internal/child_process:933:14)
    at processTicksAndRejections (node:internal/process/task_queues:85:11)

Error: IPC channel is already disconnected
    at ChildProcess.target.disconnect (node:internal/child_process:903:26)
    at QueryProcessWrapper.destroy (C:\Users\PcMai\OneDrive\Desktop\Showdown\lib\process-manager.ts:205:16)
    at QueryProcessWrapper.release (C:\Users\PcMai\OneDrive\Desktop\Showdown\lib\process-manager.ts:191:9)
    at QueryProcessManager.releaseCrashed (C:\Users\PcMai\OneDrive\Desktop\Showdown\lib\process-manager.ts:455:16)
    at ChildProcess.<anonymous> (C:\Users\PcMai\OneDrive\Desktop\Showdown\lib\process-manager.ts:512:47)
    at ChildProcess.emit (node:events:518:28)
    at ChildProcess.emit (node:domain:489:12)
    at finish (node:internal/child_process:933:14)
    at processTicksAndRejections (node:internal/process/task_queues:85:11)

Error: IPC channel is already disconnected
    at ChildProcess.target.disconnect (node:internal/child_process:903:26)
    at QueryProcessWrapper.destroy (C:\Users\PcMai\OneDrive\Desktop\Showdown\lib\process-manager.ts:205:16)
    at QueryProcessWrapper.release (C:\Users\PcMai\OneDrive\Desktop\Showdown\lib\process-manager.ts:191:9)
    at QueryProcessManager.releaseCrashed (C:\Users\PcMai\OneDrive\Desktop\Showdown\lib\process-manager.ts:455:16)
    at ChildProcess.<anonymous> (C:\Users\PcMai\OneDrive\Desktop\Showdown\lib\process-manager.ts:512:47)
    at ChildProcess.emit (node:events:518:28)
    at ChildProcess.emit (node:domain:489:12)
    at finish (node:internal/child_process:933:14)
    at processTicksAndRejections (node:internal/process/task_queues:85:11)

Error: IPC channel is already disconnected
    at ChildProcess.target.disconnect (node:internal/child_process:903:26)
    at QueryProcessWrapper.destroy (C:\Users\PcMai\OneDrive\Desktop\Showdown\lib\process-manager.ts:205:16)
    at QueryProcessWrapper.release (C:\Users\PcMai\OneDrive\Desktop\Showdown\lib\process-manager.ts:191:9)
    at QueryProcessManager.releaseCrashed (C:\Users\PcMai\OneDrive\Desktop\Showdown\lib\process-manager.ts:455:16)
    at ChildProcess.<anonymous> (C:\Users\PcMai\OneDrive\Desktop\Showdown\lib\process-manager.ts:512:47)
    at ChildProcess.emit (node:events:518:28)
    at ChildProcess.emit (node:domain:489:12)
    at finish (node:internal/child_process:933:14)
    at processTicksAndRejections (node:internal/process/task_queues:85:11)

Error: Process sockets.js 22108 crashed and had to be restarted
    at RawProcessManager.releaseCrashed (C:\Users\PcMai\OneDrive\Desktop\Showdown\lib\process-manager.ts:471:4)
    at Worker.<anonymous> (C:\Users\PcMai\OneDrive\Desktop\Showdown\lib\process-manager.ts:512:47)
    at Worker.emit (node:events:518:28)
    at Worker.emit (node:domain:489:12)
    at ChildProcess.<anonymous> (node:internal/cluster/primary:209:12)
    at Object.onceWrapper (node:events:632:28)
    at ChildProcess.emit (node:events:518:28)
    at ChildProcess.emit (node:domain:489:12)
    at finish (node:internal/child_process:933:14)
    at processTicksAndRejections (node:internal/process/task_queues:85:11)

Error: IPC channel is already disconnected
    at ChildProcess.target.disconnect (node:internal/child_process:903:26)
    at QueryProcessWrapper.destroy (C:\Users\PcMai\OneDrive\Desktop\Showdown\lib\process-manager.ts:205:16)
    at QueryProcessWrapper.release (C:\Users\PcMai\OneDrive\Desktop\Showdown\lib\process-manager.ts:191:9)
    at QueryProcessManager.releaseCrashed (C:\Users\PcMai\OneDrive\Desktop\Showdown\lib\process-manager.ts:455:16)
    at ChildProcess.<anonymous> (C:\Users\PcMai\OneDrive\Desktop\Showdown\lib\process-manager.ts:512:47)
    at ChildProcess.emit (node:events:518:28)
    at ChildProcess.emit (node:domain:489:12)
    at finish (node:internal/child_process:933:14)
    at processTicksAndRejections (node:internal/process/task_queues:85:11)

Error: Process room-battle.js 3604 crashed and had to be restarted
    at StreamProcessManager.releaseCrashed (C:\Users\PcMai\OneDrive\Desktop\Showdown\lib\process-manager.ts:471:4)
    at ChildProcess.<anonymous> (C:\Users\PcMai\OneDrive\Desktop\Showdown\lib\process-manager.ts:512:47)
    at ChildProcess.emit (node:events:518:28)
    at ChildProcess.emit (node:domain:489:12)
    at finish (node:internal/child_process:933:14)
    at processTicksAndRejections (node:internal/process/task_queues:85:11)

Error [ERR_HTTP_HEADERS_SENT]: Cannot write headers after they are sent to the client
    at ServerResponse.writeHead (node:_http_server:351:11)
    at Server.finish (C:\Users\PcMai\OneDrive\Desktop\Showdown\node_modules\node-static\lib\node-static.js:117:19)
    at C:\Users\PcMai\OneDrive\Desktop\Showdown\node_modules\node-static\lib\node-static.js:94:18
    at C:\Users\PcMai\OneDrive\Desktop\Showdown\node_modules\node-static\lib\node-static.js:337:13
    at streamFile (C:\Users\PcMai\OneDrive\Desktop\Showdown\node_modules\node-static\lib\node-static.js:382:13)
    at ReadStream.<anonymous> (C:\Users\PcMai\OneDrive\Desktop\Showdown\node_modules\node-static\lib\node-static.js:375:17)
    at ReadStream.emit (node:events:518:28)
    at ReadStream.emit (node:domain:489:12)
    at emitCloseNT (node:internal/streams/destroy:148:10)
    at process.processTicksAndRejections (node:internal/process/task_queues:89:21)

HttpError: Service Unavailable
    at NetRequest.get (C:\Users\PcMai\OneDrive\Desktop\Showdown\lib\net.ts:209:10)
    at processTicksAndRejections (node:internal/process/task_queues:105:5)
    at getLadderTop (C:\Users\PcMai\OneDrive\Desktop\Showdown\server\chat-plugins\seasons.ts:147:19)
    at updateBadgeholders (C:\Users\PcMai\OneDrive\Desktop\Showdown\server\chat-plugins\seasons.ts:164:20)

HttpError: Service Unavailable
    at NetRequest.get (C:\Users\PcMai\OneDrive\Desktop\Showdown\lib\net.ts:209:10)
    at processTicksAndRejections (node:internal/process/task_queues:105:5)
    at getLadderTop (C:\Users\PcMai\OneDrive\Desktop\Showdown\server\chat-plugins\seasons.ts:147:19)
    at updateBadgeholders (C:\Users\PcMai\OneDrive\Desktop\Showdown\server\chat-plugins\seasons.ts:164:20)

HttpError: Service Unavailable
    at NetRequest.get (C:\Users\PcMai\OneDrive\Desktop\Showdown\lib\net.ts:209:10)
    at processTicksAndRejections (node:internal/process/task_queues:105:5)
    at getLadderTop (C:\Users\PcMai\OneDrive\Desktop\Showdown\server\chat-plugins\seasons.ts:147:19)
    at updateBadgeholders (C:\Users\PcMai\OneDrive\Desktop\Showdown\server\chat-plugins\seasons.ts:164:20)

HttpError: Service Unavailable
    at NetRequest.get (C:\Users\PcMai\OneDrive\Desktop\Showdown\lib\net.ts:209:10)
    at processTicksAndRejections (node:internal/process/task_queues:105:5)
    at getLadderTop (C:\Users\PcMai\OneDrive\Desktop\Showdown\server\chat-plugins\seasons.ts:147:19)
    at updateBadgeholders (C:\Users\PcMai\OneDrive\Desktop\Showdown\server\chat-plugins\seasons.ts:164:20)

HttpError: Service Unavailable
    at NetRequest.get (C:\Users\PcMai\OneDrive\Desktop\Showdown\lib\net.ts:209:10)
    at processTicksAndRejections (node:internal/process/task_queues:105:5)
    at getLadderTop (C:\Users\PcMai\OneDrive\Desktop\Showdown\server\chat-plugins\seasons.ts:147:19)
    at updateBadgeholders (C:\Users\PcMai\OneDrive\Desktop\Showdown\server\chat-plugins\seasons.ts:164:20)

HttpError: Service Unavailable
    at NetRequest.get (C:\Users\PcMai\OneDrive\Desktop\Showdown\lib\net.ts:209:10)
    at processTicksAndRejections (node:internal/process/task_queues:105:5)
    at getLadderTop (C:\Users\PcMai\OneDrive\Desktop\Showdown\server\chat-plugins\seasons.ts:147:19)
    at updateBadgeholders (C:\Users\PcMai\OneDrive\Desktop\Showdown\server\chat-plugins\seasons.ts:164:20)

Error: IPC channel is already disconnected
    at ChildProcess.target.disconnect (node:internal/child_process:903:26)
    at QueryProcessWrapper.destroy (C:\Users\PcMai\OneDrive\Desktop\Showdown\lib\process-manager.ts:205:16)
    at QueryProcessWrapper.release (C:\Users\PcMai\OneDrive\Desktop\Showdown\lib\process-manager.ts:191:9)
    at QueryProcessManager.releaseCrashed (C:\Users\PcMai\OneDrive\Desktop\Showdown\lib\process-manager.ts:455:16)
    at ChildProcess.<anonymous> (C:\Users\PcMai\OneDrive\Desktop\Showdown\lib\process-manager.ts:512:47)
    at ChildProcess.emit (node:events:518:28)
    at ChildProcess.emit (node:domain:489:12)
    at finish (node:internal/child_process:933:14)
    at processTicksAndRejections (node:internal/process/task_queues:85:11)

Error: IPC channel is already disconnected
    at ChildProcess.target.disconnect (node:internal/child_process:903:26)
    at QueryProcessWrapper.destroy (C:\Users\PcMai\OneDrive\Desktop\Showdown\lib\process-manager.ts:205:16)
    at QueryProcessWrapper.release (C:\Users\PcMai\OneDrive\Desktop\Showdown\lib\process-manager.ts:191:9)
    at QueryProcessManager.releaseCrashed (C:\Users\PcMai\OneDrive\Desktop\Showdown\lib\process-manager.ts:455:16)
    at ChildProcess.<anonymous> (C:\Users\PcMai\OneDrive\Desktop\Showdown\lib\process-manager.ts:512:47)
    at ChildProcess.emit (node:events:518:28)
    at ChildProcess.emit (node:domain:489:12)
    at finish (node:internal/child_process:933:14)
    at processTicksAndRejections (node:internal/process/task_queues:85:11)

Error: IPC channel is already disconnected
    at ChildProcess.target.disconnect (node:internal/child_process:903:26)
    at QueryProcessWrapper.destroy (C:\Users\PcMai\OneDrive\Desktop\Showdown\lib\process-manager.ts:205:16)
    at QueryProcessWrapper.release (C:\Users\PcMai\OneDrive\Desktop\Showdown\lib\process-manager.ts:191:9)
    at QueryProcessManager.releaseCrashed (C:\Users\PcMai\OneDrive\Desktop\Showdown\lib\process-manager.ts:455:16)
    at ChildProcess.<anonymous> (C:\Users\PcMai\OneDrive\Desktop\Showdown\lib\process-manager.ts:512:47)
    at ChildProcess.emit (node:events:518:28)
    at ChildProcess.emit (node:domain:489:12)
    at finish (node:internal/child_process:933:14)
    at processTicksAndRejections (node:internal/process/task_queues:85:11)

Error: IPC channel is already disconnected
    at ChildProcess.target.disconnect (node:internal/child_process:903:26)
    at StreamProcessWrapper.destroy (C:\Users\PcMai\OneDrive\Desktop\Showdown\lib\process-manager.ts:321:16)
    at StreamProcessWrapper.release (C:\Users\PcMai\OneDrive\Desktop\Showdown\lib\process-manager.ts:307:14)
    at StreamProcessManager.releaseCrashed (C:\Users\PcMai\OneDrive\Desktop\Showdown\lib\process-manager.ts:455:16)
    at ChildProcess.<anonymous> (C:\Users\PcMai\OneDrive\Desktop\Showdown\lib\process-manager.ts:512:47)
    at ChildProcess.emit (node:events:518:28)
    at ChildProcess.emit (node:domain:489:12)
    at finish (node:internal/child_process:933:14)
    at processTicksAndRejections (node:internal/process/task_queues:85:11)

TypeError: Cannot read properties of null (reading 'then')
    at RawProcessManager.releaseCrashed (C:\Users\PcMai\OneDrive\Desktop\Showdown\lib\process-manager.ts:455:24)
    at Worker.<anonymous> (C:\Users\PcMai\OneDrive\Desktop\Showdown\lib\process-manager.ts:512:47)
    at Worker.emit (node:events:518:28)
    at Worker.emit (node:domain:489:12)
    at ChildProcess.<anonymous> (node:internal/cluster/primary:209:12)
    at Object.onceWrapper (node:events:632:28)
    at ChildProcess.emit (node:events:518:28)
    at ChildProcess.emit (node:domain:489:12)
    at finish (node:internal/child_process:933:14)
    at processTicksAndRejections (node:internal/process/task_queues:85:11)

Error: IPC channel is already disconnected
    at ChildProcess.target.disconnect (node:internal/child_process:903:26)
    at QueryProcessWrapper.destroy (C:\Users\PcMai\OneDrive\Desktop\Showdown\lib\process-manager.ts:205:16)
    at QueryProcessWrapper.release (C:\Users\PcMai\OneDrive\Desktop\Showdown\lib\process-manager.ts:191:9)
    at SQLDatabaseManager.releaseCrashed (C:\Users\PcMai\OneDrive\Desktop\Showdown\lib\process-manager.ts:455:16)
    at ChildProcess.<anonymous> (C:\Users\PcMai\OneDrive\Desktop\Showdown\lib\process-manager.ts:512:47)
    at ChildProcess.emit (node:events:518:28)
    at ChildProcess.emit (node:domain:489:12)
    at finish (node:internal/child_process:933:14)
    at processTicksAndRejections (node:internal/process/task_queues:85:11)

Error: IPC channel is already disconnected
    at ChildProcess.target.disconnect (node:internal/child_process:903:26)
    at QueryProcessWrapper.destroy (C:\Users\PcMai\OneDrive\Desktop\Showdown\lib\process-manager.ts:205:16)
    at QueryProcessWrapper.release (C:\Users\PcMai\OneDrive\Desktop\Showdown\lib\process-manager.ts:191:9)
    at QueryProcessManager.releaseCrashed (C:\Users\PcMai\OneDrive\Desktop\Showdown\lib\process-manager.ts:455:16)
    at ChildProcess.<anonymous> (C:\Users\PcMai\OneDrive\Desktop\Showdown\lib\process-manager.ts:512:47)
    at ChildProcess.emit (node:events:518:28)
    at ChildProcess.emit (node:domain:489:12)
    at finish (node:internal/child_process:933:14)
    at processTicksAndRejections (node:internal/process/task_queues:85:11)

Error: IPC channel is already disconnected
    at ChildProcess.target.disconnect (node:internal/child_process:903:26)
    at StreamProcessWrapper.destroy (C:\Users\PcMai\OneDrive\Desktop\Showdown\lib\process-manager.ts:321:16)
    at StreamProcessWrapper.release (C:\Users\PcMai\OneDrive\Desktop\Showdown\lib\process-manager.ts:307:14)
    at StreamProcessManager.releaseCrashed (C:\Users\PcMai\OneDrive\Desktop\Showdown\lib\process-manager.ts:455:16)
    at ChildProcess.<anonymous> (C:\Users\PcMai\OneDrive\Desktop\Showdown\lib\process-manager.ts:512:47)
    at ChildProcess.emit (node:events:518:28)
    at ChildProcess.emit (node:domain:489:12)
    at finish (node:internal/child_process:933:14)
    at processTicksAndRejections (node:internal/process/task_queues:85:11)

HttpError: Service Unavailable
    at NetRequest.get (C:\Users\PcMai\OneDrive\Desktop\Showdown\lib\net.ts:209:10)
    at processTicksAndRejections (node:internal/process/task_queues:105:5)
    at getLadderTop (C:\Users\PcMai\OneDrive\Desktop\Showdown\server\chat-plugins\seasons.ts:147:19)
    at updateBadgeholders (C:\Users\PcMai\OneDrive\Desktop\Showdown\server\chat-plugins\seasons.ts:164:20)

Error: IPC channel is already disconnected
    at ChildProcess.target.disconnect (node:internal/child_process:903:26)
    at QueryProcessWrapper.destroy (C:\Users\PcMai\OneDrive\Desktop\Showdown\lib\process-manager.ts:205:16)
    at QueryProcessWrapper.release (C:\Users\PcMai\OneDrive\Desktop\Showdown\lib\process-manager.ts:191:9)
    at QueryProcessManager.releaseCrashed (C:\Users\PcMai\OneDrive\Desktop\Showdown\lib\process-manager.ts:455:16)
    at ChildProcess.<anonymous> (C:\Users\PcMai\OneDrive\Desktop\Showdown\lib\process-manager.ts:512:47)
    at ChildProcess.emit (node:events:518:28)
    at ChildProcess.emit (node:domain:489:12)
    at finish (node:internal/child_process:933:14)
    at processTicksAndRejections (node:internal/process/task_queues:85:11)

Error: IPC channel is already disconnected
    at ChildProcess.target.disconnect (node:internal/child_process:903:26)
    at QueryProcessWrapper.destroy (C:\Users\PcMai\OneDrive\Desktop\Showdown\lib\process-manager.ts:205:16)
    at QueryProcessWrapper.release (C:\Users\PcMai\OneDrive\Desktop\Showdown\lib\process-manager.ts:191:9)
    at QueryProcessManager.releaseCrashed (C:\Users\PcMai\OneDrive\Desktop\Showdown\lib\process-manager.ts:455:16)
    at ChildProcess.<anonymous> (C:\Users\PcMai\OneDrive\Desktop\Showdown\lib\process-manager.ts:512:47)
    at ChildProcess.emit (node:events:518:28)
    at ChildProcess.emit (node:domain:489:12)
    at finish (node:internal/child_process:933:14)
    at processTicksAndRejections (node:internal/process/task_queues:85:11)

Error: IPC channel is already disconnected
    at ChildProcess.target.disconnect (node:internal/child_process:903:26)
    at QueryProcessWrapper.destroy (C:\Users\PcMai\OneDrive\Desktop\Showdown\lib\process-manager.ts:205:16)
    at QueryProcessWrapper.release (C:\Users\PcMai\OneDrive\Desktop\Showdown\lib\process-manager.ts:191:9)
    at QueryProcessManager.releaseCrashed (C:\Users\PcMai\OneDrive\Desktop\Showdown\lib\process-manager.ts:455:16)
    at ChildProcess.<anonymous> (C:\Users\PcMai\OneDrive\Desktop\Showdown\lib\process-manager.ts:512:47)
    at ChildProcess.emit (node:events:518:28)
    at ChildProcess.emit (node:domain:489:12)
    at finish (node:internal/child_process:933:14)
    at processTicksAndRejections (node:internal/process/task_queues:85:11)

HttpError: Service Unavailable
    at NetRequest.get (C:\Users\PcMai\OneDrive\Desktop\Showdown\lib\net.ts:209:10)
    at processTicksAndRejections (node:internal/process/task_queues:105:5)
    at getLadderTop (C:\Users\PcMai\OneDrive\Desktop\Showdown\server\chat-plugins\seasons.ts:147:19)
    at updateBadgeholders (C:\Users\PcMai\OneDrive\Desktop\Showdown\server\chat-plugins\seasons.ts:164:20)

HttpError: Service Unavailable
    at NetRequest.get (C:\Users\PcMai\OneDrive\Desktop\Showdown\lib\net.ts:209:10)
    at processTicksAndRejections (node:internal/process/task_queues:105:5)
    at getLadderTop (C:\Users\PcMai\OneDrive\Desktop\Showdown\server\chat-plugins\seasons.ts:147:19)
    at updateBadgeholders (C:\Users\PcMai\OneDrive\Desktop\Showdown\server\chat-plugins\seasons.ts:164:20)

HttpError: Service Unavailable
    at NetRequest.get (C:\Users\PcMai\OneDrive\Desktop\Showdown\lib\net.ts:209:10)
    at processTicksAndRejections (node:internal/process/task_queues:105:5)
    at getLadderTop (C:\Users\PcMai\OneDrive\Desktop\Showdown\server\chat-plugins\seasons.ts:147:19)
    at updateBadgeholders (C:\Users\PcMai\OneDrive\Desktop\Showdown\server\chat-plugins\seasons.ts:164:20)

HttpError: Service Unavailable
    at NetRequest.get (C:\Users\PcMai\OneDrive\Desktop\Showdown\lib\net.ts:209:10)
    at processTicksAndRejections (node:internal/process/task_queues:105:5)
    at getLadderTop (C:\Users\PcMai\OneDrive\Desktop\Showdown\server\chat-plugins\seasons.ts:147:19)
    at updateBadgeholders (C:\Users\PcMai\OneDrive\Desktop\Showdown\server\chat-plugins\seasons.ts:164:20)

Error: IPC channel is already disconnected
    at ChildProcess.target.disconnect (node:internal/child_process:903:26)
    at QueryProcessWrapper.destroy (C:\Users\PcMai\OneDrive\Desktop\Showdown\lib\process-manager.ts:205:16)
    at QueryProcessWrapper.release (C:\Users\PcMai\OneDrive\Desktop\Showdown\lib\process-manager.ts:191:9)
    at QueryProcessManager.releaseCrashed (C:\Users\PcMai\OneDrive\Desktop\Showdown\lib\process-manager.ts:455:16)
    at ChildProcess.<anonymous> (C:\Users\PcMai\OneDrive\Desktop\Showdown\lib\process-manager.ts:512:47)
    at ChildProcess.emit (node:events:518:28)
    at ChildProcess.emit (node:domain:489:12)
    at finish (node:internal/child_process:933:14)
    at processTicksAndRejections (node:internal/process/task_queues:85:11)

Error: write EPIPE
    at ChildProcess.target._send (node:internal/child_process:877:20)
    at ChildProcess.target.send (node:internal/child_process:751:19)
    at Worker.send (node:internal/cluster/worker:48:10)
    at RawSubprocessStream._write (C:\Users\PcMai\OneDrive\Desktop\Showdown\lib\process-manager.ts:92:24)
    at RawSubprocessStream.write (C:\Users\PcMai\OneDrive\Desktop\Showdown\lib\streams.ts:835:15)
    at Object.roomBroadcast (C:\Users\PcMai\OneDrive\Desktop\Showdown\server\sockets.ts:107:23)
    at BasicRoom.send (C:\Users\PcMai\OneDrive\Desktop\Showdown\server\rooms.ts:343:31)
    at BasicRoom.update (C:\Users\PcMai\OneDrive\Desktop\Showdown\server\rooms.ts:436:8)
    at GlobalRoomState.reportCrash (C:\Users\PcMai\OneDrive\Desktop\Showdown\server\rooms.ts:1855:35)
    at Object.crashlog (C:\Users\PcMai\OneDrive\Desktop\Showdown\server\monitor.ts:90:16)

Error: IPC channel is already disconnected
    at ChildProcess.target.disconnect (node:internal/child_process:903:26)
    at QueryProcessWrapper.destroy (C:\Users\PcMai\OneDrive\Desktop\Showdown\lib\process-manager.ts:205:16)
    at QueryProcessWrapper.release (C:\Users\PcMai\OneDrive\Desktop\Showdown\lib\process-manager.ts:191:9)
    at QueryProcessManager.releaseCrashed (C:\Users\PcMai\OneDrive\Desktop\Showdown\lib\process-manager.ts:455:16)
    at ChildProcess.<anonymous> (C:\Users\PcMai\OneDrive\Desktop\Showdown\lib\process-manager.ts:512:47)
    at ChildProcess.emit (node:events:518:28)
    at ChildProcess.emit (node:domain:489:12)
    at finish (node:internal/child_process:933:14)
    at processTicksAndRejections (node:internal/process/task_queues:85:11)

Error: IPC channel is already disconnected
    at ChildProcess.target.disconnect (node:internal/child_process:903:26)
    at QueryProcessWrapper.destroy (C:\Users\PcMai\OneDrive\Desktop\Showdown\lib\process-manager.ts:205:16)
    at QueryProcessWrapper.release (C:\Users\PcMai\OneDrive\Desktop\Showdown\lib\process-manager.ts:191:9)
    at QueryProcessManager.releaseCrashed (C:\Users\PcMai\OneDrive\Desktop\Showdown\lib\process-manager.ts:455:16)
    at ChildProcess.<anonymous> (C:\Users\PcMai\OneDrive\Desktop\Showdown\lib\process-manager.ts:512:47)
    at ChildProcess.emit (node:events:518:28)
    at ChildProcess.emit (node:domain:489:12)
    at finish (node:internal/child_process:933:14)
    at processTicksAndRejections (node:internal/process/task_queues:85:11)

Error: IPC channel is already disconnected
    at ChildProcess.target.disconnect (node:internal/child_process:903:26)
    at StreamProcessWrapper.destroy (C:\Users\PcMai\OneDrive\Desktop\Showdown\lib\process-manager.ts:321:16)
    at StreamProcessWrapper.release (C:\Users\PcMai\OneDrive\Desktop\Showdown\lib\process-manager.ts:307:14)
    at StreamProcessManager.releaseCrashed (C:\Users\PcMai\OneDrive\Desktop\Showdown\lib\process-manager.ts:455:16)
    at ChildProcess.<anonymous> (C:\Users\PcMai\OneDrive\Desktop\Showdown\lib\process-manager.ts:512:47)
    at ChildProcess.emit (node:events:518:28)
    at ChildProcess.emit (node:domain:489:12)
    at finish (node:internal/child_process:933:14)
    at processTicksAndRejections (node:internal/process/task_queues:85:11)

Error: IPC channel is already disconnected
    at ChildProcess.target.disconnect (node:internal/child_process:903:26)
    at QueryProcessWrapper.destroy (C:\Users\PcMai\OneDrive\Desktop\Showdown\lib\process-manager.ts:205:16)
    at QueryProcessWrapper.release (C:\Users\PcMai\OneDrive\Desktop\Showdown\lib\process-manager.ts:191:9)
    at SQLDatabaseManager.releaseCrashed (C:\Users\PcMai\OneDrive\Desktop\Showdown\lib\process-manager.ts:455:16)
    at ChildProcess.<anonymous> (C:\Users\PcMai\OneDrive\Desktop\Showdown\lib\process-manager.ts:512:47)
    at ChildProcess.emit (node:events:518:28)
    at ChildProcess.emit (node:domain:489:12)
    at finish (node:internal/child_process:933:14)
    at processTicksAndRejections (node:internal/process/task_queues:85:11)

HttpError: Service Unavailable
    at NetRequest.get (C:\Users\PcMai\OneDrive\Desktop\Showdown\lib\net.ts:209:10)
    at processTicksAndRejections (node:internal/process/task_queues:105:5)
    at getLadderTop (C:\Users\PcMai\OneDrive\Desktop\Showdown\server\chat-plugins\seasons.ts:147:19)
    at updateBadgeholders (C:\Users\PcMai\OneDrive\Desktop\Showdown\server\chat-plugins\seasons.ts:164:20)

HttpError: Service Unavailable
    at NetRequest.get (C:\Users\PcMai\OneDrive\Desktop\Showdown\lib\net.ts:209:10)
    at processTicksAndRejections (node:internal/process/task_queues:105:5)
    at getLadderTop (C:\Users\PcMai\OneDrive\Desktop\Showdown\server\chat-plugins\seasons.ts:147:19)
    at updateBadgeholders (C:\Users\PcMai\OneDrive\Desktop\Showdown\server\chat-plugins\seasons.ts:164:20)

HttpError: Service Unavailable
    at NetRequest.get (C:\Users\PcMai\OneDrive\Desktop\Showdown\lib\net.ts:209:10)
    at processTicksAndRejections (node:internal/process/task_queues:105:5)
    at getLadderTop (C:\Users\PcMai\OneDrive\Desktop\Showdown\server\chat-plugins\seasons.ts:147:19)
    at updateBadgeholders (C:\Users\PcMai\OneDrive\Desktop\Showdown\server\chat-plugins\seasons.ts:164:20)

HttpError: Service Unavailable
    at NetRequest.get (C:\Users\PcMai\OneDrive\Desktop\Showdown\lib\net.ts:209:10)
    at processTicksAndRejections (node:internal/process/task_queues:105:5)
    at getLadderTop (C:\Users\PcMai\OneDrive\Desktop\Showdown\server\chat-plugins\seasons.ts:147:19)
    at updateBadgeholders (C:\Users\PcMai\OneDrive\Desktop\Showdown\server\chat-plugins\seasons.ts:164:20)

Error: IPC channel is already disconnected
    at ChildProcess.target.disconnect (node:internal/child_process:903:26)
    at QueryProcessWrapper.destroy (C:\Users\PcMai\OneDrive\Desktop\Showdown\lib\process-manager.ts:205:16)
    at QueryProcessWrapper.release (C:\Users\PcMai\OneDrive\Desktop\Showdown\lib\process-manager.ts:191:9)
    at QueryProcessManager.releaseCrashed (C:\Users\PcMai\OneDrive\Desktop\Showdown\lib\process-manager.ts:455:16)
    at ChildProcess.<anonymous> (C:\Users\PcMai\OneDrive\Desktop\Showdown\lib\process-manager.ts:512:47)
    at ChildProcess.emit (node:events:518:28)
    at ChildProcess.emit (node:domain:489:12)
    at finish (node:internal/child_process:933:14)
    at processTicksAndRejections (node:internal/process/task_queues:85:11)

Error: IPC channel is already disconnected
    at ChildProcess.target.disconnect (node:internal/child_process:903:26)
    at QueryProcessWrapper.destroy (C:\Users\PcMai\OneDrive\Desktop\Showdown\lib\process-manager.ts:205:16)
    at QueryProcessWrapper.release (C:\Users\PcMai\OneDrive\Desktop\Showdown\lib\process-manager.ts:191:9)
    at QueryProcessManager.releaseCrashed (C:\Users\PcMai\OneDrive\Desktop\Showdown\lib\process-manager.ts:455:16)
    at ChildProcess.<anonymous> (C:\Users\PcMai\OneDrive\Desktop\Showdown\lib\process-manager.ts:512:47)
    at ChildProcess.emit (node:events:518:28)
    at ChildProcess.emit (node:domain:489:12)
    at finish (node:internal/child_process:933:14)
    at processTicksAndRejections (node:internal/process/task_queues:85:11)

Error: IPC channel is already disconnected
    at ChildProcess.target.disconnect (node:internal/child_process:903:26)
    at QueryProcessWrapper.destroy (C:\Users\PcMai\OneDrive\Desktop\Showdown\lib\process-manager.ts:205:16)
    at QueryProcessWrapper.release (C:\Users\PcMai\OneDrive\Desktop\Showdown\lib\process-manager.ts:191:9)
    at QueryProcessManager.releaseCrashed (C:\Users\PcMai\OneDrive\Desktop\Showdown\lib\process-manager.ts:455:16)
    at ChildProcess.<anonymous> (C:\Users\PcMai\OneDrive\Desktop\Showdown\lib\process-manager.ts:512:47)
    at ChildProcess.emit (node:events:518:28)
    at ChildProcess.emit (node:domain:489:12)
    at finish (node:internal/child_process:933:14)
    at processTicksAndRejections (node:internal/process/task_queues:85:11)

Error: Process room-battle.js 36312 crashed and had to be restarted
    at StreamProcessManager.releaseCrashed (C:\Users\PcMai\OneDrive\Desktop\Showdown\lib\process-manager.ts:471:4)
    at ChildProcess.<anonymous> (C:\Users\PcMai\OneDrive\Desktop\Showdown\lib\process-manager.ts:512:47)
    at ChildProcess.emit (node:events:518:28)
    at ChildProcess.emit (node:domain:489:12)
    at finish (node:internal/child_process:933:14)
    at processTicksAndRejections (node:internal/process/task_queues:85:11)

Error: Process sockets.js 33844 crashed and had to be restarted
    at RawProcessManager.releaseCrashed (C:\Users\PcMai\OneDrive\Desktop\Showdown\lib\process-manager.ts:471:4)
    at Worker.<anonymous> (C:\Users\PcMai\OneDrive\Desktop\Showdown\lib\process-manager.ts:512:47)
    at Worker.emit (node:events:518:28)
    at Worker.emit (node:domain:489:12)
    at ChildProcess.<anonymous> (node:internal/cluster/primary:209:12)
    at Object.onceWrapper (node:events:632:28)
    at ChildProcess.emit (node:events:518:28)
    at ChildProcess.emit (node:domain:489:12)
    at finish (node:internal/child_process:933:14)
    at processTicksAndRejections (node:internal/process/task_queues:85:11)

HttpError: Service Unavailable
    at NetRequest.get (C:\Users\PcMai\OneDrive\Desktop\Showdown\lib\net.ts:209:10)
    at processTicksAndRejections (node:internal/process/task_queues:105:5)
    at getLadderTop (C:\Users\PcMai\OneDrive\Desktop\Showdown\server\chat-plugins\seasons.ts:147:19)
    at updateBadgeholders (C:\Users\PcMai\OneDrive\Desktop\Showdown\server\chat-plugins\seasons.ts:164:20)

Error: IPC channel is already disconnected
    at ChildProcess.target.disconnect (node:internal/child_process:903:26)
    at QueryProcessWrapper.destroy (C:\Users\PcMai\OneDrive\Desktop\Showdown\lib\process-manager.ts:205:16)
    at QueryProcessWrapper.release (C:\Users\PcMai\OneDrive\Desktop\Showdown\lib\process-manager.ts:191:9)
    at QueryProcessManager.releaseCrashed (C:\Users\PcMai\OneDrive\Desktop\Showdown\lib\process-manager.ts:455:16)
    at ChildProcess.<anonymous> (C:\Users\PcMai\OneDrive\Desktop\Showdown\lib\process-manager.ts:512:47)
    at ChildProcess.emit (node:events:518:28)
    at ChildProcess.emit (node:domain:489:12)
    at finish (node:internal/child_process:933:14)
    at processTicksAndRejections (node:internal/process/task_queues:85:11)

Error: IPC channel is already disconnected
    at ChildProcess.target.disconnect (node:internal/child_process:903:26)
    at QueryProcessWrapper.destroy (C:\Users\PcMai\OneDrive\Desktop\Showdown\lib\process-manager.ts:205:16)
    at QueryProcessWrapper.release (C:\Users\PcMai\OneDrive\Desktop\Showdown\lib\process-manager.ts:191:9)
    at QueryProcessManager.releaseCrashed (C:\Users\PcMai\OneDrive\Desktop\Showdown\lib\process-manager.ts:455:16)
    at ChildProcess.<anonymous> (C:\Users\PcMai\OneDrive\Desktop\Showdown\lib\process-manager.ts:512:47)
    at ChildProcess.emit (node:events:518:28)
    at ChildProcess.emit (node:domain:489:12)
    at finish (node:internal/child_process:933:14)
    at processTicksAndRejections (node:internal/process/task_queues:85:11)

Error: IPC channel is already disconnected
    at ChildProcess.target.disconnect (node:internal/child_process:903:26)
    at QueryProcessWrapper.destroy (C:\Users\PcMai\OneDrive\Desktop\Showdown\lib\process-manager.ts:205:16)
    at QueryProcessWrapper.release (C:\Users\PcMai\OneDrive\Desktop\Showdown\lib\process-manager.ts:191:9)
    at QueryProcessManager.releaseCrashed (C:\Users\PcMai\OneDrive\Desktop\Showdown\lib\process-manager.ts:455:16)
    at ChildProcess.<anonymous> (C:\Users\PcMai\OneDrive\Desktop\Showdown\lib\process-manager.ts:512:47)
    at ChildProcess.emit (node:events:518:28)
    at ChildProcess.emit (node:domain:489:12)
    at finish (node:internal/child_process:933:14)
    at processTicksAndRejections (node:internal/process/task_queues:85:11)

Error: IPC channel is already disconnected
    at ChildProcess.target.disconnect (node:internal/child_process:903:26)
    at StreamProcessWrapper.destroy (C:\Users\PcMai\OneDrive\Desktop\Showdown\lib\process-manager.ts:321:16)
    at StreamProcessWrapper.release (C:\Users\PcMai\OneDrive\Desktop\Showdown\lib\process-manager.ts:307:14)
    at StreamProcessManager.releaseCrashed (C:\Users\PcMai\OneDrive\Desktop\Showdown\lib\process-manager.ts:455:16)
    at ChildProcess.<anonymous> (C:\Users\PcMai\OneDrive\Desktop\Showdown\lib\process-manager.ts:512:47)
    at ChildProcess.emit (node:events:518:28)
    at ChildProcess.emit (node:domain:489:12)
    at finish (node:internal/child_process:933:14)
    at processTicksAndRejections (node:internal/process/task_queues:85:11)

Error: IPC channel is already disconnected
    at ChildProcess.target.disconnect (node:internal/child_process:903:26)
    at QueryProcessWrapper.destroy (C:\Users\PcMai\OneDrive\Desktop\Showdown\lib\process-manager.ts:205:16)
    at QueryProcessWrapper.release (C:\Users\PcMai\OneDrive\Desktop\Showdown\lib\process-manager.ts:191:9)
    at SQLDatabaseManager.releaseCrashed (C:\Users\PcMai\OneDrive\Desktop\Showdown\lib\process-manager.ts:455:16)
    at ChildProcess.<anonymous> (C:\Users\PcMai\OneDrive\Desktop\Showdown\lib\process-manager.ts:512:47)
    at ChildProcess.emit (node:events:518:28)
    at ChildProcess.emit (node:domain:489:12)
    at finish (node:internal/child_process:933:14)
    at processTicksAndRejections (node:internal/process/task_queues:85:11)

Error: IPC channel is already disconnected
    at ChildProcess.target.disconnect (node:internal/child_process:903:26)
    at QueryProcessWrapper.destroy (C:\Users\PcMai\OneDrive\Desktop\Showdown\lib\process-manager.ts:205:16)
    at QueryProcessWrapper.release (C:\Users\PcMai\OneDrive\Desktop\Showdown\lib\process-manager.ts:191:9)
    at QueryProcessManager.releaseCrashed (C:\Users\PcMai\OneDrive\Desktop\Showdown\lib\process-manager.ts:455:16)
    at ChildProcess.<anonymous> (C:\Users\PcMai\OneDrive\Desktop\Showdown\lib\process-manager.ts:512:47)
    at ChildProcess.emit (node:events:518:28)
    at ChildProcess.emit (node:domain:489:12)
    at finish (node:internal/child_process:933:14)
    at processTicksAndRejections (node:internal/process/task_queues:85:11)

TypeError: Cannot read properties of null (reading 'then')
    at RawProcessManager.releaseCrashed (C:\Users\PcMai\OneDrive\Desktop\Showdown\lib\process-manager.ts:455:24)
    at Worker.<anonymous> (C:\Users\PcMai\OneDrive\Desktop\Showdown\lib\process-manager.ts:512:47)
    at Worker.emit (node:events:518:28)
    at Worker.emit (node:domain:489:12)
    at ChildProcess.<anonymous> (node:internal/cluster/primary:209:12)
    at Object.onceWrapper (node:events:632:28)
    at ChildProcess.emit (node:events:518:28)
    at ChildProcess.emit (node:domain:489:12)
    at finish (node:internal/child_process:933:14)
    at processTicksAndRejections (node:internal/process/task_queues:85:11)

HttpError: Service Unavailable
    at NetRequest.get (C:\Users\PcMai\OneDrive\Desktop\Showdown Server\lib\net.ts:209:10)
    at processTicksAndRejections (node:internal/process/task_queues:105:5)
    at getLadderTop (C:\Users\PcMai\OneDrive\Desktop\Showdown Server\server\chat-plugins\seasons.ts:147:19)
    at updateBadgeholders (C:\Users\PcMai\OneDrive\Desktop\Showdown Server\server\chat-plugins\seasons.ts:164:20)

HttpError: Service Unavailable
    at NetRequest.get (C:\Users\PcMai\OneDrive\Desktop\Showdown Server\lib\net.ts:209:10)
    at processTicksAndRejections (node:internal/process/task_queues:105:5)
    at getLadderTop (C:\Users\PcMai\OneDrive\Desktop\Showdown Server\server\chat-plugins\seasons.ts:147:19)
    at updateBadgeholders (C:\Users\PcMai\OneDrive\Desktop\Showdown Server\server\chat-plugins\seasons.ts:164:20)

Error: IPC channel is already disconnected
    at ChildProcess.target.disconnect (node:internal/child_process:903:26)
    at QueryProcessWrapper.destroy (C:\Users\PcMai\OneDrive\Desktop\Showdown Server\lib\process-manager.ts:205:16)
    at QueryProcessWrapper.release (C:\Users\PcMai\OneDrive\Desktop\Showdown Server\lib\process-manager.ts:191:9)
    at QueryProcessManager.releaseCrashed (C:\Users\PcMai\OneDrive\Desktop\Showdown Server\lib\process-manager.ts:455:16)
    at ChildProcess.<anonymous> (C:\Users\PcMai\OneDrive\Desktop\Showdown Server\lib\process-manager.ts:512:47)
    at ChildProcess.emit (node:events:518:28)
    at ChildProcess.emit (node:domain:489:12)
    at finish (node:internal/child_process:933:14)
    at processTicksAndRejections (node:internal/process/task_queues:85:11)

Error: IPC channel is already disconnected
    at ChildProcess.target.disconnect (node:internal/child_process:903:26)
    at QueryProcessWrapper.destroy (C:\Users\PcMai\OneDrive\Desktop\Showdown Server\lib\process-manager.ts:205:16)
    at QueryProcessWrapper.release (C:\Users\PcMai\OneDrive\Desktop\Showdown Server\lib\process-manager.ts:191:9)
    at QueryProcessManager.releaseCrashed (C:\Users\PcMai\OneDrive\Desktop\Showdown Server\lib\process-manager.ts:455:16)
    at ChildProcess.<anonymous> (C:\Users\PcMai\OneDrive\Desktop\Showdown Server\lib\process-manager.ts:512:47)
    at ChildProcess.emit (node:events:518:28)
    at ChildProcess.emit (node:domain:489:12)
    at finish (node:internal/child_process:933:14)
    at processTicksAndRejections (node:internal/process/task_queues:85:11)

Error: IPC channel is already disconnected
    at ChildProcess.target.disconnect (node:internal/child_process:903:26)
    at QueryProcessWrapper.destroy (C:\Users\PcMai\OneDrive\Desktop\Showdown Server\lib\process-manager.ts:205:16)
    at QueryProcessWrapper.release (C:\Users\PcMai\OneDrive\Desktop\Showdown Server\lib\process-manager.ts:191:9)
    at QueryProcessManager.releaseCrashed (C:\Users\PcMai\OneDrive\Desktop\Showdown Server\lib\process-manager.ts:455:16)
    at ChildProcess.<anonymous> (C:\Users\PcMai\OneDrive\Desktop\Showdown Server\lib\process-manager.ts:512:47)
    at ChildProcess.emit (node:events:518:28)
    at ChildProcess.emit (node:domain:489:12)
    at finish (node:internal/child_process:933:14)
    at processTicksAndRejections (node:internal/process/task_queues:85:11)

Error: Process room-battle.js 17432 crashed and had to be restarted
    at StreamProcessManager.releaseCrashed (C:\Users\PcMai\OneDrive\Desktop\Showdown Server\lib\process-manager.ts:471:4)
    at ChildProcess.<anonymous> (C:\Users\PcMai\OneDrive\Desktop\Showdown Server\lib\process-manager.ts:512:47)
    at ChildProcess.emit (node:events:518:28)
    at ChildProcess.emit (node:domain:489:12)
    at finish (node:internal/child_process:933:14)
    at processTicksAndRejections (node:internal/process/task_queues:85:11)

Error: IPC channel is already disconnected
    at ChildProcess.target.disconnect (node:internal/child_process:903:26)
    at QueryProcessWrapper.destroy (C:\Users\PcMai\OneDrive\Desktop\Showdown Server\lib\process-manager.ts:205:16)
    at QueryProcessWrapper.release (C:\Users\PcMai\OneDrive\Desktop\Showdown Server\lib\process-manager.ts:191:9)
    at SQLDatabaseManager.releaseCrashed (C:\Users\PcMai\OneDrive\Desktop\Showdown Server\lib\process-manager.ts:455:16)
    at ChildProcess.<anonymous> (C:\Users\PcMai\OneDrive\Desktop\Showdown Server\lib\process-manager.ts:512:47)
    at ChildProcess.emit (node:events:518:28)
    at ChildProcess.emit (node:domain:489:12)
    at finish (node:internal/child_process:933:14)
    at processTicksAndRejections (node:internal/process/task_queues:85:11)

Error: IPC channel is already disconnected
    at ChildProcess.target.disconnect (node:internal/child_process:903:26)
    at QueryProcessWrapper.destroy (C:\Users\PcMai\OneDrive\Desktop\Showdown Server\lib\process-manager.ts:205:16)
    at QueryProcessWrapper.release (C:\Users\PcMai\OneDrive\Desktop\Showdown Server\lib\process-manager.ts:191:9)
    at QueryProcessManager.releaseCrashed (C:\Users\PcMai\OneDrive\Desktop\Showdown Server\lib\process-manager.ts:455:16)
    at ChildProcess.<anonymous> (C:\Users\PcMai\OneDrive\Desktop\Showdown Server\lib\process-manager.ts:512:47)
    at ChildProcess.emit (node:events:518:28)
    at ChildProcess.emit (node:domain:489:12)
    at finish (node:internal/child_process:933:14)
    at processTicksAndRejections (node:internal/process/task_queues:85:11)

Error: IPC channel is already disconnected
    at ChildProcess.target.disconnect (node:internal/child_process:903:26)
    at StreamProcessWrapper.destroy (C:\Users\PcMai\OneDrive\Desktop\Showdown Server\lib\process-manager.ts:321:16)
    at StreamProcessWrapper.release (C:\Users\PcMai\OneDrive\Desktop\Showdown Server\lib\process-manager.ts:307:14)
    at StreamProcessManager.releaseCrashed (C:\Users\PcMai\OneDrive\Desktop\Showdown Server\lib\process-manager.ts:455:16)
    at ChildProcess.<anonymous> (C:\Users\PcMai\OneDrive\Desktop\Showdown Server\lib\process-manager.ts:512:47)
    at ChildProcess.emit (node:events:518:28)
    at ChildProcess.emit (node:domain:489:12)
    at finish (node:internal/child_process:933:14)
    at processTicksAndRejections (node:internal/process/task_queues:85:11)

Error: Process sockets.js 34904 crashed and had to be restarted
    at RawProcessManager.releaseCrashed (C:\Users\PcMai\OneDrive\Desktop\Showdown Server\lib\process-manager.ts:471:4)
    at Worker.<anonymous> (C:\Users\PcMai\OneDrive\Desktop\Showdown Server\lib\process-manager.ts:512:47)
    at Worker.emit (node:events:518:28)
    at Worker.emit (node:domain:489:12)
    at ChildProcess.<anonymous> (node:internal/cluster/primary:209:12)
    at Object.onceWrapper (node:events:632:28)
    at ChildProcess.emit (node:events:518:28)
    at ChildProcess.emit (node:domain:489:12)
    at finish (node:internal/child_process:933:14)
    at processTicksAndRejections (node:internal/process/task_queues:85:11)

HttpError: Service Unavailable
    at NetRequest.get (C:\Users\PcMai\OneDrive\Desktop\Showdown Server\lib\net.ts:209:10)
    at processTicksAndRejections (node:internal/process/task_queues:105:5)
    at getLadderTop (C:\Users\PcMai\OneDrive\Desktop\Showdown Server\server\chat-plugins\seasons.ts:147:19)
    at updateBadgeholders (C:\Users\PcMai\OneDrive\Desktop\Showdown Server\server\chat-plugins\seasons.ts:164:20)

HttpError: Service Unavailable
    at NetRequest.get (C:\Users\PcMai\OneDrive\Desktop\Showdown Server\lib\net.ts:209:10)
    at processTicksAndRejections (node:internal/process/task_queues:105:5)
    at getLadderTop (C:\Users\PcMai\OneDrive\Desktop\Showdown Server\server\chat-plugins\seasons.ts:147:19)
    at updateBadgeholders (C:\Users\PcMai\OneDrive\Desktop\Showdown Server\server\chat-plugins\seasons.ts:164:20)

HttpError: Service Unavailable
    at NetRequest.get (C:\Users\PcMai\OneDrive\Desktop\Showdown Server\lib\net.ts:209:10)
    at processTicksAndRejections (node:internal/process/task_queues:105:5)
    at getLadderTop (C:\Users\PcMai\OneDrive\Desktop\Showdown Server\server\chat-plugins\seasons.ts:147:19)
    at updateBadgeholders (C:\Users\PcMai\OneDrive\Desktop\Showdown Server\server\chat-plugins\seasons.ts:164:20)

Error: IPC channel is already disconnected
    at ChildProcess.target.disconnect (node:internal/child_process:903:26)
    at QueryProcessWrapper.destroy (C:\Users\PcMai\OneDrive\Desktop\Showdown Server\lib\process-manager.ts:205:16)
    at QueryProcessWrapper.release (C:\Users\PcMai\OneDrive\Desktop\Showdown Server\lib\process-manager.ts:191:9)
    at QueryProcessManager.releaseCrashed (C:\Users\PcMai\OneDrive\Desktop\Showdown Server\lib\process-manager.ts:455:16)
    at ChildProcess.<anonymous> (C:\Users\PcMai\OneDrive\Desktop\Showdown Server\lib\process-manager.ts:512:47)
    at ChildProcess.emit (node:events:518:28)
    at ChildProcess.emit (node:domain:489:12)
    at finish (node:internal/child_process:933:14)
    at processTicksAndRejections (node:internal/process/task_queues:85:11)

Error: IPC channel is already disconnected
    at ChildProcess.target.disconnect (node:internal/child_process:903:26)
    at QueryProcessWrapper.destroy (C:\Users\PcMai\OneDrive\Desktop\Showdown Server\lib\process-manager.ts:205:16)
    at QueryProcessWrapper.release (C:\Users\PcMai\OneDrive\Desktop\Showdown Server\lib\process-manager.ts:191:9)
    at QueryProcessManager.releaseCrashed (C:\Users\PcMai\OneDrive\Desktop\Showdown Server\lib\process-manager.ts:455:16)
    at ChildProcess.<anonymous> (C:\Users\PcMai\OneDrive\Desktop\Showdown Server\lib\process-manager.ts:512:47)
    at ChildProcess.emit (node:events:518:28)
    at ChildProcess.emit (node:domain:489:12)
    at finish (node:internal/child_process:933:14)
    at processTicksAndRejections (node:internal/process/task_queues:85:11)

Error: IPC channel is already disconnected
    at ChildProcess.target.disconnect (node:internal/child_process:903:26)
    at QueryProcessWrapper.destroy (C:\Users\PcMai\OneDrive\Desktop\Showdown Server\lib\process-manager.ts:205:16)
    at QueryProcessWrapper.release (C:\Users\PcMai\OneDrive\Desktop\Showdown Server\lib\process-manager.ts:191:9)
    at QueryProcessManager.releaseCrashed (C:\Users\PcMai\OneDrive\Desktop\Showdown Server\lib\process-manager.ts:455:16)
    at ChildProcess.<anonymous> (C:\Users\PcMai\OneDrive\Desktop\Showdown Server\lib\process-manager.ts:512:47)
    at ChildProcess.emit (node:events:518:28)
    at ChildProcess.emit (node:domain:489:12)
    at finish (node:internal/child_process:933:14)
    at processTicksAndRejections (node:internal/process/task_queues:85:11)

Error: Process room-battle.js 1844 crashed and had to be restarted
    at StreamProcessManager.releaseCrashed (C:\Users\PcMai\OneDrive\Desktop\Showdown Server\lib\process-manager.ts:471:4)
    at ChildProcess.<anonymous> (C:\Users\PcMai\OneDrive\Desktop\Showdown Server\lib\process-manager.ts:512:47)
    at ChildProcess.emit (node:events:518:28)
    at ChildProcess.emit (node:domain:489:12)
    at finish (node:internal/child_process:933:14)
    at processTicksAndRejections (node:internal/process/task_queues:85:11)

Error: IPC channel is already disconnected
    at ChildProcess.target.disconnect (node:internal/child_process:903:26)
    at QueryProcessWrapper.destroy (C:\Users\PcMai\OneDrive\Desktop\Showdown Server\lib\process-manager.ts:205:16)
    at QueryProcessWrapper.release (C:\Users\PcMai\OneDrive\Desktop\Showdown Server\lib\process-manager.ts:191:9)
    at SQLDatabaseManager.releaseCrashed (C:\Users\PcMai\OneDrive\Desktop\Showdown Server\lib\process-manager.ts:455:16)
    at ChildProcess.<anonymous> (C:\Users\PcMai\OneDrive\Desktop\Showdown Server\lib\process-manager.ts:512:47)
    at ChildProcess.emit (node:events:518:28)
    at ChildProcess.emit (node:domain:489:12)
    at finish (node:internal/child_process:933:14)
    at processTicksAndRejections (node:internal/process/task_queues:85:11)

Error: Process sockets.js 13396 crashed and had to be restarted
    at RawProcessManager.releaseCrashed (C:\Users\PcMai\OneDrive\Desktop\Showdown Server\lib\process-manager.ts:471:4)
    at Worker.<anonymous> (C:\Users\PcMai\OneDrive\Desktop\Showdown Server\lib\process-manager.ts:512:47)
    at Worker.emit (node:events:518:28)
    at Worker.emit (node:domain:489:12)
    at ChildProcess.<anonymous> (node:internal/cluster/primary:209:12)
    at Object.onceWrapper (node:events:632:28)
    at ChildProcess.emit (node:events:518:28)
    at ChildProcess.emit (node:domain:489:12)
    at finish (node:internal/child_process:933:14)
    at processTicksAndRejections (node:internal/process/task_queues:85:11)

HttpError: Service Unavailable
    at NetRequest.get (C:\Users\PcMai\OneDrive\Desktop\Showdown Server\lib\net.ts:209:10)
    at processTicksAndRejections (node:internal/process/task_queues:105:5)
    at getLadderTop (C:\Users\PcMai\OneDrive\Desktop\Showdown Server\server\chat-plugins\seasons.ts:147:19)
    at updateBadgeholders (C:\Users\PcMai\OneDrive\Desktop\Showdown Server\server\chat-plugins\seasons.ts:164:20)

HttpError: Service Unavailable
    at NetRequest.get (C:\Users\PcMai\OneDrive\Desktop\Showdown Server\lib\net.ts:209:10)
    at processTicksAndRejections (node:internal/process/task_queues:105:5)
    at getLadderTop (C:\Users\PcMai\OneDrive\Desktop\Showdown Server\server\chat-plugins\seasons.ts:147:19)
    at updateBadgeholders (C:\Users\PcMai\OneDrive\Desktop\Showdown Server\server\chat-plugins\seasons.ts:164:20)

HttpError: Service Unavailable
    at NetRequest.get (C:\Users\PcMai\OneDrive\Desktop\Showdown Server\lib\net.ts:209:10)
    at processTicksAndRejections (node:internal/process/task_queues:105:5)
    at getLadderTop (C:\Users\PcMai\OneDrive\Desktop\Showdown Server\server\chat-plugins\seasons.ts:147:19)
    at updateBadgeholders (C:\Users\PcMai\OneDrive\Desktop\Showdown Server\server\chat-plugins\seasons.ts:164:20)

HttpError: Service Unavailable
    at NetRequest.get (C:\Users\PcMai\OneDrive\Desktop\Showdown Server\lib\net.ts:209:10)
    at processTicksAndRejections (node:internal/process/task_queues:105:5)
    at getLadderTop (C:\Users\PcMai\OneDrive\Desktop\Showdown Server\server\chat-plugins\seasons.ts:147:19)
    at updateBadgeholders (C:\Users\PcMai\OneDrive\Desktop\Showdown Server\server\chat-plugins\seasons.ts:164:20)

HttpError: Service Unavailable
    at NetRequest.get (C:\Users\PcMai\OneDrive\Desktop\Showdown Server\lib\net.ts:209:10)
    at processTicksAndRejections (node:internal/process/task_queues:105:5)
    at getLadderTop (C:\Users\PcMai\OneDrive\Desktop\Showdown Server\server\chat-plugins\seasons.ts:147:19)
    at updateBadgeholders (C:\Users\PcMai\OneDrive\Desktop\Showdown Server\server\chat-plugins\seasons.ts:164:20)

HttpError: Service Unavailable
    at NetRequest.get (C:\Users\PcMai\OneDrive\Desktop\Showdown Server\lib\net.ts:209:10)
    at processTicksAndRejections (node:internal/process/task_queues:105:5)
    at getLadderTop (C:\Users\PcMai\OneDrive\Desktop\Showdown Server\server\chat-plugins\seasons.ts:147:19)
    at updateBadgeholders (C:\Users\PcMai\OneDrive\Desktop\Showdown Server\server\chat-plugins\seasons.ts:164:20)

Error: IPC channel is already disconnected
    at ChildProcess.target.disconnect (node:internal/child_process:903:26)
    at QueryProcessWrapper.destroy (C:\Users\PcMai\OneDrive\Desktop\Showdown Server\lib\process-manager.ts:205:16)
    at QueryProcessWrapper.release (C:\Users\PcMai\OneDrive\Desktop\Showdown Server\lib\process-manager.ts:191:9)
    at QueryProcessManager.releaseCrashed (C:\Users\PcMai\OneDrive\Desktop\Showdown Server\lib\process-manager.ts:455:16)
    at ChildProcess.<anonymous> (C:\Users\PcMai\OneDrive\Desktop\Showdown Server\lib\process-manager.ts:512:47)
    at ChildProcess.emit (node:events:518:28)
    at ChildProcess.emit (node:domain:489:12)
    at finish (node:internal/child_process:933:14)
    at processTicksAndRejections (node:internal/process/task_queues:85:11)

Error: IPC channel is already disconnected
    at ChildProcess.target.disconnect (node:internal/child_process:903:26)
    at QueryProcessWrapper.destroy (C:\Users\PcMai\OneDrive\Desktop\Showdown Server\lib\process-manager.ts:205:16)
    at QueryProcessWrapper.release (C:\Users\PcMai\OneDrive\Desktop\Showdown Server\lib\process-manager.ts:191:9)
    at QueryProcessManager.releaseCrashed (C:\Users\PcMai\OneDrive\Desktop\Showdown Server\lib\process-manager.ts:455:16)
    at ChildProcess.<anonymous> (C:\Users\PcMai\OneDrive\Desktop\Showdown Server\lib\process-manager.ts:512:47)
    at ChildProcess.emit (node:events:518:28)
    at ChildProcess.emit (node:domain:489:12)
    at finish (node:internal/child_process:933:14)
    at processTicksAndRejections (node:internal/process/task_queues:85:11)

Error: IPC channel is already disconnected
    at ChildProcess.target.disconnect (node:internal/child_process:903:26)
    at QueryProcessWrapper.destroy (C:\Users\PcMai\OneDrive\Desktop\Showdown Server\lib\process-manager.ts:205:16)
    at QueryProcessWrapper.release (C:\Users\PcMai\OneDrive\Desktop\Showdown Server\lib\process-manager.ts:191:9)
    at QueryProcessManager.releaseCrashed (C:\Users\PcMai\OneDrive\Desktop\Showdown Server\lib\process-manager.ts:455:16)
    at ChildProcess.<anonymous> (C:\Users\PcMai\OneDrive\Desktop\Showdown Server\lib\process-manager.ts:512:47)
    at ChildProcess.emit (node:events:518:28)
    at ChildProcess.emit (node:domain:489:12)
    at finish (node:internal/child_process:933:14)
    at processTicksAndRejections (node:internal/process/task_queues:85:11)

Error: Process room-battle.js 5108 crashed and had to be restarted
    at StreamProcessManager.releaseCrashed (C:\Users\PcMai\OneDrive\Desktop\Showdown Server\lib\process-manager.ts:471:4)
    at ChildProcess.<anonymous> (C:\Users\PcMai\OneDrive\Desktop\Showdown Server\lib\process-manager.ts:512:47)
    at ChildProcess.emit (node:events:518:28)
    at ChildProcess.emit (node:domain:489:12)
    at finish (node:internal/child_process:933:14)
    at processTicksAndRejections (node:internal/process/task_queues:85:11)

Error: IPC channel is already disconnected
    at ChildProcess.target.disconnect (node:internal/child_process:903:26)
    at QueryProcessWrapper.destroy (C:\Users\PcMai\OneDrive\Desktop\Showdown Server\lib\process-manager.ts:205:16)
    at QueryProcessWrapper.release (C:\Users\PcMai\OneDrive\Desktop\Showdown Server\lib\process-manager.ts:191:9)
    at SQLDatabaseManager.releaseCrashed (C:\Users\PcMai\OneDrive\Desktop\Showdown Server\lib\process-manager.ts:455:16)
    at ChildProcess.<anonymous> (C:\Users\PcMai\OneDrive\Desktop\Showdown Server\lib\process-manager.ts:512:47)
    at ChildProcess.emit (node:events:518:28)
    at ChildProcess.emit (node:domain:489:12)
    at finish (node:internal/child_process:933:14)
    at processTicksAndRejections (node:internal/process/task_queues:85:11)

HttpError: Service Unavailable
    at NetRequest.get (C:\Users\PcMai\OneDrive\Desktop\Showdown Server\lib\net.ts:209:10)
    at processTicksAndRejections (node:internal/process/task_queues:105:5)
    at getLadderTop (C:\Users\PcMai\OneDrive\Desktop\Showdown Server\server\chat-plugins\seasons.ts:147:19)
    at updateBadgeholders (C:\Users\PcMai\OneDrive\Desktop\Showdown Server\server\chat-plugins\seasons.ts:164:20)

HttpError: Service Unavailable
    at NetRequest.get (C:\Users\PcMai\OneDrive\Desktop\Showdown Server\lib\net.ts:209:10)
    at processTicksAndRejections (node:internal/process/task_queues:105:5)
    at getLadderTop (C:\Users\PcMai\OneDrive\Desktop\Showdown Server\server\chat-plugins\seasons.ts:147:19)
    at updateBadgeholders (C:\Users\PcMai\OneDrive\Desktop\Showdown Server\server\chat-plugins\seasons.ts:164:20)

HttpError: Service Unavailable
    at NetRequest.get (C:\Users\PcMai\OneDrive\Desktop\Showdown Server\lib\net.ts:209:10)
    at processTicksAndRejections (node:internal/process/task_queues:105:5)
    at getLadderTop (C:\Users\PcMai\OneDrive\Desktop\Showdown Server\server\chat-plugins\seasons.ts:147:19)
    at updateBadgeholders (C:\Users\PcMai\OneDrive\Desktop\Showdown Server\server\chat-plugins\seasons.ts:164:20)

Error: IPC channel is already disconnected
    at ChildProcess.target.disconnect (node:internal/child_process:903:26)
    at QueryProcessWrapper.destroy (C:\Users\PcMai\OneDrive\Desktop\Showdown Server\lib\process-manager.ts:205:16)
    at QueryProcessWrapper.release (C:\Users\PcMai\OneDrive\Desktop\Showdown Server\lib\process-manager.ts:191:9)
    at QueryProcessManager.releaseCrashed (C:\Users\PcMai\OneDrive\Desktop\Showdown Server\lib\process-manager.ts:455:16)
    at ChildProcess.<anonymous> (C:\Users\PcMai\OneDrive\Desktop\Showdown Server\lib\process-manager.ts:512:47)
    at ChildProcess.emit (node:events:518:28)
    at ChildProcess.emit (node:domain:489:12)
    at finish (node:internal/child_process:933:14)
    at processTicksAndRejections (node:internal/process/task_queues:85:11)

Error: IPC channel is already disconnected
    at ChildProcess.target.disconnect (node:internal/child_process:903:26)
    at QueryProcessWrapper.destroy (C:\Users\PcMai\OneDrive\Desktop\Showdown Server\lib\process-manager.ts:205:16)
    at QueryProcessWrapper.release (C:\Users\PcMai\OneDrive\Desktop\Showdown Server\lib\process-manager.ts:191:9)
    at QueryProcessManager.releaseCrashed (C:\Users\PcMai\OneDrive\Desktop\Showdown Server\lib\process-manager.ts:455:16)
    at ChildProcess.<anonymous> (C:\Users\PcMai\OneDrive\Desktop\Showdown Server\lib\process-manager.ts:512:47)
    at ChildProcess.emit (node:events:518:28)
    at ChildProcess.emit (node:domain:489:12)
    at finish (node:internal/child_process:933:14)
    at processTicksAndRejections (node:internal/process/task_queues:85:11)

Error: IPC channel is already disconnected
    at ChildProcess.target.disconnect (node:internal/child_process:903:26)
    at QueryProcessWrapper.destroy (C:\Users\PcMai\OneDrive\Desktop\Showdown Server\lib\process-manager.ts:205:16)
    at QueryProcessWrapper.release (C:\Users\PcMai\OneDrive\Desktop\Showdown Server\lib\process-manager.ts:191:9)
    at QueryProcessManager.releaseCrashed (C:\Users\PcMai\OneDrive\Desktop\Showdown Server\lib\process-manager.ts:455:16)
    at ChildProcess.<anonymous> (C:\Users\PcMai\OneDrive\Desktop\Showdown Server\lib\process-manager.ts:512:47)
    at ChildProcess.emit (node:events:518:28)
    at ChildProcess.emit (node:domain:489:12)
    at finish (node:internal/child_process:933:14)
    at processTicksAndRejections (node:internal/process/task_queues:85:11)

Error: Process room-battle.js 13876 crashed and had to be restarted
    at StreamProcessManager.releaseCrashed (C:\Users\PcMai\OneDrive\Desktop\Showdown Server\lib\process-manager.ts:471:4)
    at ChildProcess.<anonymous> (C:\Users\PcMai\OneDrive\Desktop\Showdown Server\lib\process-manager.ts:512:47)
    at ChildProcess.emit (node:events:518:28)
    at ChildProcess.emit (node:domain:489:12)
    at finish (node:internal/child_process:933:14)
    at processTicksAndRejections (node:internal/process/task_queues:85:11)

HttpError: Service Unavailable
    at NetRequest.get (C:\Users\PcMai\OneDrive\Desktop\Showdown Server\lib\net.ts:209:10)
    at processTicksAndRejections (node:internal/process/task_queues:105:5)
    at getLadderTop (C:\Users\PcMai\OneDrive\Desktop\Showdown Server\server\chat-plugins\seasons.ts:147:19)
    at updateBadgeholders (C:\Users\PcMai\OneDrive\Desktop\Showdown Server\server\chat-plugins\seasons.ts:164:20)

HttpError: Service Unavailable
    at NetRequest.get (C:\Users\PcMai\OneDrive\Desktop\Showdown Server\lib\net.ts:209:10)
    at processTicksAndRejections (node:internal/process/task_queues:105:5)
    at getLadderTop (C:\Users\PcMai\OneDrive\Desktop\Showdown Server\server\chat-plugins\seasons.ts:147:19)
    at updateBadgeholders (C:\Users\PcMai\OneDrive\Desktop\Showdown Server\server\chat-plugins\seasons.ts:164:20)

HttpError: Service Unavailable
    at NetRequest.get (C:\Users\PcMai\OneDrive\Desktop\Showdown Server\lib\net.ts:209:10)
    at processTicksAndRejections (node:internal/process/task_queues:105:5)
    at getLadderTop (C:\Users\PcMai\OneDrive\Desktop\Showdown Server\server\chat-plugins\seasons.ts:147:19)
    at updateBadgeholders (C:\Users\PcMai\OneDrive\Desktop\Showdown Server\server\chat-plugins\seasons.ts:164:20)

Error: IPC channel is already disconnected
    at ChildProcess.target.disconnect (node:internal/child_process:903:26)
    at QueryProcessWrapper.destroy (C:\Users\PcMai\OneDrive\Desktop\Showdown Server\lib\process-manager.ts:205:16)
    at QueryProcessWrapper.release (C:\Users\PcMai\OneDrive\Desktop\Showdown Server\lib\process-manager.ts:191:9)
    at QueryProcessManager.releaseCrashed (C:\Users\PcMai\OneDrive\Desktop\Showdown Server\lib\process-manager.ts:455:16)
    at ChildProcess.<anonymous> (C:\Users\PcMai\OneDrive\Desktop\Showdown Server\lib\process-manager.ts:512:47)
    at ChildProcess.emit (node:events:518:28)
    at ChildProcess.emit (node:domain:489:12)
    at finish (node:internal/child_process:933:14)
    at processTicksAndRejections (node:internal/process/task_queues:85:11)

Error: IPC channel is already disconnected
    at ChildProcess.target.disconnect (node:internal/child_process:903:26)
    at QueryProcessWrapper.destroy (C:\Users\PcMai\OneDrive\Desktop\Showdown Server\lib\process-manager.ts:205:16)
    at QueryProcessWrapper.release (C:\Users\PcMai\OneDrive\Desktop\Showdown Server\lib\process-manager.ts:191:9)
    at QueryProcessManager.releaseCrashed (C:\Users\PcMai\OneDrive\Desktop\Showdown Server\lib\process-manager.ts:455:16)
    at ChildProcess.<anonymous> (C:\Users\PcMai\OneDrive\Desktop\Showdown Server\lib\process-manager.ts:512:47)
    at ChildProcess.emit (node:events:518:28)
    at ChildProcess.emit (node:domain:489:12)
    at finish (node:internal/child_process:933:14)
    at processTicksAndRejections (node:internal/process/task_queues:85:11)

Error: Process room-battle.js 28076 crashed and had to be restarted
    at StreamProcessManager.releaseCrashed (C:\Users\PcMai\OneDrive\Desktop\Showdown Server\lib\process-manager.ts:471:4)
    at ChildProcess.<anonymous> (C:\Users\PcMai\OneDrive\Desktop\Showdown Server\lib\process-manager.ts:512:47)
    at ChildProcess.emit (node:events:518:28)
    at ChildProcess.emit (node:domain:489:12)
    at finish (node:internal/child_process:933:14)
    at processTicksAndRejections (node:internal/process/task_queues:85:11)

Error: IPC channel is already disconnected
    at ChildProcess.target.disconnect (node:internal/child_process:903:26)
    at QueryProcessWrapper.destroy (C:\Users\PcMai\OneDrive\Desktop\Showdown Server\lib\process-manager.ts:205:16)
    at QueryProcessWrapper.release (C:\Users\PcMai\OneDrive\Desktop\Showdown Server\lib\process-manager.ts:191:9)
    at QueryProcessManager.releaseCrashed (C:\Users\PcMai\OneDrive\Desktop\Showdown Server\lib\process-manager.ts:455:16)
    at ChildProcess.<anonymous> (C:\Users\PcMai\OneDrive\Desktop\Showdown Server\lib\process-manager.ts:512:47)
    at ChildProcess.emit (node:events:518:28)
    at ChildProcess.emit (node:domain:489:12)
    at finish (node:internal/child_process:933:14)
    at processTicksAndRejections (node:internal/process/task_queues:85:11)

Error: Unrecognized rule "VCG timer"
    at DexFormats.validateRule (C:\Users\PcMai\OneDrive\Desktop\Showdown Twitch Cup\Showdown Server\sim\dex-formats.ts:937:11)
    at DexFormats.getRuleTable (C:\Users\PcMai\OneDrive\Desktop\Showdown Twitch Cup\Showdown Server\sim\dex-formats.ts:738:26)
    at DexFormats.getRuleTable (C:\Users\PcMai\OneDrive\Desktop\Showdown Twitch Cup\Showdown Server\sim\dex-formats.ts:705:24)
    at GlobalRoomState.get formatListText [as formatListText] (C:\Users\PcMai\OneDrive\Desktop\Showdown Twitch Cup\Showdown Server\server\rooms.ts:1480:34)
    at GlobalRoomState.handleConnect (C:\Users\PcMai\OneDrive\Desktop\Showdown Twitch Cup\Showdown Server\server\rooms.ts:1735:80)
    at Object.socketConnect (C:\Users\PcMai\OneDrive\Desktop\Showdown Twitch Cup\Showdown Server\server\users.ts:1665:15)
    at Object.onSpawn (C:\Users\PcMai\OneDrive\Desktop\Showdown Twitch Cup\Showdown Server\server\sockets.ts:34:11)
    at processTicksAndRejections (node:internal/process/task_queues:105:5)

Error: Unrecognized rule "VCG timer"
    at DexFormats.validateRule (C:\Users\PcMai\OneDrive\Desktop\Showdown Twitch Cup\Showdown Server\sim\dex-formats.ts:937:11)
    at DexFormats.getRuleTable (C:\Users\PcMai\OneDrive\Desktop\Showdown Twitch Cup\Showdown Server\sim\dex-formats.ts:738:26)
    at DexFormats.getRuleTable (C:\Users\PcMai\OneDrive\Desktop\Showdown Twitch Cup\Showdown Server\sim\dex-formats.ts:705:24)
    at GlobalRoomState.get formatListText [as formatListText] (C:\Users\PcMai\OneDrive\Desktop\Showdown Twitch Cup\Showdown Server\server\rooms.ts:1480:34)
    at GlobalRoomState.handleConnect (C:\Users\PcMai\OneDrive\Desktop\Showdown Twitch Cup\Showdown Server\server\rooms.ts:1735:80)
    at Object.socketConnect (C:\Users\PcMai\OneDrive\Desktop\Showdown Twitch Cup\Showdown Server\server\users.ts:1665:15)
    at Object.onSpawn (C:\Users\PcMai\OneDrive\Desktop\Showdown Twitch Cup\Showdown Server\server\sockets.ts:34:11)
    at processTicksAndRejections (node:internal/process/task_queues:105:5)

Error: Unrecognized rule "VCG timer"
    at DexFormats.validateRule (C:\Users\PcMai\OneDrive\Desktop\Showdown Twitch Cup\Showdown Server\sim\dex-formats.ts:937:11)
    at DexFormats.getRuleTable (C:\Users\PcMai\OneDrive\Desktop\Showdown Twitch Cup\Showdown Server\sim\dex-formats.ts:738:26)
    at DexFormats.getRuleTable (C:\Users\PcMai\OneDrive\Desktop\Showdown Twitch Cup\Showdown Server\sim\dex-formats.ts:705:24)
    at GlobalRoomState.get formatListText [as formatListText] (C:\Users\PcMai\OneDrive\Desktop\Showdown Twitch Cup\Showdown Server\server\rooms.ts:1480:34)
    at GlobalRoomState.handleConnect (C:\Users\PcMai\OneDrive\Desktop\Showdown Twitch Cup\Showdown Server\server\rooms.ts:1735:80)
    at Object.socketConnect (C:\Users\PcMai\OneDrive\Desktop\Showdown Twitch Cup\Showdown Server\server\users.ts:1665:15)
    at Object.onSpawn (C:\Users\PcMai\OneDrive\Desktop\Showdown Twitch Cup\Showdown Server\server\sockets.ts:34:11)
    at processTicksAndRejections (node:internal/process/task_queues:105:5)

HttpError: Service Unavailable
    at NetRequest.get (C:\Users\PcMai\OneDrive\Desktop\Showdown Twitch Cup\Showdown Server\lib\net.ts:209:10)
    at processTicksAndRejections (node:internal/process/task_queues:105:5)
    at getLadderTop (C:\Users\PcMai\OneDrive\Desktop\Showdown Twitch Cup\Showdown Server\server\chat-plugins\seasons.ts:147:19)
    at updateBadgeholders (C:\Users\PcMai\OneDrive\Desktop\Showdown Twitch Cup\Showdown Server\server\chat-plugins\seasons.ts:164:20)

HttpError: Service Unavailable
    at NetRequest.get (C:\Users\PcMai\OneDrive\Desktop\Showdown Twitch Cup\Showdown Server\lib\net.ts:209:10)
    at processTicksAndRejections (node:internal/process/task_queues:105:5)
    at getLadderTop (C:\Users\PcMai\OneDrive\Desktop\Showdown Twitch Cup\Showdown Server\server\chat-plugins\seasons.ts:147:19)
    at updateBadgeholders (C:\Users\PcMai\OneDrive\Desktop\Showdown Twitch Cup\Showdown Server\server\chat-plugins\seasons.ts:164:20)

HttpError: Service Unavailable
    at NetRequest.get (C:\Users\PcMai\OneDrive\Desktop\Showdown Twitch Cup\Showdown Server\lib\net.ts:209:10)
    at processTicksAndRejections (node:internal/process/task_queues:105:5)
    at getLadderTop (C:\Users\PcMai\OneDrive\Desktop\Showdown Twitch Cup\Showdown Server\server\chat-plugins\seasons.ts:147:19)
    at updateBadgeholders (C:\Users\PcMai\OneDrive\Desktop\Showdown Twitch Cup\Showdown Server\server\chat-plugins\seasons.ts:164:20)

Error: IPC channel is already disconnected
    at ChildProcess.target.disconnect (node:internal/child_process:903:26)
    at QueryProcessWrapper.destroy (C:\Users\PcMai\OneDrive\Desktop\Showdown Twitch Cup\Showdown Server\lib\process-manager.ts:205:16)
    at QueryProcessWrapper.release (C:\Users\PcMai\OneDrive\Desktop\Showdown Twitch Cup\Showdown Server\lib\process-manager.ts:191:9)
    at QueryProcessManager.releaseCrashed (C:\Users\PcMai\OneDrive\Desktop\Showdown Twitch Cup\Showdown Server\lib\process-manager.ts:455:16)
    at ChildProcess.<anonymous> (C:\Users\PcMai\OneDrive\Desktop\Showdown Twitch Cup\Showdown Server\lib\process-manager.ts:512:47)
    at ChildProcess.emit (node:events:518:28)
    at ChildProcess.emit (node:domain:489:12)
    at finish (node:internal/child_process:933:14)
    at processTicksAndRejections (node:internal/process/task_queues:85:11)

Error: IPC channel is already disconnected
    at ChildProcess.target.disconnect (node:internal/child_process:903:26)
    at QueryProcessWrapper.destroy (C:\Users\PcMai\OneDrive\Desktop\Showdown Twitch Cup\Showdown Server\lib\process-manager.ts:205:16)
    at QueryProcessWrapper.release (C:\Users\PcMai\OneDrive\Desktop\Showdown Twitch Cup\Showdown Server\lib\process-manager.ts:191:9)
    at QueryProcessManager.releaseCrashed (C:\Users\PcMai\OneDrive\Desktop\Showdown Twitch Cup\Showdown Server\lib\process-manager.ts:455:16)
    at ChildProcess.<anonymous> (C:\Users\PcMai\OneDrive\Desktop\Showdown Twitch Cup\Showdown Server\lib\process-manager.ts:512:47)
    at ChildProcess.emit (node:events:518:28)
    at ChildProcess.emit (node:domain:489:12)
    at finish (node:internal/child_process:933:14)
    at processTicksAndRejections (node:internal/process/task_queues:85:11)

Error: IPC channel is already disconnected
    at ChildProcess.target.disconnect (node:internal/child_process:903:26)
    at QueryProcessWrapper.destroy (C:\Users\PcMai\OneDrive\Desktop\Showdown Twitch Cup\Showdown Server\lib\process-manager.ts:205:16)
    at QueryProcessWrapper.release (C:\Users\PcMai\OneDrive\Desktop\Showdown Twitch Cup\Showdown Server\lib\process-manager.ts:191:9)
    at QueryProcessManager.releaseCrashed (C:\Users\PcMai\OneDrive\Desktop\Showdown Twitch Cup\Showdown Server\lib\process-manager.ts:455:16)
    at ChildProcess.<anonymous> (C:\Users\PcMai\OneDrive\Desktop\Showdown Twitch Cup\Showdown Server\lib\process-manager.ts:512:47)
    at ChildProcess.emit (node:events:518:28)
    at ChildProcess.emit (node:domain:489:12)
    at finish (node:internal/child_process:933:14)
    at processTicksAndRejections (node:internal/process/task_queues:85:11)

Error: IPC channel is already disconnected
    at ChildProcess.target.disconnect (node:internal/child_process:903:26)
    at StreamProcessWrapper.destroy (C:\Users\PcMai\OneDrive\Desktop\Showdown Twitch Cup\Showdown Server\lib\process-manager.ts:321:16)
    at StreamProcessWrapper.release (C:\Users\PcMai\OneDrive\Desktop\Showdown Twitch Cup\Showdown Server\lib\process-manager.ts:307:14)
    at StreamProcessManager.releaseCrashed (C:\Users\PcMai\OneDrive\Desktop\Showdown Twitch Cup\Showdown Server\lib\process-manager.ts:455:16)
    at ChildProcess.<anonymous> (C:\Users\PcMai\OneDrive\Desktop\Showdown Twitch Cup\Showdown Server\lib\process-manager.ts:512:47)
    at ChildProcess.emit (node:events:518:28)
    at ChildProcess.emit (node:domain:489:12)
    at finish (node:internal/child_process:933:14)
    at processTicksAndRejections (node:internal/process/task_queues:85:11)

Error: Unrecognized rule "vcgtimer"
    at DexFormats.validateRule (C:\Users\PcMai\OneDrive\Desktop\Showdown Twitch Cup\Showdown Server\sim\dex-formats.ts:937:11)
    at DexFormats.getRuleTable (C:\Users\PcMai\OneDrive\Desktop\Showdown Twitch Cup\Showdown Server\sim\dex-formats.ts:738:26)
    at DexFormats.getRuleTable (C:\Users\PcMai\OneDrive\Desktop\Showdown Twitch Cup\Showdown Server\sim\dex-formats.ts:705:24)
    at GlobalRoomState.get formatListText [as formatListText] (C:\Users\PcMai\OneDrive\Desktop\Showdown Twitch Cup\Showdown Server\server\rooms.ts:1480:34)
    at GlobalRoomState.handleConnect (C:\Users\PcMai\OneDrive\Desktop\Showdown Twitch Cup\Showdown Server\server\rooms.ts:1735:80)
    at Object.socketConnect (C:\Users\PcMai\OneDrive\Desktop\Showdown Twitch Cup\Showdown Server\server\users.ts:1665:15)
    at Object.onSpawn (C:\Users\PcMai\OneDrive\Desktop\Showdown Twitch Cup\Showdown Server\server\sockets.ts:34:11)
    at processTicksAndRejections (node:internal/process/task_queues:105:5)

HttpError: Service Unavailable
    at NetRequest.get (C:\Users\PcMai\OneDrive\Desktop\Showdown Twitch Cup\Showdown Server\lib\net.ts:209:10)
    at processTicksAndRejections (node:internal/process/task_queues:105:5)
    at getLadderTop (C:\Users\PcMai\OneDrive\Desktop\Showdown Twitch Cup\Showdown Server\server\chat-plugins\seasons.ts:147:19)
    at updateBadgeholders (C:\Users\PcMai\OneDrive\Desktop\Showdown Twitch Cup\Showdown Server\server\chat-plugins\seasons.ts:164:20)

HttpError: Service Unavailable
    at NetRequest.get (C:\Users\PcMai\OneDrive\Desktop\Showdown Twitch Cup\Showdown Server\lib\net.ts:209:10)
    at processTicksAndRejections (node:internal/process/task_queues:105:5)
    at getLadderTop (C:\Users\PcMai\OneDrive\Desktop\Showdown Twitch Cup\Showdown Server\server\chat-plugins\seasons.ts:147:19)
    at updateBadgeholders (C:\Users\PcMai\OneDrive\Desktop\Showdown Twitch Cup\Showdown Server\server\chat-plugins\seasons.ts:164:20)

HttpError: Service Unavailable
    at NetRequest.get (C:\Users\PcMai\OneDrive\Desktop\Showdown Twitch Cup\Showdown Server\lib\net.ts:209:10)
    at processTicksAndRejections (node:internal/process/task_queues:105:5)
    at getLadderTop (C:\Users\PcMai\OneDrive\Desktop\Showdown Twitch Cup\Showdown Server\server\chat-plugins\seasons.ts:147:19)
    at updateBadgeholders (C:\Users\PcMai\OneDrive\Desktop\Showdown Twitch Cup\Showdown Server\server\chat-plugins\seasons.ts:164:20)

Error: IPC channel is already disconnected
    at ChildProcess.target.disconnect (node:internal/child_process:903:26)
    at QueryProcessWrapper.destroy (C:\Users\PcMai\OneDrive\Desktop\Showdown Twitch Cup\Showdown Server\lib\process-manager.ts:205:16)
    at QueryProcessWrapper.release (C:\Users\PcMai\OneDrive\Desktop\Showdown Twitch Cup\Showdown Server\lib\process-manager.ts:191:9)
    at QueryProcessManager.releaseCrashed (C:\Users\PcMai\OneDrive\Desktop\Showdown Twitch Cup\Showdown Server\lib\process-manager.ts:455:16)
    at ChildProcess.<anonymous> (C:\Users\PcMai\OneDrive\Desktop\Showdown Twitch Cup\Showdown Server\lib\process-manager.ts:512:47)
    at ChildProcess.emit (node:events:518:28)
    at ChildProcess.emit (node:domain:489:12)
    at finish (node:internal/child_process:933:14)
    at processTicksAndRejections (node:internal/process/task_queues:85:11)

Error: IPC channel is already disconnected
    at ChildProcess.target.disconnect (node:internal/child_process:903:26)
    at QueryProcessWrapper.destroy (C:\Users\PcMai\OneDrive\Desktop\Showdown Twitch Cup\Showdown Server\lib\process-manager.ts:205:16)
    at QueryProcessWrapper.release (C:\Users\PcMai\OneDrive\Desktop\Showdown Twitch Cup\Showdown Server\lib\process-manager.ts:191:9)
    at QueryProcessManager.releaseCrashed (C:\Users\PcMai\OneDrive\Desktop\Showdown Twitch Cup\Showdown Server\lib\process-manager.ts:455:16)
    at ChildProcess.<anonymous> (C:\Users\PcMai\OneDrive\Desktop\Showdown Twitch Cup\Showdown Server\lib\process-manager.ts:512:47)
    at ChildProcess.emit (node:events:518:28)
    at ChildProcess.emit (node:domain:489:12)
    at finish (node:internal/child_process:933:14)
    at processTicksAndRejections (node:internal/process/task_queues:85:11)

Error: IPC channel is already disconnected
    at ChildProcess.target.disconnect (node:internal/child_process:903:26)
    at QueryProcessWrapper.destroy (C:\Users\PcMai\OneDrive\Desktop\Showdown Twitch Cup\Showdown Server\lib\process-manager.ts:205:16)
    at QueryProcessWrapper.release (C:\Users\PcMai\OneDrive\Desktop\Showdown Twitch Cup\Showdown Server\lib\process-manager.ts:191:9)
    at QueryProcessManager.releaseCrashed (C:\Users\PcMai\OneDrive\Desktop\Showdown Twitch Cup\Showdown Server\lib\process-manager.ts:455:16)
    at ChildProcess.<anonymous> (C:\Users\PcMai\OneDrive\Desktop\Showdown Twitch Cup\Showdown Server\lib\process-manager.ts:512:47)
    at ChildProcess.emit (node:events:518:28)
    at ChildProcess.emit (node:domain:489:12)
    at finish (node:internal/child_process:933:14)
    at processTicksAndRejections (node:internal/process/task_queues:85:11)

Error: Process room-battle.js 23908 crashed and had to be restarted
    at StreamProcessManager.releaseCrashed (C:\Users\PcMai\OneDrive\Desktop\Showdown Twitch Cup\Showdown Server\lib\process-manager.ts:471:4)
    at ChildProcess.<anonymous> (C:\Users\PcMai\OneDrive\Desktop\Showdown Twitch Cup\Showdown Server\lib\process-manager.ts:512:47)
    at ChildProcess.emit (node:events:518:28)
    at ChildProcess.emit (node:domain:489:12)
    at finish (node:internal/child_process:933:14)
    at processTicksAndRejections (node:internal/process/task_queues:85:11)

Error: Process sockets.js 20968 crashed and had to be restarted
    at RawProcessManager.releaseCrashed (C:\Users\PcMai\OneDrive\Desktop\Showdown Twitch Cup\Showdown Server\lib\process-manager.ts:471:4)
    at Worker.<anonymous> (C:\Users\PcMai\OneDrive\Desktop\Showdown Twitch Cup\Showdown Server\lib\process-manager.ts:512:47)
    at Worker.emit (node:events:518:28)
    at Worker.emit (node:domain:489:12)
    at ChildProcess.<anonymous> (node:internal/cluster/primary:209:12)
    at Object.onceWrapper (node:events:632:28)
    at ChildProcess.emit (node:events:518:28)
    at ChildProcess.emit (node:domain:489:12)
    at finish (node:internal/child_process:933:14)
    at processTicksAndRejections (node:internal/process/task_queues:85:11)

HttpError: Service Unavailable
    at NetRequest.get (C:\Users\PcMai\OneDrive\Desktop\Showdown Twitch Cup\Showdown Server\lib\net.ts:209:10)
    at processTicksAndRejections (node:internal/process/task_queues:105:5)
    at getLadderTop (C:\Users\PcMai\OneDrive\Desktop\Showdown Twitch Cup\Showdown Server\server\chat-plugins\seasons.ts:147:19)
    at updateBadgeholders (C:\Users\PcMai\OneDrive\Desktop\Showdown Twitch Cup\Showdown Server\server\chat-plugins\seasons.ts:164:20)

HttpError: Service Unavailable
    at NetRequest.get (C:\Users\PcMai\OneDrive\Desktop\Showdown Twitch Cup\Showdown Server\lib\net.ts:209:10)
    at processTicksAndRejections (node:internal/process/task_queues:105:5)
    at getLadderTop (C:\Users\PcMai\OneDrive\Desktop\Showdown Twitch Cup\Showdown Server\server\chat-plugins\seasons.ts:147:19)
    at updateBadgeholders (C:\Users\PcMai\OneDrive\Desktop\Showdown Twitch Cup\Showdown Server\server\chat-plugins\seasons.ts:164:20)

HttpError: Service Unavailable
    at NetRequest.get (C:\Users\PcMai\OneDrive\Desktop\Showdown Twitch Cup\Showdown Server\lib\net.ts:209:10)
    at processTicksAndRejections (node:internal/process/task_queues:105:5)
    at getLadderTop (C:\Users\PcMai\OneDrive\Desktop\Showdown Twitch Cup\Showdown Server\server\chat-plugins\seasons.ts:147:19)
    at updateBadgeholders (C:\Users\PcMai\OneDrive\Desktop\Showdown Twitch Cup\Showdown Server\server\chat-plugins\seasons.ts:164:20)

HttpError: Service Unavailable
    at NetRequest.get (C:\Users\PcMai\OneDrive\Desktop\Showdown Twitch Cup\Showdown Server\lib\net.ts:209:10)
    at processTicksAndRejections (node:internal/process/task_queues:105:5)
    at getLadderTop (C:\Users\PcMai\OneDrive\Desktop\Showdown Twitch Cup\Showdown Server\server\chat-plugins\seasons.ts:147:19)
    at updateBadgeholders (C:\Users\PcMai\OneDrive\Desktop\Showdown Twitch Cup\Showdown Server\server\chat-plugins\seasons.ts:164:20)

Error: IPC channel is already disconnected
    at ChildProcess.target.disconnect (node:internal/child_process:903:26)
    at QueryProcessWrapper.destroy (C:\Users\PcMai\OneDrive\Desktop\Showdown Twitch Cup\Showdown Server\lib\process-manager.ts:205:16)
    at QueryProcessWrapper.release (C:\Users\PcMai\OneDrive\Desktop\Showdown Twitch Cup\Showdown Server\lib\process-manager.ts:191:9)
    at QueryProcessManager.releaseCrashed (C:\Users\PcMai\OneDrive\Desktop\Showdown Twitch Cup\Showdown Server\lib\process-manager.ts:455:16)
    at ChildProcess.<anonymous> (C:\Users\PcMai\OneDrive\Desktop\Showdown Twitch Cup\Showdown Server\lib\process-manager.ts:512:47)
    at ChildProcess.emit (node:events:518:28)
    at ChildProcess.emit (node:domain:489:12)
    at finish (node:internal/child_process:933:14)
    at processTicksAndRejections (node:internal/process/task_queues:85:11)

Error: IPC channel is already disconnected
    at ChildProcess.target.disconnect (node:internal/child_process:903:26)
    at QueryProcessWrapper.destroy (C:\Users\PcMai\OneDrive\Desktop\Showdown Twitch Cup\Showdown Server\lib\process-manager.ts:205:16)
    at QueryProcessWrapper.release (C:\Users\PcMai\OneDrive\Desktop\Showdown Twitch Cup\Showdown Server\lib\process-manager.ts:191:9)
    at QueryProcessManager.releaseCrashed (C:\Users\PcMai\OneDrive\Desktop\Showdown Twitch Cup\Showdown Server\lib\process-manager.ts:455:16)
    at ChildProcess.<anonymous> (C:\Users\PcMai\OneDrive\Desktop\Showdown Twitch Cup\Showdown Server\lib\process-manager.ts:512:47)
    at ChildProcess.emit (node:events:518:28)
    at ChildProcess.emit (node:domain:489:12)
    at finish (node:internal/child_process:933:14)
    at processTicksAndRejections (node:internal/process/task_queues:85:11)

Error: IPC channel is already disconnected
    at ChildProcess.target.disconnect (node:internal/child_process:903:26)
    at QueryProcessWrapper.destroy (C:\Users\PcMai\OneDrive\Desktop\Showdown Twitch Cup\Showdown Server\lib\process-manager.ts:205:16)
    at QueryProcessWrapper.release (C:\Users\PcMai\OneDrive\Desktop\Showdown Twitch Cup\Showdown Server\lib\process-manager.ts:191:9)
    at QueryProcessManager.releaseCrashed (C:\Users\PcMai\OneDrive\Desktop\Showdown Twitch Cup\Showdown Server\lib\process-manager.ts:455:16)
    at ChildProcess.<anonymous> (C:\Users\PcMai\OneDrive\Desktop\Showdown Twitch Cup\Showdown Server\lib\process-manager.ts:512:47)
    at ChildProcess.emit (node:events:518:28)
    at ChildProcess.emit (node:domain:489:12)
    at finish (node:internal/child_process:933:14)
    at processTicksAndRejections (node:internal/process/task_queues:85:11)

Error: Process room-battle.js 24404 crashed and had to be restarted
    at StreamProcessManager.releaseCrashed (C:\Users\PcMai\OneDrive\Desktop\Showdown Twitch Cup\Showdown Server\lib\process-manager.ts:471:4)
    at ChildProcess.<anonymous> (C:\Users\PcMai\OneDrive\Desktop\Showdown Twitch Cup\Showdown Server\lib\process-manager.ts:512:47)
    at ChildProcess.emit (node:events:518:28)
    at ChildProcess.emit (node:domain:489:12)
    at finish (node:internal/child_process:933:14)
    at processTicksAndRejections (node:internal/process/task_queues:85:11)

Error: IPC channel is already disconnected
    at ChildProcess.target.disconnect (node:internal/child_process:903:26)
    at QueryProcessWrapper.destroy (C:\Users\PcMai\OneDrive\Desktop\Showdown Twitch Cup\Showdown Server\lib\process-manager.ts:205:16)
    at QueryProcessWrapper.release (C:\Users\PcMai\OneDrive\Desktop\Showdown Twitch Cup\Showdown Server\lib\process-manager.ts:191:9)
    at SQLDatabaseManager.releaseCrashed (C:\Users\PcMai\OneDrive\Desktop\Showdown Twitch Cup\Showdown Server\lib\process-manager.ts:455:16)
    at ChildProcess.<anonymous> (C:\Users\PcMai\OneDrive\Desktop\Showdown Twitch Cup\Showdown Server\lib\process-manager.ts:512:47)
    at ChildProcess.emit (node:events:518:28)
    at ChildProcess.emit (node:domain:489:12)
    at finish (node:internal/child_process:933:14)
    at processTicksAndRejections (node:internal/process/task_queues:85:11)

Error: Process sockets.js 27600 crashed and had to be restarted
    at RawProcessManager.releaseCrashed (C:\Users\PcMai\OneDrive\Desktop\Showdown Twitch Cup\Showdown Server\lib\process-manager.ts:471:4)
    at Worker.<anonymous> (C:\Users\PcMai\OneDrive\Desktop\Showdown Twitch Cup\Showdown Server\lib\process-manager.ts:512:47)
    at Worker.emit (node:events:518:28)
    at Worker.emit (node:domain:489:12)
    at ChildProcess.<anonymous> (node:internal/cluster/primary:209:12)
    at Object.onceWrapper (node:events:632:28)
    at ChildProcess.emit (node:events:518:28)
    at ChildProcess.emit (node:domain:489:12)
    at finish (node:internal/child_process:933:14)
    at processTicksAndRejections (node:internal/process/task_queues:85:11)

HttpError: Service Unavailable
    at NetRequest.get (C:\Users\PcMai\OneDrive\Desktop\Showdown Twitch Cup\Showdown Server\lib\net.ts:209:10)
    at processTicksAndRejections (node:internal/process/task_queues:105:5)
    at getLadderTop (C:\Users\PcMai\OneDrive\Desktop\Showdown Twitch Cup\Showdown Server\server\chat-plugins\seasons.ts:147:19)
    at updateBadgeholders (C:\Users\PcMai\OneDrive\Desktop\Showdown Twitch Cup\Showdown Server\server\chat-plugins\seasons.ts:164:20)

Error: IPC channel is already disconnected
    at ChildProcess.target.disconnect (node:internal/child_process:903:26)
    at QueryProcessWrapper.destroy (C:\Users\PcMai\OneDrive\Desktop\Showdown Twitch Cup\Showdown Server\lib\process-manager.ts:205:16)
    at QueryProcessWrapper.release (C:\Users\PcMai\OneDrive\Desktop\Showdown Twitch Cup\Showdown Server\lib\process-manager.ts:191:9)
    at QueryProcessManager.releaseCrashed (C:\Users\PcMai\OneDrive\Desktop\Showdown Twitch Cup\Showdown Server\lib\process-manager.ts:455:16)
    at ChildProcess.<anonymous> (C:\Users\PcMai\OneDrive\Desktop\Showdown Twitch Cup\Showdown Server\lib\process-manager.ts:512:47)
    at ChildProcess.emit (node:events:518:28)
    at ChildProcess.emit (node:domain:489:12)
    at finish (node:internal/child_process:933:14)
    at processTicksAndRejections (node:internal/process/task_queues:85:11)

Error: IPC channel is already disconnected
    at ChildProcess.target.disconnect (node:internal/child_process:903:26)
    at QueryProcessWrapper.destroy (C:\Users\PcMai\OneDrive\Desktop\Showdown Twitch Cup\Showdown Server\lib\process-manager.ts:205:16)
    at QueryProcessWrapper.release (C:\Users\PcMai\OneDrive\Desktop\Showdown Twitch Cup\Showdown Server\lib\process-manager.ts:191:9)
    at QueryProcessManager.releaseCrashed (C:\Users\PcMai\OneDrive\Desktop\Showdown Twitch Cup\Showdown Server\lib\process-manager.ts:455:16)
    at ChildProcess.<anonymous> (C:\Users\PcMai\OneDrive\Desktop\Showdown Twitch Cup\Showdown Server\lib\process-manager.ts:512:47)
    at ChildProcess.emit (node:events:518:28)
    at ChildProcess.emit (node:domain:489:12)
    at finish (node:internal/child_process:933:14)
    at processTicksAndRejections (node:internal/process/task_queues:85:11)

Error: IPC channel is already disconnected
    at ChildProcess.target.disconnect (node:internal/child_process:903:26)
    at QueryProcessWrapper.destroy (C:\Users\PcMai\OneDrive\Desktop\Showdown Twitch Cup\Showdown Server\lib\process-manager.ts:205:16)
    at QueryProcessWrapper.release (C:\Users\PcMai\OneDrive\Desktop\Showdown Twitch Cup\Showdown Server\lib\process-manager.ts:191:9)
    at QueryProcessManager.releaseCrashed (C:\Users\PcMai\OneDrive\Desktop\Showdown Twitch Cup\Showdown Server\lib\process-manager.ts:455:16)
    at ChildProcess.<anonymous> (C:\Users\PcMai\OneDrive\Desktop\Showdown Twitch Cup\Showdown Server\lib\process-manager.ts:512:47)
    at ChildProcess.emit (node:events:518:28)
    at ChildProcess.emit (node:domain:489:12)
    at finish (node:internal/child_process:933:14)
    at processTicksAndRejections (node:internal/process/task_queues:85:11)

Error: IPC channel is already disconnected
    at ChildProcess.target.disconnect (node:internal/child_process:903:26)
    at StreamProcessWrapper.destroy (C:\Users\PcMai\OneDrive\Desktop\Showdown Twitch Cup\Showdown Server\lib\process-manager.ts:321:16)
    at StreamProcessWrapper.release (C:\Users\PcMai\OneDrive\Desktop\Showdown Twitch Cup\Showdown Server\lib\process-manager.ts:307:14)
    at StreamProcessManager.releaseCrashed (C:\Users\PcMai\OneDrive\Desktop\Showdown Twitch Cup\Showdown Server\lib\process-manager.ts:455:16)
    at ChildProcess.<anonymous> (C:\Users\PcMai\OneDrive\Desktop\Showdown Twitch Cup\Showdown Server\lib\process-manager.ts:512:47)
    at ChildProcess.emit (node:events:518:28)
    at ChildProcess.emit (node:domain:489:12)
    at finish (node:internal/child_process:933:14)
    at processTicksAndRejections (node:internal/process/task_queues:85:11)

TypeError: Cannot read properties of null (reading 'then')
    at RawProcessManager.releaseCrashed (C:\Users\PcMai\OneDrive\Desktop\Showdown Twitch Cup\Showdown Server\lib\process-manager.ts:455:24)
    at Worker.<anonymous> (C:\Users\PcMai\OneDrive\Desktop\Showdown Twitch Cup\Showdown Server\lib\process-manager.ts:512:47)
    at Worker.emit (node:events:518:28)
    at Worker.emit (node:domain:489:12)
    at ChildProcess.<anonymous> (node:internal/cluster/primary:209:12)
    at Object.onceWrapper (node:events:632:28)
    at ChildProcess.emit (node:events:518:28)
    at ChildProcess.emit (node:domain:489:12)
    at finish (node:internal/child_process:933:14)
    at processTicksAndRejections (node:internal/process/task_queues:85:11)

Error: IPC channel is already disconnected
    at ChildProcess.target.disconnect (node:internal/child_process:903:26)
    at QueryProcessWrapper.destroy (C:\Users\PcMai\OneDrive\Desktop\Showdown Twitch Cup\Showdown Server\lib\process-manager.ts:205:16)
    at QueryProcessWrapper.release (C:\Users\PcMai\OneDrive\Desktop\Showdown Twitch Cup\Showdown Server\lib\process-manager.ts:191:9)
    at SQLDatabaseManager.releaseCrashed (C:\Users\PcMai\OneDrive\Desktop\Showdown Twitch Cup\Showdown Server\lib\process-manager.ts:455:16)
    at ChildProcess.<anonymous> (C:\Users\PcMai\OneDrive\Desktop\Showdown Twitch Cup\Showdown Server\lib\process-manager.ts:512:47)
    at ChildProcess.emit (node:events:518:28)
    at ChildProcess.emit (node:domain:489:12)
    at finish (node:internal/child_process:933:14)
    at processTicksAndRejections (node:internal/process/task_queues:85:11)

Error: IPC channel is already disconnected
    at ChildProcess.target.disconnect (node:internal/child_process:903:26)
    at QueryProcessWrapper.destroy (C:\Users\PcMai\OneDrive\Desktop\Showdown Twitch Cup\Showdown Server\lib\process-manager.ts:205:16)
    at QueryProcessWrapper.release (C:\Users\PcMai\OneDrive\Desktop\Showdown Twitch Cup\Showdown Server\lib\process-manager.ts:191:9)
    at QueryProcessManager.releaseCrashed (C:\Users\PcMai\OneDrive\Desktop\Showdown Twitch Cup\Showdown Server\lib\process-manager.ts:455:16)
    at ChildProcess.<anonymous> (C:\Users\PcMai\OneDrive\Desktop\Showdown Twitch Cup\Showdown Server\lib\process-manager.ts:512:47)
    at ChildProcess.emit (node:events:518:28)
    at ChildProcess.emit (node:domain:489:12)
    at finish (node:internal/child_process:933:14)
    at processTicksAndRejections (node:internal/process/task_queues:85:11)

HttpError: Service Unavailable
    at NetRequest.get (C:\Users\PcMai\OneDrive\Desktop\Showdown Twitch Cup\Showdown Server\lib\net.ts:209:10)
    at processTicksAndRejections (node:internal/process/task_queues:105:5)
    at getLadderTop (C:\Users\PcMai\OneDrive\Desktop\Showdown Twitch Cup\Showdown Server\server\chat-plugins\seasons.ts:147:19)
    at updateBadgeholders (C:\Users\PcMai\OneDrive\Desktop\Showdown Twitch Cup\Showdown Server\server\chat-plugins\seasons.ts:164:20)

HttpError: Service Unavailable
    at NetRequest.get (C:\Users\PcMai\OneDrive\Desktop\Showdown Twitch Cup\Showdown Server\lib\net.ts:209:10)
    at processTicksAndRejections (node:internal/process/task_queues:105:5)
    at getLadderTop (C:\Users\PcMai\OneDrive\Desktop\Showdown Twitch Cup\Showdown Server\server\chat-plugins\seasons.ts:147:19)
    at updateBadgeholders (C:\Users\PcMai\OneDrive\Desktop\Showdown Twitch Cup\Showdown Server\server\chat-plugins\seasons.ts:164:20)

HttpError: Service Unavailable
    at NetRequest.get (C:\Users\PcMai\OneDrive\Desktop\Showdown Twitch Cup\Showdown Server\lib\net.ts:209:10)
    at processTicksAndRejections (node:internal/process/task_queues:105:5)
    at getLadderTop (C:\Users\PcMai\OneDrive\Desktop\Showdown Twitch Cup\Showdown Server\server\chat-plugins\seasons.ts:147:19)
    at updateBadgeholders (C:\Users\PcMai\OneDrive\Desktop\Showdown Twitch Cup\Showdown Server\server\chat-plugins\seasons.ts:164:20)

Error: IPC channel is already disconnected
    at ChildProcess.target.disconnect (node:internal/child_process:903:26)
    at QueryProcessWrapper.destroy (C:\Users\PcMai\OneDrive\Desktop\Showdown Twitch Cup\Showdown Server\lib\process-manager.ts:205:16)
    at QueryProcessWrapper.release (C:\Users\PcMai\OneDrive\Desktop\Showdown Twitch Cup\Showdown Server\lib\process-manager.ts:191:9)
    at QueryProcessManager.releaseCrashed (C:\Users\PcMai\OneDrive\Desktop\Showdown Twitch Cup\Showdown Server\lib\process-manager.ts:455:16)
    at ChildProcess.<anonymous> (C:\Users\PcMai\OneDrive\Desktop\Showdown Twitch Cup\Showdown Server\lib\process-manager.ts:512:47)
    at ChildProcess.emit (node:events:518:28)
    at ChildProcess.emit (node:domain:489:12)
    at finish (node:internal/child_process:933:14)
    at processTicksAndRejections (node:internal/process/task_queues:85:11)

Error: IPC channel is already disconnected
    at ChildProcess.target.disconnect (node:internal/child_process:903:26)
    at QueryProcessWrapper.destroy (C:\Users\PcMai\OneDrive\Desktop\Showdown Twitch Cup\Showdown Server\lib\process-manager.ts:205:16)
    at QueryProcessWrapper.release (C:\Users\PcMai\OneDrive\Desktop\Showdown Twitch Cup\Showdown Server\lib\process-manager.ts:191:9)
    at QueryProcessManager.releaseCrashed (C:\Users\PcMai\OneDrive\Desktop\Showdown Twitch Cup\Showdown Server\lib\process-manager.ts:455:16)
    at ChildProcess.<anonymous> (C:\Users\PcMai\OneDrive\Desktop\Showdown Twitch Cup\Showdown Server\lib\process-manager.ts:512:47)
    at ChildProcess.emit (node:events:518:28)
    at ChildProcess.emit (node:domain:489:12)
    at finish (node:internal/child_process:933:14)
    at processTicksAndRejections (node:internal/process/task_queues:85:11)

Error: IPC channel is already disconnected
    at ChildProcess.target.disconnect (node:internal/child_process:903:26)
    at QueryProcessWrapper.destroy (C:\Users\PcMai\OneDrive\Desktop\Showdown Twitch Cup\Showdown Server\lib\process-manager.ts:205:16)
    at QueryProcessWrapper.release (C:\Users\PcMai\OneDrive\Desktop\Showdown Twitch Cup\Showdown Server\lib\process-manager.ts:191:9)
    at QueryProcessManager.releaseCrashed (C:\Users\PcMai\OneDrive\Desktop\Showdown Twitch Cup\Showdown Server\lib\process-manager.ts:455:16)
    at ChildProcess.<anonymous> (C:\Users\PcMai\OneDrive\Desktop\Showdown Twitch Cup\Showdown Server\lib\process-manager.ts:512:47)
    at ChildProcess.emit (node:events:518:28)
    at ChildProcess.emit (node:domain:489:12)
    at finish (node:internal/child_process:933:14)
    at processTicksAndRejections (node:internal/process/task_queues:85:11)

Error: IPC channel is already disconnected
    at ChildProcess.target.disconnect (node:internal/child_process:903:26)
    at StreamProcessWrapper.destroy (C:\Users\PcMai\OneDrive\Desktop\Showdown Twitch Cup\Showdown Server\lib\process-manager.ts:321:16)
    at StreamProcessWrapper.release (C:\Users\PcMai\OneDrive\Desktop\Showdown Twitch Cup\Showdown Server\lib\process-manager.ts:307:14)
    at StreamProcessManager.releaseCrashed (C:\Users\PcMai\OneDrive\Desktop\Showdown Twitch Cup\Showdown Server\lib\process-manager.ts:455:16)
    at ChildProcess.<anonymous> (C:\Users\PcMai\OneDrive\Desktop\Showdown Twitch Cup\Showdown Server\lib\process-manager.ts:512:47)
    at ChildProcess.emit (node:events:518:28)
    at ChildProcess.emit (node:domain:489:12)
    at finish (node:internal/child_process:933:14)
    at processTicksAndRejections (node:internal/process/task_queues:85:11)

Error: IPC channel is already disconnected
    at ChildProcess.target.disconnect (node:internal/child_process:903:26)
    at QueryProcessWrapper.destroy (C:\Users\PcMai\OneDrive\Desktop\Showdown Twitch Cup\Showdown Server\lib\process-manager.ts:205:16)
    at QueryProcessWrapper.release (C:\Users\PcMai\OneDrive\Desktop\Showdown Twitch Cup\Showdown Server\lib\process-manager.ts:191:9)
    at SQLDatabaseManager.releaseCrashed (C:\Users\PcMai\OneDrive\Desktop\Showdown Twitch Cup\Showdown Server\lib\process-manager.ts:455:16)
    at ChildProcess.<anonymous> (C:\Users\PcMai\OneDrive\Desktop\Showdown Twitch Cup\Showdown Server\lib\process-manager.ts:512:47)
    at ChildProcess.emit (node:events:518:28)
    at ChildProcess.emit (node:domain:489:12)
    at finish (node:internal/child_process:933:14)
    at processTicksAndRejections (node:internal/process/task_queues:85:11)

Error: IPC channel is already disconnected
    at ChildProcess.target.disconnect (node:internal/child_process:903:26)
    at QueryProcessWrapper.destroy (C:\Users\PcMai\OneDrive\Desktop\Showdown Twitch Cup\Showdown Server\lib\process-manager.ts:205:16)
    at QueryProcessWrapper.release (C:\Users\PcMai\OneDrive\Desktop\Showdown Twitch Cup\Showdown Server\lib\process-manager.ts:191:9)
    at QueryProcessManager.releaseCrashed (C:\Users\PcMai\OneDrive\Desktop\Showdown Twitch Cup\Showdown Server\lib\process-manager.ts:455:16)
    at ChildProcess.<anonymous> (C:\Users\PcMai\OneDrive\Desktop\Showdown Twitch Cup\Showdown Server\lib\process-manager.ts:512:47)
    at ChildProcess.emit (node:events:518:28)
    at ChildProcess.emit (node:domain:489:12)
    at finish (node:internal/child_process:933:14)
    at processTicksAndRejections (node:internal/process/task_queues:85:11)

Error: IPC channel is already disconnected
    at ChildProcess.target.disconnect (node:internal/child_process:903:26)
    at StreamProcessWrapper.destroy (C:\Users\PcMai\OneDrive\Desktop\Showdown Twitch Cup\Showdown Server\lib\process-manager.ts:321:16)
    at StreamProcessWrapper.release (C:\Users\PcMai\OneDrive\Desktop\Showdown Twitch Cup\Showdown Server\lib\process-manager.ts:307:14)
    at StreamProcessManager.releaseCrashed (C:\Users\PcMai\OneDrive\Desktop\Showdown Twitch Cup\Showdown Server\lib\process-manager.ts:455:16)
    at ChildProcess.<anonymous> (C:\Users\PcMai\OneDrive\Desktop\Showdown Twitch Cup\Showdown Server\lib\process-manager.ts:512:47)
    at ChildProcess.emit (node:events:518:28)
    at ChildProcess.emit (node:domain:489:12)
    at finish (node:internal/child_process:933:14)
    at processTicksAndRejections (node:internal/process/task_queues:85:11)

Error: Process sockets.js 5700 crashed and had to be restarted
    at RawProcessManager.releaseCrashed (C:\Users\PcMai\OneDrive\Desktop\Showdown Twitch Cup\Showdown Server\lib\process-manager.ts:471:4)
    at Worker.<anonymous> (C:\Users\PcMai\OneDrive\Desktop\Showdown Twitch Cup\Showdown Server\lib\process-manager.ts:512:47)
    at Worker.emit (node:events:518:28)
    at Worker.emit (node:domain:489:12)
    at ChildProcess.<anonymous> (node:internal/cluster/primary:209:12)
    at Object.onceWrapper (node:events:632:28)
    at ChildProcess.emit (node:events:518:28)
    at ChildProcess.emit (node:domain:489:12)
    at finish (node:internal/child_process:933:14)
    at processTicksAndRejections (node:internal/process/task_queues:85:11)
